ARM Linker, RVCT4.0 [Build 524] for uVision [Standard]

==============================================================================

Section Cross References

    main.o(.text) refers to usbhw.o(.text) for USB_Connect
    main.o(.text) refers to serial.o(.text) for init_serial
    main.o(.text) refers to timer.o(.text) for timer_init
    main.o(.text) refers to io.o(.text) for io_init
    main.o(.text) refers to adc.o(.text) for adc_init
    main.o(.text) refers to com.o(.text) for com_init
    main.o(.text) refers to printf1.o(i.__0printf$1) for __2printf
    io.o(.text) refers to timer.o(.text) for compressorTimer_elapsed
    io.o(.text) refers to io.o(.data) for .data
    retarget.o(.text) refers to serial.o(.text) for sendchar
    timer.o(.text) refers to timer.o(.bss) for .bss
    com.o(.text) refers to memcpya.o(.text) for __aeabi_memcpy
    com.o(.text) refers to can.o(.text) for CAN_setup
    com.o(.text) refers to cdcuser.o(.text) for CDC_Init
    com.o(.text) refers to usbhw.o(.text) for USB_Init
    com.o(.text) refers to timer.o(.text) for closedLoopTimer_start
    com.o(.text) refers to printf1.o(i.__0printf$1) for __2printf
    com.o(.text) refers to com.o(i.__ARM_common_switch8) for __ARM_common_switch8
    com.o(.text) refers to main.o(.text) for resetDevice
    com.o(.text) refers to vema.o(.text) for vema_setPressures
    com.o(.text) refers to io.o(.text) for io_dout_set_off
    com.o(.text) refers to adc.o(.text) for adc_channel_value
    com.o(.text) refers to com.o(.constdata) for .constdata
    com.o(.text) refers to com.o(.data) for .data
    com.o(.text) refers to can.o(.bss) for CAN_TxMsg
    com.o(.text) refers to com.o(.bss) for .bss
    vema.o(.text) refers to timer.o(.text) for timeoutTimer_start
    vema.o(.text) refers to can.o(.text) for CAN_wrMsg
    vema.o(.text) refers to memcmp.o(.text) for memcmp
    vema.o(.text) refers to can.o(.data) for CAN_RxRdy
    vema.o(.text) refers to can.o(.bss) for CAN_TxMsg
    vema.o(.text) refers to can.o(.bss) for CAN_RxMsg
    vema.o(.text) refers to vema.o(.constdata) for .constdata
    usbuser.o(.text) refers to usbcore.o(.text) for USB_ResetCore
    usbuser.o(.text) refers to cdcuser.o(.text) for CDC_StartOfFrame
    usbuser.o(.text) refers to usbuser.o(.data) for .data
    usbuser.o(.constdata) refers to usbcore.o(.text) for USB_EndPoint0
    usbuser.o(.constdata) refers to usbuser.o(.text) for USB_EndPoint1
    cdcuser.o(.text) refers to uwrite4.o(.text) for __aeabi_uwrite4
    cdcuser.o(.text) refers to uread4.o(.text) for __aeabi_uread4
    cdcuser.o(.text) refers to usbhw.o(.text) for USB_ReadEP
    cdcuser.o(.text) refers to cdcuser.o(.bss) for .bss
    cdcuser.o(.text) refers to cdcuser.o(.data) for .data
    cdcuser.o(.text) refers to usbcore.o(.bss) for EP0Buf
    usbcore.o(.text) refers to usbhw.o(.text) for USB_ReadEP
    usbcore.o(.text) refers to com.o(i.__ARM_common_switch8) for __ARM_common_switch8
    usbcore.o(.text) refers to cdcuser.o(.text) for CDC_GetCommFeature
    usbcore.o(.text) refers to usbcore.o(i.USB_ReqGetStatus) for USB_ReqGetStatus
    usbcore.o(.text) refers to usbcore.o(i.USB_ReqSetClrFeature) for USB_ReqSetClrFeature
    usbcore.o(.text) refers to usbcore.o(i.USB_ReqGetDescriptor) for USB_ReqGetDescriptor
    usbcore.o(.text) refers to usbcore.o(i.USB_ReqSetConfiguration) for USB_ReqSetConfiguration
    usbcore.o(.text) refers to usbuser.o(.text) for USB_Configure_Event
    usbcore.o(.text) refers to usbcore.o(i.USB_ReqSetInterface) for USB_ReqSetInterface
    usbcore.o(.text) refers to usbcore.o(.data) for .data
    usbcore.o(.text) refers to usbcore.o(.bss) for .bss
    usbhw.o(.text) refers to uwrite4.o(.text) for __aeabi_uwrite4
    usbhw.o(.text) refers to uread4.o(.text) for __aeabi_uread4
    usbhw.o(.text) refers to usbhw.o(.text) for USB_ISR
    usbhw.o(.text) refers to usbcore.o(.data) for USB_DeviceStatus
    usbhw.o(.text) refers to usbhw.o(.text) for WrCmd
    usbhw.o(.text) refers to usbuser.o(.text) for USB_Reset_Event
    usbhw.o(.text) refers to usbuser.o(.constdata) for USB_P_EP
    swi.o(SWI_Area) refers to usbhw.o(.text) for __SWI_8
    lpc2300.o(RESET) refers to swi.o(SWI_Area) for SWI_Handler
    lpc2300.o(RESET) refers to lpc2300.o(STACK) for Stack_Top
    lpc2300.o(RESET) refers to entry.o(.ARM.Collect$$$$00000000) for __main
    can.o(.text) refers to can.o(.text) for CAN_ISR
    can.o(.text) refers to can.o(.constdata) for .constdata
    can.o(.text) refers to can.o(.data) for .data
    can.o(.text) refers to can.o(.text) for CAN_rdMsg
    can.o(.text) refers to can.o(.data) for .data
    can.o(.text) refers to can.o(.bss) for .bss
    adc.o(.text) refers to adc.o(.bss) for .bss
    adc.o(.text) refers to memseta.o(.text) for __aeabi_memclr
    adc.o(.text) refers to adc.o(.bss) for .bss
    adc.o(.text) refers to adc.o(.text) for ADC_IRQ_handler
    entry.o(.ARM.Collect$$$$00000000) refers (Special) to entry7.o(.ARM.Collect$$$$00000007) for _main_init
    entry.o(.ARM.Collect$$$$00000000) refers (Special) to entry5.o(.ARM.Collect$$$$00000004) for _main_scatterload
    entry.o(.ARM.Collect$$$$00000000) refers (Special) to entry2.o(.ARM.Collect$$$$00000001) for _main_stk
    printfb.o(i.__0fprintf$bare) refers to printfb.o(i._printf_core) for _printf_core
    printfb.o(i.__0fprintf$bare) refers to retarget.o(.text) for fputc
    printfb.o(i.__0printf$bare) refers to printfb.o(i._printf_core) for _printf_core
    printfb.o(i.__0printf$bare) refers to retarget.o(.text) for fputc
    printfb.o(i.__0printf$bare) refers to retarget.o(.data) for __stdout
    printfb.o(i.__0snprintf$bare) refers to printfb.o(i._printf_core) for _printf_core
    printfb.o(i.__0snprintf$bare) refers to printfb.o(i._snputc) for _snputc
    printfb.o(i.__0sprintf$bare) refers to printfb.o(i._printf_core) for _printf_core
    printfb.o(i.__0sprintf$bare) refers to printfb.o(i._sputc) for _sputc
    printfb.o(i.__0vfprintf$bare) refers to printfb.o(i._printf_core) for _printf_core
    printfb.o(i.__0vfprintf$bare) refers to retarget.o(.text) for fputc
    printfb.o(i.__0vprintf$bare) refers to printfb.o(i._printf_core) for _printf_core
    printfb.o(i.__0vprintf$bare) refers to retarget.o(.text) for fputc
    printfb.o(i.__0vprintf$bare) refers to retarget.o(.data) for __stdout
    printfb.o(i.__0vsnprintf$bare) refers to printfb.o(i._printf_core) for _printf_core
    printfb.o(i.__0vsnprintf$bare) refers to printfb.o(i._snputc) for _snputc
    printfb.o(i.__0vsprintf$bare) refers to printfb.o(i._printf_core) for _printf_core
    printfb.o(i.__0vsprintf$bare) refers to printfb.o(i._sputc) for _sputc
    printfb.o(i._printf_core) refers to printfb.o(i.__ARM_common_call_via_r6) for __ARM_common_call_via_r6
    printf0.o(i.__0fprintf$0) refers to printf0.o(i._printf_core) for _printf_core
    printf0.o(i.__0fprintf$0) refers to retarget.o(.text) for fputc
    printf0.o(i.__0printf$0) refers to printf0.o(i._printf_core) for _printf_core
    printf0.o(i.__0printf$0) refers to retarget.o(.text) for fputc
    printf0.o(i.__0printf$0) refers to retarget.o(.data) for __stdout
    printf0.o(i.__0snprintf$0) refers to printf0.o(i._printf_core) for _printf_core
    printf0.o(i.__0snprintf$0) refers to printf0.o(i._snputc) for _snputc
    printf0.o(i.__0sprintf$0) refers to printf0.o(i._printf_core) for _printf_core
    printf0.o(i.__0sprintf$0) refers to printf0.o(i._sputc) for _sputc
    printf0.o(i.__0vfprintf$0) refers to printf0.o(i._printf_core) for _printf_core
    printf0.o(i.__0vfprintf$0) refers to retarget.o(.text) for fputc
    printf0.o(i.__0vprintf$0) refers to printf0.o(i._printf_core) for _printf_core
    printf0.o(i.__0vprintf$0) refers to retarget.o(.text) for fputc
    printf0.o(i.__0vprintf$0) refers to retarget.o(.data) for __stdout
    printf0.o(i.__0vsnprintf$0) refers to printf0.o(i._printf_core) for _printf_core
    printf0.o(i.__0vsnprintf$0) refers to printf0.o(i._snputc) for _snputc
    printf0.o(i.__0vsprintf$0) refers to printf0.o(i._printf_core) for _printf_core
    printf0.o(i.__0vsprintf$0) refers to printf0.o(i._sputc) for _sputc
    printf0.o(i._printf_core) refers to printfb.o(i.__ARM_common_call_via_r6) for __ARM_common_call_via_r6
    printf1.o(i.__0fprintf$1) refers to printf1.o(i._printf_core) for _printf_core
    printf1.o(i.__0fprintf$1) refers to retarget.o(.text) for fputc
    printf1.o(i.__0printf$1) refers to printf1.o(i._printf_core) for _printf_core
    printf1.o(i.__0printf$1) refers to retarget.o(.data) for __stdout
    printf1.o(i.__0printf$1) refers to retarget.o(.text) for fputc
    printf1.o(i.__0snprintf$1) refers to printf1.o(i._printf_core) for _printf_core
    printf1.o(i.__0snprintf$1) refers to printf1.o(i._snputc) for _snputc
    printf1.o(i.__0sprintf$1) refers to printf1.o(i._printf_core) for _printf_core
    printf1.o(i.__0sprintf$1) refers to printf1.o(i._sputc) for _sputc
    printf1.o(i.__0vfprintf$1) refers to printf1.o(i._printf_core) for _printf_core
    printf1.o(i.__0vfprintf$1) refers to retarget.o(.text) for fputc
    printf1.o(i.__0vprintf$1) refers to printf1.o(i._printf_core) for _printf_core
    printf1.o(i.__0vprintf$1) refers to retarget.o(.data) for __stdout
    printf1.o(i.__0vprintf$1) refers to retarget.o(.text) for fputc
    printf1.o(i.__0vsnprintf$1) refers to printf1.o(i._printf_core) for _printf_core
    printf1.o(i.__0vsnprintf$1) refers to printf1.o(i._snputc) for _snputc
    printf1.o(i.__0vsprintf$1) refers to printf1.o(i._printf_core) for _printf_core
    printf1.o(i.__0vsprintf$1) refers to printf1.o(i._sputc) for _sputc
    printf1.o(i._printf_core) refers to uidiv.o(.text) for __aeabi_uidivmod
    printf1.o(i._printf_core) refers to printf1.o(i.__ARM_common_call_via_r2) for __ARM_common_call_via_r2
    printf2.o(i.__0fprintf$2) refers to printf2.o(i._printf_core) for _printf_core
    printf2.o(i.__0fprintf$2) refers to retarget.o(.text) for fputc
    printf2.o(i.__0printf$2) refers to printf2.o(i._printf_core) for _printf_core
    printf2.o(i.__0printf$2) refers to retarget.o(.data) for __stdout
    printf2.o(i.__0printf$2) refers to retarget.o(.text) for fputc
    printf2.o(i.__0snprintf$2) refers to printf2.o(i._printf_core) for _printf_core
    printf2.o(i.__0snprintf$2) refers to printf2.o(i._snputc) for _snputc
    printf2.o(i.__0sprintf$2) refers to printf2.o(i._printf_core) for _printf_core
    printf2.o(i.__0sprintf$2) refers to printf2.o(i._sputc) for _sputc
    printf2.o(i.__0vfprintf$2) refers to printf2.o(i._printf_core) for _printf_core
    printf2.o(i.__0vfprintf$2) refers to retarget.o(.text) for fputc
    printf2.o(i.__0vprintf$2) refers to printf2.o(i._printf_core) for _printf_core
    printf2.o(i.__0vprintf$2) refers to retarget.o(.data) for __stdout
    printf2.o(i.__0vprintf$2) refers to retarget.o(.text) for fputc
    printf2.o(i.__0vsnprintf$2) refers to printf2.o(i._printf_core) for _printf_core
    printf2.o(i.__0vsnprintf$2) refers to printf2.o(i._snputc) for _snputc
    printf2.o(i.__0vsprintf$2) refers to printf2.o(i._printf_core) for _printf_core
    printf2.o(i.__0vsprintf$2) refers to printf2.o(i._sputc) for _sputc
    printf2.o(i._printf_core) refers to printf1.o(i.__ARM_common_call_via_r2) for __ARM_common_call_via_r2
    printf3.o(i.__0fprintf$3) refers to printf3.o(i._printf_core) for _printf_core
    printf3.o(i.__0fprintf$3) refers to retarget.o(.text) for fputc
    printf3.o(i.__0printf$3) refers to printf3.o(i._printf_core) for _printf_core
    printf3.o(i.__0printf$3) refers to retarget.o(.data) for __stdout
    printf3.o(i.__0printf$3) refers to retarget.o(.text) for fputc
    printf3.o(i.__0snprintf$3) refers to printf3.o(i._printf_core) for _printf_core
    printf3.o(i.__0snprintf$3) refers to printf3.o(i._snputc) for _snputc
    printf3.o(i.__0sprintf$3) refers to printf3.o(i._printf_core) for _printf_core
    printf3.o(i.__0sprintf$3) refers to printf3.o(i._sputc) for _sputc
    printf3.o(i.__0vfprintf$3) refers to printf3.o(i._printf_core) for _printf_core
    printf3.o(i.__0vfprintf$3) refers to retarget.o(.text) for fputc
    printf3.o(i.__0vprintf$3) refers to printf3.o(i._printf_core) for _printf_core
    printf3.o(i.__0vprintf$3) refers to retarget.o(.data) for __stdout
    printf3.o(i.__0vprintf$3) refers to retarget.o(.text) for fputc
    printf3.o(i.__0vsnprintf$3) refers to printf3.o(i._printf_core) for _printf_core
    printf3.o(i.__0vsnprintf$3) refers to printf3.o(i._snputc) for _snputc
    printf3.o(i.__0vsprintf$3) refers to printf3.o(i._printf_core) for _printf_core
    printf3.o(i.__0vsprintf$3) refers to printf3.o(i._sputc) for _sputc
    printf3.o(i._printf_core) refers to printf1.o(i.__ARM_common_call_via_r2) for __ARM_common_call_via_r2
    printf3.o(i._printf_core) refers to uidiv.o(.text) for __aeabi_uidivmod
    printf4.o(i.__0fprintf$4) refers to printf4.o(i._printf_core) for _printf_core
    printf4.o(i.__0fprintf$4) refers to retarget.o(.text) for fputc
    printf4.o(i.__0printf$4) refers to printf4.o(i._printf_core) for _printf_core
    printf4.o(i.__0printf$4) refers to retarget.o(.data) for __stdout
    printf4.o(i.__0printf$4) refers to retarget.o(.text) for fputc
    printf4.o(i.__0snprintf$4) refers to printf4.o(i._printf_core) for _printf_core
    printf4.o(i.__0snprintf$4) refers to printf4.o(i._snputc) for _snputc
    printf4.o(i.__0sprintf$4) refers to printf4.o(i._printf_core) for _printf_core
    printf4.o(i.__0sprintf$4) refers to printf4.o(i._sputc) for _sputc
    printf4.o(i.__0vfprintf$4) refers to printf4.o(i._printf_core) for _printf_core
    printf4.o(i.__0vfprintf$4) refers to retarget.o(.text) for fputc
    printf4.o(i.__0vprintf$4) refers to printf4.o(i._printf_core) for _printf_core
    printf4.o(i.__0vprintf$4) refers to retarget.o(.data) for __stdout
    printf4.o(i.__0vprintf$4) refers to retarget.o(.text) for fputc
    printf4.o(i.__0vsnprintf$4) refers to printf4.o(i._printf_core) for _printf_core
    printf4.o(i.__0vsnprintf$4) refers to printf4.o(i._snputc) for _snputc
    printf4.o(i.__0vsprintf$4) refers to printf4.o(i._printf_core) for _printf_core
    printf4.o(i.__0vsprintf$4) refers to printf4.o(i._sputc) for _sputc
    printf4.o(i._printf_core) refers to printf1.o(i.__ARM_common_call_via_r2) for __ARM_common_call_via_r2
    printf4.o(i._printf_core) refers to uldiv.o(.text) for __aeabi_uldivmod
    printf5.o(i.__0fprintf$5) refers to printf5.o(i._printf_core) for _printf_core
    printf5.o(i.__0fprintf$5) refers to retarget.o(.text) for fputc
    printf5.o(i.__0printf$5) refers to printf5.o(i._printf_core) for _printf_core
    printf5.o(i.__0printf$5) refers to retarget.o(.data) for __stdout
    printf5.o(i.__0printf$5) refers to retarget.o(.text) for fputc
    printf5.o(i.__0snprintf$5) refers to printf5.o(i._printf_core) for _printf_core
    printf5.o(i.__0snprintf$5) refers to printf5.o(i._snputc) for _snputc
    printf5.o(i.__0sprintf$5) refers to printf5.o(i._printf_core) for _printf_core
    printf5.o(i.__0sprintf$5) refers to printf5.o(i._sputc) for _sputc
    printf5.o(i.__0vfprintf$5) refers to printf5.o(i._printf_core) for _printf_core
    printf5.o(i.__0vfprintf$5) refers to retarget.o(.text) for fputc
    printf5.o(i.__0vprintf$5) refers to printf5.o(i._printf_core) for _printf_core
    printf5.o(i.__0vprintf$5) refers to retarget.o(.data) for __stdout
    printf5.o(i.__0vprintf$5) refers to retarget.o(.text) for fputc
    printf5.o(i.__0vsnprintf$5) refers to printf5.o(i._printf_core) for _printf_core
    printf5.o(i.__0vsnprintf$5) refers to printf5.o(i._snputc) for _snputc
    printf5.o(i.__0vsprintf$5) refers to printf5.o(i._printf_core) for _printf_core
    printf5.o(i.__0vsprintf$5) refers to printf5.o(i._sputc) for _sputc
    printf5.o(i._printf_core) refers to printf1.o(i.__ARM_common_call_via_r2) for __ARM_common_call_via_r2
    printf5.o(i._printf_core) refers to uldiv.o(.text) for __aeabi_uldivmod
    printf6.o(i.__0fprintf$6) refers to printf6.o(i._printf_core) for _printf_core
    printf6.o(i.__0fprintf$6) refers to retarget.o(.text) for fputc
    printf6.o(i.__0printf$6) refers to printf6.o(i._printf_core) for _printf_core
    printf6.o(i.__0printf$6) refers to retarget.o(.data) for __stdout
    printf6.o(i.__0printf$6) refers to retarget.o(.text) for fputc
    printf6.o(i.__0snprintf$6) refers to printf6.o(i._printf_core) for _printf_core
    printf6.o(i.__0snprintf$6) refers to printf6.o(i._snputc) for _snputc
    printf6.o(i.__0sprintf$6) refers to printf6.o(i._printf_core) for _printf_core
    printf6.o(i.__0sprintf$6) refers to printf6.o(i._sputc) for _sputc
    printf6.o(i.__0vfprintf$6) refers to printf6.o(i._printf_core) for _printf_core
    printf6.o(i.__0vfprintf$6) refers to retarget.o(.text) for fputc
    printf6.o(i.__0vprintf$6) refers to printf6.o(i._printf_core) for _printf_core
    printf6.o(i.__0vprintf$6) refers to retarget.o(.data) for __stdout
    printf6.o(i.__0vprintf$6) refers to retarget.o(.text) for fputc
    printf6.o(i.__0vsnprintf$6) refers to printf6.o(i._printf_core) for _printf_core
    printf6.o(i.__0vsnprintf$6) refers to printf6.o(i._snputc) for _snputc
    printf6.o(i.__0vsprintf$6) refers to printf6.o(i._printf_core) for _printf_core
    printf6.o(i.__0vsprintf$6) refers to printf6.o(i._sputc) for _sputc
    printf6.o(i._printf_core) refers to printf6.o(i._printf_pre_padding) for _printf_pre_padding
    printf6.o(i._printf_core) refers to printf1.o(i.__ARM_common_call_via_r2) for __ARM_common_call_via_r2
    printf6.o(i._printf_core) refers to printf6.o(i._printf_post_padding) for _printf_post_padding
    printf6.o(i._printf_core) refers to uidiv.o(.text) for __aeabi_uidivmod
    printf6.o(i._printf_post_padding) refers to printfb.o(i.__ARM_common_call_via_r6) for __ARM_common_call_via_r6
    printf6.o(i._printf_pre_padding) refers to printfb.o(i.__ARM_common_call_via_r6) for __ARM_common_call_via_r6
    printf7.o(i.__0fprintf$7) refers to printf7.o(i._printf_core) for _printf_core
    printf7.o(i.__0fprintf$7) refers to retarget.o(.text) for fputc
    printf7.o(i.__0printf$7) refers to printf7.o(i._printf_core) for _printf_core
    printf7.o(i.__0printf$7) refers to retarget.o(.data) for __stdout
    printf7.o(i.__0printf$7) refers to retarget.o(.text) for fputc
    printf7.o(i.__0snprintf$7) refers to printf7.o(i._printf_core) for _printf_core
    printf7.o(i.__0snprintf$7) refers to printf7.o(i._snputc) for _snputc
    printf7.o(i.__0sprintf$7) refers to printf7.o(i._printf_core) for _printf_core
    printf7.o(i.__0sprintf$7) refers to printf7.o(i._sputc) for _sputc
    printf7.o(i.__0vfprintf$7) refers to printf7.o(i._printf_core) for _printf_core
    printf7.o(i.__0vfprintf$7) refers to retarget.o(.text) for fputc
    printf7.o(i.__0vprintf$7) refers to printf7.o(i._printf_core) for _printf_core
    printf7.o(i.__0vprintf$7) refers to retarget.o(.data) for __stdout
    printf7.o(i.__0vprintf$7) refers to retarget.o(.text) for fputc
    printf7.o(i.__0vsnprintf$7) refers to printf7.o(i._printf_core) for _printf_core
    printf7.o(i.__0vsnprintf$7) refers to printf7.o(i._snputc) for _snputc
    printf7.o(i.__0vsprintf$7) refers to printf7.o(i._printf_core) for _printf_core
    printf7.o(i.__0vsprintf$7) refers to printf7.o(i._sputc) for _sputc
    printf7.o(i._printf_core) refers to printf7.o(i._printf_pre_padding) for _printf_pre_padding
    printf7.o(i._printf_core) refers to printf1.o(i.__ARM_common_call_via_r2) for __ARM_common_call_via_r2
    printf7.o(i._printf_core) refers to printf7.o(i._printf_post_padding) for _printf_post_padding
    printf7.o(i._printf_core) refers to uldiv.o(.text) for __aeabi_uldivmod
    printf7.o(i._printf_post_padding) refers to printfb.o(i.__ARM_common_call_via_r6) for __ARM_common_call_via_r6
    printf7.o(i._printf_pre_padding) refers to printfb.o(i.__ARM_common_call_via_r6) for __ARM_common_call_via_r6
    printf8.o(i.__0fprintf$8) refers to printf8.o(i._printf_core) for _printf_core
    printf8.o(i.__0fprintf$8) refers to retarget.o(.text) for fputc
    printf8.o(i.__0printf$8) refers to printf8.o(i._printf_core) for _printf_core
    printf8.o(i.__0printf$8) refers to retarget.o(.data) for __stdout
    printf8.o(i.__0printf$8) refers to retarget.o(.text) for fputc
    printf8.o(i.__0snprintf$8) refers to printf8.o(i._printf_core) for _printf_core
    printf8.o(i.__0snprintf$8) refers to printf8.o(i._snputc) for _snputc
    printf8.o(i.__0sprintf$8) refers to printf8.o(i._printf_core) for _printf_core
    printf8.o(i.__0sprintf$8) refers to printf8.o(i._sputc) for _sputc
    printf8.o(i.__0vfprintf$8) refers to printf8.o(i._printf_core) for _printf_core
    printf8.o(i.__0vfprintf$8) refers to retarget.o(.text) for fputc
    printf8.o(i.__0vprintf$8) refers to printf8.o(i._printf_core) for _printf_core
    printf8.o(i.__0vprintf$8) refers to retarget.o(.data) for __stdout
    printf8.o(i.__0vprintf$8) refers to retarget.o(.text) for fputc
    printf8.o(i.__0vsnprintf$8) refers to printf8.o(i._printf_core) for _printf_core
    printf8.o(i.__0vsnprintf$8) refers to printf8.o(i._snputc) for _snputc
    printf8.o(i.__0vsprintf$8) refers to printf8.o(i._printf_core) for _printf_core
    printf8.o(i.__0vsprintf$8) refers to printf8.o(i._sputc) for _sputc
    printf8.o(i._printf_core) refers to printf8.o(i._printf_pre_padding) for _printf_pre_padding
    printf8.o(i._printf_core) refers to printf1.o(i.__ARM_common_call_via_r2) for __ARM_common_call_via_r2
    printf8.o(i._printf_core) refers to printf8.o(i._printf_post_padding) for _printf_post_padding
    printf8.o(i._printf_core) refers to uldiv.o(.text) for __aeabi_uldivmod
    printf8.o(i._printf_post_padding) refers to printfb.o(i.__ARM_common_call_via_r6) for __ARM_common_call_via_r6
    printf8.o(i._printf_pre_padding) refers to printfb.o(i.__ARM_common_call_via_r6) for __ARM_common_call_via_r6
    printfa.o(i.__0fprintf) refers (Special) to iusefp.o(.text) for __I$use$fp
    printfa.o(i.__0fprintf) refers to printfa.o(i._printf_core) for _printf_core
    printfa.o(i.__0fprintf) refers to retarget.o(.text) for fputc
    printfa.o(i.__0printf) refers (Special) to iusefp.o(.text) for __I$use$fp
    printfa.o(i.__0printf) refers to printfa.o(i._printf_core) for _printf_core
    printfa.o(i.__0printf) refers to retarget.o(.data) for __stdout
    printfa.o(i.__0printf) refers to retarget.o(.text) for fputc
    printfa.o(i.__0snprintf) refers (Special) to iusefp.o(.text) for __I$use$fp
    printfa.o(i.__0snprintf) refers to printfa.o(i._printf_core) for _printf_core
    printfa.o(i.__0snprintf) refers to printfa.o(i._snputc) for _snputc
    printfa.o(i.__0sprintf) refers (Special) to iusefp.o(.text) for __I$use$fp
    printfa.o(i.__0sprintf) refers to printfa.o(i._printf_core) for _printf_core
    printfa.o(i.__0sprintf) refers to printfa.o(i._sputc) for _sputc
    printfa.o(i.__0vfprintf) refers (Special) to iusefp.o(.text) for __I$use$fp
    printfa.o(i.__0vfprintf) refers to printfa.o(i._printf_core) for _printf_core
    printfa.o(i.__0vfprintf) refers to retarget.o(.text) for fputc
    printfa.o(i.__0vprintf) refers (Special) to iusefp.o(.text) for __I$use$fp
    printfa.o(i.__0vprintf) refers to printfa.o(i._printf_core) for _printf_core
    printfa.o(i.__0vprintf) refers to retarget.o(.data) for __stdout
    printfa.o(i.__0vprintf) refers to retarget.o(.text) for fputc
    printfa.o(i.__0vsnprintf) refers (Special) to iusefp.o(.text) for __I$use$fp
    printfa.o(i.__0vsnprintf) refers to printfa.o(i._printf_core) for _printf_core
    printfa.o(i.__0vsnprintf) refers to printfa.o(i._snputc) for _snputc
    printfa.o(i.__0vsprintf) refers (Special) to iusefp.o(.text) for __I$use$fp
    printfa.o(i.__0vsprintf) refers to printfa.o(i._printf_core) for _printf_core
    printfa.o(i.__0vsprintf) refers to printfa.o(i._sputc) for _sputc
    printfa.o(i._fp_digits) refers (Special) to iusefp.o(.text) for __I$use$fp
    printfa.o(i._fp_digits) refers to dmul.o(.text) for __aeabi_dmul
    printfa.o(i._fp_digits) refers to ddiv.o(.text) for __aeabi_ddiv
    printfa.o(i._fp_digits) refers to cdrcmple.o(.text) for __aeabi_cdrcmple
    printfa.o(i._fp_digits) refers to dadd.o(.text) for __aeabi_dadd
    printfa.o(i._fp_digits) refers to dfixul.o(.text) for __aeabi_d2ulz
    printfa.o(i._fp_digits) refers to uldiv.o(.text) for __aeabi_uldivmod
    printfa.o(i._printf_core) refers (Special) to iusefp.o(.text) for __I$use$fp
    printfa.o(i._printf_core) refers to printfa.o(i._printf_pre_padding) for _printf_pre_padding
    printfa.o(i._printf_core) refers to printf1.o(i.__ARM_common_call_via_r2) for __ARM_common_call_via_r2
    printfa.o(i._printf_core) refers to printfa.o(i._printf_post_padding) for _printf_post_padding
    printfa.o(i._printf_core) refers to uldiv.o(.text) for __aeabi_uldivmod
    printfa.o(i._printf_core) refers to printfa.o(i._fp_digits) for _fp_digits
    printfa.o(i._printf_core) refers to uidiv.o(.text) for __aeabi_uidivmod
    printfa.o(i._printf_post_padding) refers (Special) to iusefp.o(.text) for __I$use$fp
    printfa.o(i._printf_post_padding) refers to printfb.o(i.__ARM_common_call_via_r6) for __ARM_common_call_via_r6
    printfa.o(i._printf_pre_padding) refers (Special) to iusefp.o(.text) for __I$use$fp
    printfa.o(i._printf_pre_padding) refers to printfb.o(i.__ARM_common_call_via_r6) for __ARM_common_call_via_r6
    printfa.o(i._snputc) refers (Special) to iusefp.o(.text) for __I$use$fp
    printfa.o(i._sputc) refers (Special) to iusefp.o(.text) for __I$use$fp
    entry2.o(.ARM.Collect$$$$00000001) refers to entry2.o(.ARM.Collect$$$$00002712) for __lit__00000000
    entry2.o(.ARM.Collect$$$$00002712) refers to lpc2300.o(STACK) for __initial_sp
    entry5.o(.ARM.Collect$$$$00000004) refers to init.o(.text) for __scatterload
    entry7.o(.ARM.Collect$$$$00000007) refers to main.o(.text) for main
    uldiv.o(.text) refers to llushr.o(.text) for __aeabi_llsr
    uldiv.o(.text) refers to llshl.o(.text) for __aeabi_llsl
    dadd.o(.text) refers to llushr.o(.text) for __aeabi_llsr
    dadd.o(.text) refers to llshl.o(.text) for __aeabi_llsl
    dadd.o(.text) refers to depilogue.o(.text) for _double_epilogue
    dmul.o(.text) refers to depilogue.o(.text) for _double_epilogue
    ddiv.o(.text) refers to depilogue.o(.text) for _double_epilogue
    dfixul.o(.text) refers to llushr.o(.text) for __aeabi_llsr
    dfixul.o(.text) refers to llshl.o(.text) for __aeabi_llsl
    init.o(.text) refers to init.o(i.__ARM_common_call_via_r3) for __ARM_common_call_via_r3
    init.o(.text) refers to entry5.o(.ARM.Collect$$$$00000004) for __main_after_scatterload
    usbcore.o(i.USB_ReqSetClrFeature) refers to usbhw.o(.text) for USB_SetStallEP
    usbcore.o(i.USB_ReqSetClrFeature) refers to usbcore.o(.data) for .data
    usbcore.o(i.USB_ReqSetConfiguration) refers to usbhw.o(.text) for USB_ConfigEP
    usbcore.o(i.USB_ReqSetConfiguration) refers to usbcore.o(.data) for .data
    usbcore.o(i.USB_ReqSetConfiguration) refers to usbdesc.o(.constdata) for USB_ConfigDescriptor
    usbcore.o(i.USB_ReqSetInterface) refers to usbhw.o(.text) for USB_ConfigEP
    usbcore.o(i.USB_ReqSetInterface) refers to usbcore.o(.data) for .data
    usbcore.o(i.USB_ReqSetInterface) refers to usbdesc.o(.constdata) for USB_ConfigDescriptor
    usbcore.o(i.USB_ReqGetStatus) refers to usbcore.o(.data) for .data
    usbcore.o(i.USB_ReqGetStatus) refers to usbcore.o(.bss) for .bss
    usbcore.o(i.USB_ReqGetDescriptor) refers to usbcore.o(.data) for .data
    usbcore.o(i.USB_ReqGetDescriptor) refers to usbdesc.o(.constdata) for USB_StringDescriptor
    usbcore.o(i.USB_ReqGetDescriptor) refers to usbdesc.o(.constdata) for USB_DeviceDescriptor
    usbcore.o(i.USB_ReqGetDescriptor) refers to usbdesc.o(.constdata) for USB_ConfigDescriptor


==============================================================================

Removing Unused input sections from the image.

    Removing timer.o(.bss), (20 bytes).
    Removing vema.o(.constdata), (1 bytes).
    Removing cdcuser.o(.bss), (64 bytes).
    Removing lpc2300.o(HEAP), (0 bytes).
    Removing dadd.o(.text), (454 bytes).
    Removing dmul.o(.text), (240 bytes).
    Removing ddiv.o(.text), (252 bytes).
    Removing dfixul.o(.text), (68 bytes).
    Removing cdrcmple.o(.text), (80 bytes).
    Removing depilogue.o(.text), (208 bytes).

10 unused section(s) (total 1387 bytes) removed from the image.

==============================================================================

Adding Veneers to the image

    Adding AT veneer (8 bytes, Inline) for call to 'USB_Reset_Event' from usbhw.o(.text).
    Adding AT veneer (8 bytes, Inline) for call to 'WrCmd' from usbhw.o(.text).
    Adding AT veneer (8 bytes, Inline) for call to 'CAN_rdMsg' from can.o(.text).
    Adding AT veneer (8 bytes, Inline) for call to '__scatterload' from entry5.o(.ARM.Collect$$$$00000004).
    Adding AT veneer (12 bytes, Long) for call to 'RdCmdDat' from usbhw.o(.text).
    Adding AT veneer (12 bytes, Long) for call to 'USB_Reset' from usbhw.o(.text).
    Adding AT veneer (12 bytes, Long) for call to 'USB_Suspend' from usbhw.o(.text).
    Adding AT veneer (12 bytes, Long) for call to 'USB_Resume' from usbhw.o(.text).
    Adding AT veneer (12 bytes, Long) for call to 'USB_SOF_Event' from usbhw.o(.text).
    Adding TA veneer (8 bytes, Short) for call to '__main_after_scatterload' from init.o(.text).
    Adding TA veneer (4 bytes, Inline) for call to '__ARM_common_switch8' from com.o(.text).

11 Veneer(s) (total 104 bytes) added to the image.

==============================================================================

Image Symbol Table

    Local Symbols

    Symbol Name                              Value     Ov Type        Size  Object(Section)

    ../../microlib/division.c                0x00000000   Number         0  uidiv.o ABSOLUTE
    ../../microlib/division.c                0x00000000   Number         0  uldiv.o ABSOLUTE
    ../../microlib/fpadd.c                   0x00000000   Number         0  dadd.o ABSOLUTE
    ../../microlib/fpdiv.c                   0x00000000   Number         0  ddiv.o ABSOLUTE
    ../../microlib/fpepilogue.c              0x00000000   Number         0  depilogue.o ABSOLUTE
    ../../microlib/fpfix.c                   0x00000000   Number         0  dfixul.o ABSOLUTE
    ../../microlib/fpmul.c                   0x00000000   Number         0  dmul.o ABSOLUTE
    ../../microlib/init/entry.s              0x00000000   Number         0  entry.o ABSOLUTE
    ../../microlib/init/entry.s              0x00000000   Number         0  entry7.o ABSOLUTE
    ../../microlib/init/entry.s              0x00000000   Number         0  entry5.o ABSOLUTE
    ../../microlib/init/entry.s              0x00000000   Number         0  entry2.o ABSOLUTE
    ../../microlib/longlong.c                0x00000000   Number         0  llshl.o ABSOLUTE
    ../../microlib/longlong.c                0x00000000   Number         0  llushr.o ABSOLUTE
    ../../microlib/printf/printf.c           0x00000000   Number         0  printf5.o ABSOLUTE
    ../../microlib/printf/printf.c           0x00000000   Number         0  printf4.o ABSOLUTE
    ../../microlib/printf/printf.c           0x00000000   Number         0  printf3.o ABSOLUTE
    ../../microlib/printf/printf.c           0x00000000   Number         0  printfb.o ABSOLUTE
    ../../microlib/printf/printf.c           0x00000000   Number         0  printf0.o ABSOLUTE
    ../../microlib/printf/printf.c           0x00000000   Number         0  printf1.o ABSOLUTE
    ../../microlib/printf/printf.c           0x00000000   Number         0  printf2.o ABSOLUTE
    ../../microlib/printf/printf.c           0x00000000   Number         0  printf6.o ABSOLUTE
    ../../microlib/printf/printf.c           0x00000000   Number         0  printf7.o ABSOLUTE
    ../../microlib/printf/printf.c           0x00000000   Number         0  printf8.o ABSOLUTE
    ../../microlib/printf/printf.c           0x00000000   Number         0  printfa.o ABSOLUTE
    ../../microlib/printf/stubs.s            0x00000000   Number         0  stubs.o ABSOLUTE
    ../../microlib/string/memcmp.c           0x00000000   Number         0  memcmp.o ABSOLUTE
    ../../microlib/string/memcpy.c           0x00000000   Number         0  memcpya.o ABSOLUTE
    ../../microlib/string/memcpy.c           0x00000000   Number         0  memcpyb.o ABSOLUTE
    ../../microlib/string/memset.c           0x00000000   Number         0  memseta.o ABSOLUTE
    ../../microlib/stubs.s                   0x00000000   Number         0  iusefp.o ABSOLUTE
    ../../microlib/stubs.s                   0x00000000   Number         0  useno.o ABSOLUTE
    ../../microlib/unhosted.c                0x00000000   Number         0  uwrite4.o ABSOLUTE
    ../../microlib/unhosted.c                0x00000000   Number         0  uread4.o ABSOLUTE
    cdrcmple.s                               0x00000000   Number         0  cdrcmple.o ABSOLUTE
    dc.s                                     0x00000000   Number         0  dc.o ABSOLUTE
    handlers.s                               0x00000000   Number         0  handlers.o ABSOLUTE
    init.s                                   0x00000000   Number         0  init.o ABSOLUTE
    src\CAN.c                                0x00000000   Number         0  can.o ABSOLUTE
    src\LPC2300.s                            0x00000000   Number         0  lpc2300.o ABSOLUTE
    src\Retarget.c                           0x00000000   Number         0  retarget.o ABSOLUTE
    src\SWI.s                                0x00000000   Number         0  swi.o ABSOLUTE
    src\Serial.c                             0x00000000   Number         0  serial.o ABSOLUTE
    src\adc.c                                0x00000000   Number         0  adc.o ABSOLUTE
    src\cdcuser.c                            0x00000000   Number         0  cdcuser.o ABSOLUTE
    src\com.c                                0x00000000   Number         0  com.o ABSOLUTE
    src\io.c                                 0x00000000   Number         0  io.o ABSOLUTE
    src\main.c                               0x00000000   Number         0  main.o ABSOLUTE
    src\timer.c                              0x00000000   Number         0  timer.o ABSOLUTE
    src\usbcore.c                            0x00000000   Number         0  usbcore.o ABSOLUTE
    src\usbdesc.c                            0x00000000   Number         0  usbdesc.o ABSOLUTE
    src\usbhw.c                              0x00000000   Number         0  usbhw.o ABSOLUTE
    src\usbuser.c                            0x00000000   Number         0  usbuser.o ABSOLUTE
    src\vema.c                               0x00000000   Number         0  vema.o ABSOLUTE
    RESET                                    0x00002000   Section      404  lpc2300.o(RESET)
    Undef_Handler                            0x00002040   ARM Code       4  lpc2300.o(RESET)
    PAbt_Handler                             0x00002044   ARM Code       4  lpc2300.o(RESET)
    DAbt_Handler                             0x00002048   ARM Code       4  lpc2300.o(RESET)
    IRQ_Handler                              0x0000204c   ARM Code       4  lpc2300.o(RESET)
    FIQ_Handler                              0x00002050   ARM Code       4  lpc2300.o(RESET)
    .ARM.Collect$$$$00000000                 0x00002194   Section        0  entry.o(.ARM.Collect$$$$00000000)
    .ARM.Collect$$$$00000001                 0x00002194   Section        4  entry2.o(.ARM.Collect$$$$00000001)
    .ARM.Collect$$$$00000004                 0x00002198   Section        4  entry5.o(.ARM.Collect$$$$00000004)
    .ARM.Collect$$$$00000007                 0x0000219c   Section       12  entry7.o(.ARM.Collect$$$$00000007)
    .ARM.Collect$$$$00002712                 0x000021a8   Section        4  entry2.o(.ARM.Collect$$$$00002712)
    __lit__00000000                          0x000021a8   Data           4  entry2.o(.ARM.Collect$$$$00002712)
    .text                                    0x000021ac   Section      188  main.o(.text)
    .text                                    0x00002268   Section      280  io.o(.text)
    .text                                    0x00002380   Section       76  serial.o(.text)
    .text                                    0x000023cc   Section       28  retarget.o(.text)
    .text                                    0x000023e8   Section      148  timer.o(.text)
    .text                                    0x0000247c   Section      976  com.o(.text)
    rec_robotinoxt_lpcToPC_checksum          0x000026cf   Thumb Code    40  com.o(.text)
    .text                                    0x0000284c   Section      856  vema.o(.text)
    .text                                    0x00002bac   Section      100  usbuser.o(.text)
    .text                                    0x00002c10   Section      412  cdcuser.o(.text)
    .text                                    0x00002dac   Section      612  usbcore.o(.text)
    .text                                    0x00003018   Section      820  usbhw.o(.text)
    .text                                    0x0000334c   Section      316  usbhw.o(.text)
    .text                                    0x00003490   Section      744  can.o(.text)
    .text                                    0x00003778   Section      168  can.o(.text)
    CAN_ISR                                  0x00003778   ARM Code     144  can.o(.text)
    .text                                    0x00003820   Section       76  adc.o(.text)
    .text                                    0x0000386c   Section      188  adc.o(.text)
    .text                                    0x00003928   Section       36  memcpya.o(.text)
    .text                                    0x0000394c   Section       44  memseta.o(.text)
    .text                                    0x00003978   Section       28  memcmp.o(.text)
    .text                                    0x00003994   Section       18  uread4.o(.text)
    .text                                    0x000039a6   Section       18  uwrite4.o(.text)
    .text                                    0x000039b8   Section       46  uidiv.o(.text)
    .text                                    0x000039f0   Section       32  init.o(.text)
    SWI_Area                                 0x00003a10   Section      116  swi.o(SWI_Area)
    SWI_Dead                                 0x00003a58   ARM Code       4  swi.o(SWI_Area)
    i.USB_ReqGetDescriptor                   0x00003ac8   Section      152  usbcore.o(i.USB_ReqGetDescriptor)
    i.USB_ReqGetStatus                       0x00003b60   Section      128  usbcore.o(i.USB_ReqGetStatus)
    i.USB_ReqSetClrFeature                   0x00003be0   Section      160  usbcore.o(i.USB_ReqSetClrFeature)
    i.USB_ReqSetConfiguration                0x00003c80   Section      344  usbcore.o(i.USB_ReqSetConfiguration)
    i.USB_ReqSetInterface                    0x00003dd8   Section      268  usbcore.o(i.USB_ReqSetInterface)
    i.__0printf$1                            0x00003ee4   Section       32  printf1.o(i.__0printf$1)
    i.__ARM_common_call_via_r2               0x00003f04   Section        2  printf1.o(i.__ARM_common_call_via_r2)
    i.__ARM_common_call_via_r3               0x00003f06   Section        2  init.o(i.__ARM_common_call_via_r3)
    i.__ARM_common_switch8                   0x00003f0c   Section       24  com.o(i.__ARM_common_switch8)
    i.__scatterload_copy                     0x00003f24   Section       24  handlers.o(i.__scatterload_copy)
    i.__scatterload_null                     0x00003f3c   Section        4  handlers.o(i.__scatterload_null)
    i.__scatterload_zeroinit                 0x00003f40   Section       24  handlers.o(i.__scatterload_zeroinit)
    i._printf_core                           0x00003f58   Section      340  printf1.o(i._printf_core)
    _printf_core                             0x00003f59   Thumb Code   334  printf1.o(i._printf_core)
    .constdata                               0x000040ac   Section       12  com.o(.constdata)
    .constdata                               0x000040b8   Section        8  vema.o(.constdata)
    .constdata                               0x000040c0   Section       64  usbuser.o(.constdata)
    .constdata                               0x00004100   Section       18  usbdesc.o(.constdata)
    .constdata                               0x00004112   Section       68  usbdesc.o(.constdata)
    .constdata                               0x00004156   Section       82  usbdesc.o(.constdata)
    .constdata                               0x000041a8   Section       68  can.o(.constdata)
    .data                                    0x40000100   Section        1  io.o(.data)
    compressor_flags                         0x40000100   Data           1  io.o(.data)
    .data                                    0x40000104   Section        4  retarget.o(.data)
    .data                                    0x40000108   Section       55  com.o(.data)
    .data                                    0x40000140   Section        2  usbuser.o(.data)
    serialState                              0x40000140   Data           2  usbuser.o(.data)
    .data                                    0x40000142   Section       13  cdcuser.o(.data)
    .data                                    0x40000150   Section       40  usbcore.o(.data)
    .data                                    0x40000178   Section       24  can.o(.data)
    CAN_std_cnt                              0x40000178   Data           4  can.o(.data)
    CAN_ext_cnt                              0x4000017c   Data           4  can.o(.data)
    .bss                                     0x40000190   Section       20  timer.o(.bss)
    .bss                                     0x400001a4   Section       64  com.o(.bss)
    serBuf                                   0x400001a4   Data          64  com.o(.bss)
    .bss                                     0x400001e4   Section      212  cdcuser.o(.bss)
    .bss                                     0x400002b8   Section       64  usbcore.o(.bss)
    .bss                                     0x400002f8   Section       32  can.o(.bss)
    .bss                                     0x40000318   Section       32  can.o(.bss)
    .bss                                     0x40000338   Section       16  adc.o(.bss)
    STACK                                    0x40000348   Section     1344  lpc2300.o(STACK)
    Stack_Top                                0x40000888   Data           0  lpc2300.o(STACK)

    Global Symbols

    Symbol Name                              Value     Ov Type        Size  Object(Section)

    BuildAttributes$$THM_ISAv1$ARM_ISAv4$S$PE$A:L22$X:L11$S22$IEEE1$IW$USESV6$~STKCKD$USESV7$~SHL$OSPACE$ROPI$EBA8$MICROLIB$REQ8$PRES8$EABIv2 0x00000000   Number         0  anon$$obj.o ABSOLUTE
    __ARM_use_no_argv                        0x00000000   Number         0  main.o ABSOLUTE
    __use_no_errno                           0x00000000   Number         0  useno.o ABSOLUTE
    __use_no_exception_handling              0x00000000   Number         0  useno.o ABSOLUTE
    __use_no_fp                              0x00000000   Number         0  useno.o ABSOLUTE
    __use_no_heap                            0x00000000   Number         0  useno.o ABSOLUTE
    __use_no_heap_region                     0x00000000   Number         0  useno.o ABSOLUTE
    __use_no_semihosting                     0x00000000   Number         0  useno.o ABSOLUTE
    __use_no_semihosting_swi                 0x00000000   Number         0  useno.o ABSOLUTE
    __use_no_signal_handling                 0x00000000   Number         0  useno.o ABSOLUTE
    _printf_a                                0x00000000   Number         0  stubs.o ABSOLUTE
    _printf_c                                0x00000000   Number         0  stubs.o ABSOLUTE
    _printf_charcount                        0x00000000   Number         0  stubs.o ABSOLUTE
    _printf_d                                0x00000000   Number         0  stubs.o ABSOLUTE
    _printf_e                                0x00000000   Number         0  stubs.o ABSOLUTE
    _printf_f                                0x00000000   Number         0  stubs.o ABSOLUTE
    _printf_flags                            0x00000000   Number         0  stubs.o ABSOLUTE
    _printf_fp_dec                           0x00000000   Number         0  stubs.o ABSOLUTE
    _printf_fp_hex                           0x00000000   Number         0  stubs.o ABSOLUTE
    _printf_g                                0x00000000   Number         0  stubs.o ABSOLUTE
    _printf_i                                0x00000000   Number         0  stubs.o ABSOLUTE
    _printf_int_dec                          0x00000000   Number         0  stubs.o ABSOLUTE
    _printf_l                                0x00000000   Number         0  stubs.o ABSOLUTE
    _printf_lc                               0x00000000   Number         0  stubs.o ABSOLUTE
    _printf_ll                               0x00000000   Number         0  stubs.o ABSOLUTE
    _printf_lld                              0x00000000   Number         0  stubs.o ABSOLUTE
    _printf_lli                              0x00000000   Number         0  stubs.o ABSOLUTE
    _printf_llo                              0x00000000   Number         0  stubs.o ABSOLUTE
    _printf_llu                              0x00000000   Number         0  stubs.o ABSOLUTE
    _printf_llx                              0x00000000   Number         0  stubs.o ABSOLUTE
    _printf_longlong_dec                     0x00000000   Number         0  stubs.o ABSOLUTE
    _printf_longlong_hex                     0x00000000   Number         0  stubs.o ABSOLUTE
    _printf_longlong_oct                     0x00000000   Number         0  stubs.o ABSOLUTE
    _printf_ls                               0x00000000   Number         0  stubs.o ABSOLUTE
    _printf_mbtowc                           0x00000000   Number         0  stubs.o ABSOLUTE
    _printf_n                                0x00000000   Number         0  stubs.o ABSOLUTE
    _printf_o                                0x00000000   Number         0  stubs.o ABSOLUTE
    _printf_p                                0x00000000   Number         0  stubs.o ABSOLUTE
    _printf_percent                          0x00000000   Number         0  stubs.o ABSOLUTE
    _printf_pre_padding                      0x00000000   Number         0  stubs.o ABSOLUTE
    _printf_return_value                     0x00000000   Number         0  stubs.o ABSOLUTE
    _printf_s                                0x00000000   Number         0  stubs.o ABSOLUTE
    _printf_sizespec                         0x00000000   Number         0  stubs.o ABSOLUTE
    _printf_str                              0x00000000   Number         0  stubs.o ABSOLUTE
    _printf_truncate_signed                  0x00000000   Number         0  stubs.o ABSOLUTE
    _printf_truncate_unsigned                0x00000000   Number         0  stubs.o ABSOLUTE
    _printf_u                                0x00000000   Number         0  stubs.o ABSOLUTE
    _printf_wc                               0x00000000   Number         0  stubs.o ABSOLUTE
    _printf_wctomb                           0x00000000   Number         0  stubs.o ABSOLUTE
    _printf_widthprec                        0x00000000   Number         0  stubs.o ABSOLUTE
    _printf_x                                0x00000000   Number         0  stubs.o ABSOLUTE
    __decompress                              - Undefined Weak Reference
    Reset_Handler                            0x00002054   ARM Code       0  lpc2300.o(RESET)
    __main                                   0x00002194   ARM Code       0  entry.o(.ARM.Collect$$$$00000000)
    _main_stk                                0x00002194   ARM Code       0  entry2.o(.ARM.Collect$$$$00000001)
    _main_scatterload                        0x00002198   ARM Code       0  entry5.o(.ARM.Collect$$$$00000004)
    __main_after_scatterload                 0x0000219c   ARM Code       0  entry5.o(.ARM.Collect$$$$00000004)
    _main_init                               0x0000219c   ARM Code       0  entry7.o(.ARM.Collect$$$$00000007)
    resetDevice                              0x000021ad   Thumb Code    60  main.o(.text)
    main                                     0x000021e9   Thumb Code    80  main.o(.text)
    io_init                                  0x00002269   Thumb Code    46  io.o(.text)
    io_pressure_sensor_state                 0x00002297   Thumb Code    12  io.o(.text)
    io_dout_set_on                           0x000022a3   Thumb Code    20  io.o(.text)
    io_dout_set_off                          0x000022b7   Thumb Code    20  io.o(.text)
    io_led_off                               0x000022cb   Thumb Code    14  io.o(.text)
    io_led_on                                0x000022d9   Thumb Code    14  io.o(.text)
    io_led_set                               0x000022e7   Thumb Code     8  io.o(.text)
    io_led_toggle                            0x000022ef   Thumb Code    16  io.o(.text)
    io_update                                0x000022ff   Thumb Code    96  io.o(.text)
    io_set_compressors_enabled               0x0000235f   Thumb Code    24  io.o(.text)
    init_serial                              0x00002381   Thumb Code    42  serial.o(.text)
    sendchar                                 0x000023ab   Thumb Code    12  serial.o(.text)
    getkey                                   0x000023b7   Thumb Code    12  serial.o(.text)
    fputc                                    0x000023cd   Thumb Code    12  retarget.o(.text)
    ferror                                   0x000023d9   Thumb Code     6  retarget.o(.text)
    _ttywrch                                 0x000023df   Thumb Code     8  retarget.o(.text)
    _sys_exit                                0x000023e7   Thumb Code     2  retarget.o(.text)
    timer_init                               0x000023e9   Thumb Code    20  timer.o(.text)
    mainTimer_start                          0x000023fd   Thumb Code    10  timer.o(.text)
    mainTimer_elapsed                        0x00002407   Thumb Code    12  timer.o(.text)
    getStatusTimer_start                     0x00002413   Thumb Code    10  timer.o(.text)
    getStatusTimer_elapsed                   0x0000241d   Thumb Code    12  timer.o(.text)
    timeoutTimer_start                       0x00002429   Thumb Code    10  timer.o(.text)
    timeoutTimer_elapsed                     0x00002433   Thumb Code    12  timer.o(.text)
    closedLoopTimer_start                    0x0000243f   Thumb Code    10  timer.o(.text)
    closedLoopTimer_elapsed                  0x00002449   Thumb Code    12  timer.o(.text)
    compressorTimer_start                    0x00002455   Thumb Code    10  timer.o(.text)
    compressorTimer_elapsed                  0x0000245f   Thumb Code    12  timer.o(.text)
    com_init                                 0x0000247d   Thumb Code    84  com.o(.text)
    com_sendError                            0x000024d1   Thumb Code    34  com.o(.text)
    com_sendInfo                             0x000024f3   Thumb Code    14  com.o(.text)
    VCOM_Usb2Vema                            0x00002501   Thumb Code   262  com.o(.text)
    VCOM_Vema2Usb                            0x00002607   Thumb Code   188  com.o(.text)
    com_update                               0x000026c3   Thumb Code    12  com.o(.text)
    waitForRxReady                           0x0000284d   Thumb Code    42  vema.o(.text)
    checksum                                 0x00002877   Thumb Code    32  vema.o(.text)
    encodeSetPressuresMessage                0x00002897   Thumb Code   180  vema.o(.text)
    decodeGetPressureResponse                0x0000294b   Thumb Code   142  vema.o(.text)
    decodeSetPressureResponse                0x000029d9   Thumb Code    48  vema.o(.text)
    vema_startClosedLoop                     0x00002a09   Thumb Code    84  vema.o(.text)
    vema_stopClosedLoop                      0x00002a5d   Thumb Code    82  vema.o(.text)
    vema_getPressures                        0x00002aaf   Thumb Code   120  vema.o(.text)
    vema_setPressures                        0x00002b27   Thumb Code   106  vema.o(.text)
    Inline ARM to Thumb Veneer to USB_Reset_Event 0x00002ba4   ARM Code       8  usbuser.o(.text)
    USB_Reset_Event                          0x00002bad   Thumb Code    12  usbuser.o(.text)
    USB_SOF_Event                            0x00002bb9   Thumb Code     8  usbuser.o(.text)
    USB_Configure_Event                      0x00002bc1   Thumb Code     2  usbuser.o(.text)
    USB_EndPoint1                            0x00002bc3   Thumb Code    26  usbuser.o(.text)
    USB_EndPoint2                            0x00002bdd   Thumb Code    22  usbuser.o(.text)
    USB_EndPoint3                            0x00002bf3   Thumb Code     2  usbuser.o(.text)
    USB_EndPoint4                            0x00002bf5   Thumb Code     2  usbuser.o(.text)
    USB_EndPoint5                            0x00002bf7   Thumb Code     2  usbuser.o(.text)
    USB_EndPoint6                            0x00002bf9   Thumb Code     2  usbuser.o(.text)
    USB_EndPoint7                            0x00002bfb   Thumb Code     2  usbuser.o(.text)
    USB_EndPoint8                            0x00002bfd   Thumb Code     2  usbuser.o(.text)
    USB_EndPoint9                            0x00002bff   Thumb Code     2  usbuser.o(.text)
    USB_EndPoint10                           0x00002c01   Thumb Code     2  usbuser.o(.text)
    USB_EndPoint11                           0x00002c03   Thumb Code     2  usbuser.o(.text)
    USB_EndPoint12                           0x00002c05   Thumb Code     2  usbuser.o(.text)
    USB_EndPoint13                           0x00002c07   Thumb Code     2  usbuser.o(.text)
    USB_EndPoint14                           0x00002c09   Thumb Code     2  usbuser.o(.text)
    USB_EndPoint15                           0x00002c0b   Thumb Code     2  usbuser.o(.text)
    CDC_RdOutBuf                             0x00002c11   Thumb Code    40  cdcuser.o(.text)
    CDC_WrOutBuf                             0x00002c39   Thumb Code    42  cdcuser.o(.text)
    CDC_OutBufAvailChar                      0x00002c63   Thumb Code    18  cdcuser.o(.text)
    CDC_GetSerialState                       0x00002c75   Thumb Code     8  cdcuser.o(.text)
    CDC_Init                                 0x00002c7d   Thumb Code    26  cdcuser.o(.text)
    CDC_SendEncapsulatedCommand              0x00002c97   Thumb Code     4  cdcuser.o(.text)
    CDC_GetEncapsulatedResponse              0x00002c9b   Thumb Code     4  cdcuser.o(.text)
    CDC_SetCommFeature                       0x00002c9f   Thumb Code     4  cdcuser.o(.text)
    CDC_GetCommFeature                       0x00002ca3   Thumb Code     4  cdcuser.o(.text)
    CDC_ClearCommFeature                     0x00002ca7   Thumb Code     4  cdcuser.o(.text)
    CDC_SetLineCoding                        0x00002cab   Thumb Code    56  cdcuser.o(.text)
    CDC_GetLineCoding                        0x00002ce3   Thumb Code    46  cdcuser.o(.text)
    CDC_SetControlLineState                  0x00002d11   Thumb Code     4  cdcuser.o(.text)
    CDC_SendBreak                            0x00002d15   Thumb Code     4  cdcuser.o(.text)
    CDC_BulkIn                               0x00002d19   Thumb Code     8  cdcuser.o(.text)
    CDC_BulkOut                              0x00002d21   Thumb Code    54  cdcuser.o(.text)
    CDC_StartOfFrame                         0x00002d57   Thumb Code    24  cdcuser.o(.text)
    CDC_NotificationIn                       0x00002d6f   Thumb Code    50  cdcuser.o(.text)
    USB_ResetCore                            0x00002dad   Thumb Code    22  usbcore.o(.text)
    USB_SetupStage                           0x00002dc3   Thumb Code    18  usbcore.o(.text)
    USB_DataInStage                          0x00002dd5   Thumb Code    34  usbcore.o(.text)
    USB_DataOutStage                         0x00002df7   Thumb Code    28  usbcore.o(.text)
    USB_StatusInStage                        0x00002e13   Thumb Code    12  usbcore.o(.text)
    USB_StatusOutStage                       0x00002e1f   Thumb Code    12  usbcore.o(.text)
    USB_EndPoint0                            0x00002e2b   Thumb Code   474  usbcore.o(.text)
    Inline ARM to Thumb Veneer to WrCmd      0x00003010   ARM Code       8  usbhw.o(.text)
    EPAdr                                    0x00003019   Thumb Code    14  usbhw.o(.text)
    WrCmd                                    0x00003027   Thumb Code    16  usbhw.o(.text)
    WrCmdDat                                 0x00003037   Thumb Code    26  usbhw.o(.text)
    WrCmdEP                                  0x00003051   Thumb Code    46  usbhw.o(.text)
    RdCmdDat                                 0x0000307f   Thumb Code    18  usbhw.o(.text)
    USB_SetAddress                           0x00003091   Thumb Code    32  usbhw.o(.text)
    USB_Reset                                0x000030b1   Thumb Code    42  usbhw.o(.text)
    USB_Resume                               0x000030db   Thumb Code     2  usbhw.o(.text)
    USB_Suspend                              0x000030dd   Thumb Code     2  usbhw.o(.text)
    USB_Init                                 0x000030df   Thumb Code   116  usbhw.o(.text)
    USB_Connect                              0x00003153   Thumb Code    16  usbhw.o(.text)
    USB_WakeUp                               0x00003163   Thumb Code    16  usbhw.o(.text)
    USB_WakeUpCfg                            0x00003173   Thumb Code     2  usbhw.o(.text)
    USB_Configure                            0x00003175   Thumb Code    44  usbhw.o(.text)
    USB_ConfigEP                             0x000031a1   Thumb Code    52  usbhw.o(.text)
    USB_DirCtrlEP                            0x000031d5   Thumb Code     2  usbhw.o(.text)
    USB_EnableEP                             0x000031d7   Thumb Code    20  usbhw.o(.text)
    USB_DisableEP                            0x000031eb   Thumb Code    20  usbhw.o(.text)
    USB_ResetEP                              0x000031ff   Thumb Code    20  usbhw.o(.text)
    USB_SetStallEP                           0x00003213   Thumb Code    20  usbhw.o(.text)
    USB_ClrStallEP                           0x00003227   Thumb Code    20  usbhw.o(.text)
    USB_ClearEPBuf                           0x0000323b   Thumb Code     4  usbhw.o(.text)
    USB_ReadEP                               0x0000323f   Thumb Code    84  usbhw.o(.text)
    __SWI_8                                  0x00003293   Thumb Code    62  usbhw.o(.text)
    USB_GetFrame                             0x000032d1   Thumb Code    30  usbhw.o(.text)
    USB_ISR                                  0x0000334c   ARM Code     300  usbhw.o(.text)
    Inline ARM to Thumb Veneer to CAN_rdMsg  0x00003488   ARM Code       8  can.o(.text)
    CAN_rdMsg                                0x00003491   Thumb Code    46  can.o(.text)
    CAN_setup                                0x000034bf   Thumb Code   128  can.o(.text)
    CAN_start                                0x0000353f   Thumb Code    14  can.o(.text)
    CAN_waitReady                            0x0000354d   Thumb Code    28  can.o(.text)
    CAN_wrMsg                                0x00003569   Thumb Code    64  can.o(.text)
    CAN_wrFilter                             0x000035a9   Thumb Code   408  can.o(.text)
    ADC_IRQ_handler                          0x00003820   ARM Code      68  adc.o(.text)
    adc_init                                 0x0000386d   Thumb Code   102  adc.o(.text)
    adc_done                                 0x000038d5   Thumb Code    36  adc.o(.text)
    adc_channel_value                        0x000038f9   Thumb Code    16  adc.o(.text)
    __aeabi_memcpy                           0x00003929   Thumb Code    36  memcpya.o(.text)
    __aeabi_memcpy4                          0x00003929   Thumb Code     0  memcpya.o(.text)
    __aeabi_memcpy8                          0x00003929   Thumb Code     0  memcpya.o(.text)
    __aeabi_memset                           0x0000394d   Thumb Code    16  memseta.o(.text)
    __aeabi_memset4                          0x0000394d   Thumb Code     0  memseta.o(.text)
    __aeabi_memset8                          0x0000394d   Thumb Code     0  memseta.o(.text)
    __aeabi_memclr                           0x0000395d   Thumb Code     4  memseta.o(.text)
    __aeabi_memclr4                          0x0000395d   Thumb Code     0  memseta.o(.text)
    __aeabi_memclr8                          0x0000395d   Thumb Code     0  memseta.o(.text)
    _memset$wrapper                          0x00003961   Thumb Code    24  memseta.o(.text)
    memcmp                                   0x00003979   Thumb Code    28  memcmp.o(.text)
    __aeabi_uread4                           0x00003995   Thumb Code    18  uread4.o(.text)
    __rt_uread4                              0x00003995   Thumb Code     0  uread4.o(.text)
    _uread4                                  0x00003995   Thumb Code     0  uread4.o(.text)
    __aeabi_uwrite4                          0x000039a7   Thumb Code    18  uwrite4.o(.text)
    __rt_uwrite4                             0x000039a7   Thumb Code     0  uwrite4.o(.text)
    _uwrite4                                 0x000039a7   Thumb Code     0  uwrite4.o(.text)
    __aeabi_uidiv                            0x000039b9   Thumb Code     0  uidiv.o(.text)
    __aeabi_uidivmod                         0x000039b9   Thumb Code    46  uidiv.o(.text)
    Inline ARM to Thumb Veneer to __scatterload 0x000039e8   ARM Code       8  init.o(.text)
    __scatterload                            0x000039f1   Thumb Code    24  init.o(.text)
    __scatterload_rt2                        0x000039f1   Thumb Code     0  init.o(.text)
    SWI_Handler                              0x00003a10   ARM Code       0  swi.o(SWI_Area)
    Long ARM to Thumb Veneer to RdCmdDat     0x00003a84   ARM Code      12  anon$$obj.o(Veneer$$Code)
    Long ARM to Thumb Veneer to USB_Reset    0x00003a90   ARM Code      12  anon$$obj.o(Veneer$$Code)
    Long ARM to Thumb Veneer to USB_Suspend  0x00003a9c   ARM Code      12  anon$$obj.o(Veneer$$Code)
    Long ARM to Thumb Veneer to USB_Resume   0x00003aa8   ARM Code      12  anon$$obj.o(Veneer$$Code)
    Long ARM to Thumb Veneer to USB_SOF_Event 0x00003ab4   ARM Code      12  anon$$obj.o(Veneer$$Code)
    Short Thumb to ARM Veneer to __main_after_scatterload 0x00003ac1   Thumb Code     8  anon$$obj.o(Veneer$$Code)
    USB_ReqGetDescriptor                     0x00003ac9   Thumb Code   136  usbcore.o(i.USB_ReqGetDescriptor)
    USB_ReqGetStatus                         0x00003b61   Thumb Code   120  usbcore.o(i.USB_ReqGetStatus)
    USB_ReqSetClrFeature                     0x00003be1   Thumb Code   150  usbcore.o(i.USB_ReqSetClrFeature)
    USB_ReqSetConfiguration                  0x00003c81   Thumb Code   330  usbcore.o(i.USB_ReqSetConfiguration)
    USB_ReqSetInterface                      0x00003dd9   Thumb Code   260  usbcore.o(i.USB_ReqSetInterface)
    __0printf$1                              0x00003ee5   Thumb Code    24  printf1.o(i.__0printf$1)
    __1printf$1                              0x00003ee5   Thumb Code     0  printf1.o(i.__0printf$1)
    __2printf                                0x00003ee5   Thumb Code     0  printf1.o(i.__0printf$1)
    __ARM_common_call_via_r2                 0x00003f05   Thumb Code     2  printf1.o(i.__ARM_common_call_via_r2)
    __ARM_common_call_via_r3                 0x00003f07   Thumb Code     2  init.o(i.__ARM_common_call_via_r3)
    Inline Thumb to ARM Veneer to __ARM_common_switch8 0x00003f09   Thumb Code     4  com.o(i.__ARM_common_switch8)
    __ARM_common_switch8                     0x00003f0c   ARM Code      24  com.o(i.__ARM_common_switch8)
    __scatterload_copy                       0x00003f24   ARM Code      24  handlers.o(i.__scatterload_copy)
    __scatterload_null                       0x00003f3c   ARM Code       4  handlers.o(i.__scatterload_null)
    __scatterload_zeroinit                   0x00003f40   ARM Code      24  handlers.o(i.__scatterload_zeroinit)
    startClosedLoopData                      0x000040b8   Data           2  vema.o(.constdata)
    stopClosedLoopData                       0x000040ba   Data           2  vema.o(.constdata)
    getPressuresGroup1                       0x000040bc   Data           2  vema.o(.constdata)
    getPressuresGroup2                       0x000040be   Data           2  vema.o(.constdata)
    USB_P_EP                                 0x000040c0   Data          64  usbuser.o(.constdata)
    USB_DeviceDescriptor                     0x00004100   Data          18  usbdesc.o(.constdata)
    USB_ConfigDescriptor                     0x00004112   Data          68  usbdesc.o(.constdata)
    USB_StringDescriptor                     0x00004156   Data          82  usbdesc.o(.constdata)
    CAN_BIT_TIME                             0x000041a8   Data          68  can.o(.constdata)
    Region$$Table$$Base                      0x000041ec   Number         0  anon$$obj.o(Region$$Table)
    Region$$Table$$Limit                     0x0000420c   Number         0  anon$$obj.o(Region$$Table)
    __stdout                                 0x40000104   Data           4  retarget.o(.data)
    startedClosedLoop                        0x40000108   Data           1  com.o(.data)
    com_errorMessage                         0x40000109   Data           4  com.o(.data)
    com_Info_message                         0x4000010d   Data          15  com.o(.data)
    com_status_buffer                        0x4000011c   Data          35  com.o(.data)
    CDC_SerialState                          0x40000142   Data           2  cdcuser.o(.data)
    CDC_DepInEmpty                           0x40000144   Data           2  cdcuser.o(.data)
    CDC_DepOutPending                        0x40000146   Data           2  cdcuser.o(.data)
    CDC_LineCoding                           0x40000148   Data           7  cdcuser.o(.data)
    USB_DeviceAddress                        0x40000150   Data           1  usbcore.o(.data)
    USB_Configuration                        0x40000151   Data           1  usbcore.o(.data)
    USB_NumInterfaces                        0x40000152   Data           1  usbcore.o(.data)
    USB_DeviceStatus                         0x40000154   Data           2  usbcore.o(.data)
    USB_EndPointMask                         0x40000158   Data           4  usbcore.o(.data)
    USB_EndPointHalt                         0x4000015c   Data           4  usbcore.o(.data)
    USB_EndPointStall                        0x40000160   Data           4  usbcore.o(.data)
    USB_AltSetting                           0x40000164   Data           4  usbcore.o(.data)
    EP0Data                                  0x40000168   Data           8  usbcore.o(.data)
    SetupPacket                              0x40000170   Data           8  usbcore.o(.data)
    CAN_TxRdy                                0x40000180   Data           8  can.o(.data)
    CAN_RxRdy                                0x40000188   Data           8  can.o(.data)
    milliTimer_ref                           0x40000190   Data          20  timer.o(.bss)
    BulkBufOut                               0x400001e4   Data          64  cdcuser.o(.bss)
    NotificationBuf                          0x40000224   Data          10  cdcuser.o(.bss)
    CDC_OutBuf                               0x40000230   Data         136  cdcuser.o(.bss)
    EP0Buf                                   0x400002b8   Data          64  usbcore.o(.bss)
    CAN_TxMsg                                0x400002f8   Data          32  can.o(.bss)
    CAN_RxMsg                                0x40000318   Data          32  can.o(.bss)
    ADC_last                                 0x40000338   Data          16  adc.o(.bss)
    __initial_sp                             0x40000748   Data         320  lpc2300.o(STACK)



==============================================================================

Memory Map of the image

  Image Entry point : 0x00002194

  Load Region LR_IROM1 (Base: 0x00002000, Size: 0x0000229c, Max: 0x0007e000, ABSOLUTE)

    Execution Region ER_IROM1 (Base: 0x00002000, Size: 0x0000220c, Max: 0x0007e000, ABSOLUTE)

    Base Addr    Size         Type   Attr      Idx    E Section Name        Object

    0x00002000   0x00000194   Code   RO          379    RESET               lpc2300.o
    0x00002194   0x00000000   Code   RO          432  * .ARM.Collect$$$$00000000  entry.o(mc_t.l)
    0x00002194   0x00000004   Code   RO          712    .ARM.Collect$$$$00000001  entry2.o(mc_t.l)
    0x00002198   0x00000004   Code   RO          714    .ARM.Collect$$$$00000004  entry5.o(mc_t.l)
    0x0000219c   0x0000000c   Code   RO          715    .ARM.Collect$$$$00000007  entry7.o(mc_t.l)
    0x000021a8   0x00000004   Code   RO          713    .ARM.Collect$$$$00002712  entry2.o(mc_t.l)
    0x000021ac   0x000000bc   Code   RO            1    .text               main.o
    0x00002268   0x00000118   Code   RO           43    .text               io.o
    0x00002380   0x0000004c   Code   RO           68    .text               serial.o
    0x000023cc   0x0000001c   Code   RO           83    .text               retarget.o
    0x000023e8   0x00000094   Code   RO          105    .text               timer.o
    0x0000247c   0x000003d0   Code   RO          124    .text               com.o
    0x0000284c   0x00000358   Code   RO          187    .text               vema.o
    0x00002ba4   0x00000008   Ven    RO          210    .text               usbuser.o
    0x00002bac   0x00000064   Code   RO          210    .text               usbuser.o
    0x00002c10   0x0000019c   Code   RO          242    .text               cdcuser.o
    0x00002dac   0x00000264   Code   RO          266    .text               usbcore.o
    0x00003010   0x00000008   Ven    RO          351    .text               usbhw.o
    0x00003018   0x00000334   Code   RO          351    .text               usbhw.o
    0x0000334c   0x0000013c   Code   RO          352    .text               usbhw.o
    0x00003488   0x00000008   Ven    RO          382    .text               can.o
    0x00003490   0x000002e8   Code   RO          382    .text               can.o
    0x00003778   0x000000a8   Code   RO          383    .text               can.o
    0x00003820   0x0000004c   Code   RO          408    .text               adc.o
    0x0000386c   0x000000bc   Code   RO          409    .text               adc.o
    0x00003928   0x00000024   Code   RO          435    .text               memcpya.o(mc_t.l)
    0x0000394c   0x0000002c   Code   RO          437    .text               memseta.o(mc_t.l)
    0x00003978   0x0000001c   Code   RO          439    .text               memcmp.o(mc_t.l)
    0x00003994   0x00000012   Code   RO          708    .text               uread4.o(mc_t.l)
    0x000039a6   0x00000012   Code   RO          710    .text               uwrite4.o(mc_t.l)
    0x000039b8   0x0000002e   Code   RO          716    .text               uidiv.o(mc_t.l)
    0x000039e6   0x00000002   PAD
    0x000039e8   0x00000008   Ven    RO          731    .text               init.o(mc_t.l)
    0x000039f0   0x00000020   Code   RO          731    .text               init.o(mc_t.l)
    0x00003a10   0x00000074   Code   RO          373    SWI_Area            swi.o
    0x00003a84   0x0000000c   Ven    RO          754    Veneer$$Code        anon$$obj.o
    0x00003a90   0x0000000c   Ven    RO          755    Veneer$$Code        anon$$obj.o
    0x00003a9c   0x0000000c   Ven    RO          756    Veneer$$Code        anon$$obj.o
    0x00003aa8   0x0000000c   Ven    RO          757    Veneer$$Code        anon$$obj.o
    0x00003ab4   0x0000000c   Ven    RO          758    Veneer$$Code        anon$$obj.o
    0x00003ac0   0x00000008   Ven    RO          759    Veneer$$Code        anon$$obj.o
    0x00003ac8   0x00000098   Code   RO          302    i.USB_ReqGetDescriptor  usbcore.o
    0x00003b60   0x00000080   Code   RO          297    i.USB_ReqGetStatus  usbcore.o
    0x00003be0   0x000000a0   Code   RO          279    i.USB_ReqSetClrFeature  usbcore.o
    0x00003c80   0x00000158   Code   RO          285    i.USB_ReqSetConfiguration  usbcore.o
    0x00003dd8   0x0000010c   Code   RO          291    i.USB_ReqSetInterface  usbcore.o
    0x00003ee4   0x00000020   Code   RO          490    i.__0printf$1       printf1.o(mc_t.l)
    0x00003f04   0x00000002   Code   RO          511    i.__ARM_common_call_via_r2  printf1.o(mc_t.l)
    0x00003f06   0x00000002   Code   RO          733    i.__ARM_common_call_via_r3  init.o(mc_t.l)
    0x00003f08   0x00000004   Ven    RO          138    i.__ARM_common_switch8  com.o
    0x00003f0c   0x00000018   Code   RO          138    i.__ARM_common_switch8  com.o
    0x00003f24   0x00000018   Code   RO          743    i.__scatterload_copy  handlers.o(mc_t.l)
    0x00003f3c   0x00000004   Code   RO          744    i.__scatterload_null  handlers.o(mc_t.l)
    0x00003f40   0x00000018   Code   RO          745    i.__scatterload_zeroinit  handlers.o(mc_t.l)
    0x00003f58   0x00000154   Code   RO          497    i._printf_core      printf1.o(mc_t.l)
    0x000040ac   0x0000000c   Data   RO          126    .constdata          com.o
    0x000040b8   0x00000008   Data   RO          189    .constdata          vema.o
    0x000040c0   0x00000040   Data   RO          211    .constdata          usbuser.o
    0x00004100   0x00000012   Data   RO          337    .constdata          usbdesc.o
    0x00004112   0x00000044   Data   RO          338    .constdata          usbdesc.o
    0x00004156   0x00000052   Data   RO          339    .constdata          usbdesc.o
    0x000041a8   0x00000044   Data   RO          386    .constdata          can.o
    0x000041ec   0x00000020   Data   RO          741    Region$$Table       anon$$obj.o


    Execution Region RW_IRAM1 (Base: 0x40000100, Size: 0x00000788, Max: 0x0000ff00, ABSOLUTE)

    Base Addr    Size         Type   Attr      Idx    E Section Name        Object

    0x40000100   0x00000001   Data   RW           44    .data               io.o
    0x40000101   0x00000003   PAD
    0x40000104   0x00000004   Data   RW           84    .data               retarget.o
    0x40000108   0x00000037   Data   RW          127    .data               com.o
    0x4000013f   0x00000001   PAD
    0x40000140   0x00000002   Data   RW          212    .data               usbuser.o
    0x40000142   0x0000000d   Data   RW          245    .data               cdcuser.o
    0x4000014f   0x00000001   PAD
    0x40000150   0x00000028   Data   RW          268    .data               usbcore.o
    0x40000178   0x00000018   Data   RW          387    .data               can.o
    0x40000190   0x00000014   Zero   RW          106    .bss                timer.o
    0x400001a4   0x00000040   Zero   RW          125    .bss                com.o
    0x400001e4   0x000000d4   Zero   RW          244    .bss                cdcuser.o
    0x400002b8   0x00000040   Zero   RW          267    .bss                usbcore.o
    0x400002f8   0x00000020   Zero   RW          384    .bss                can.o
    0x40000318   0x00000020   Zero   RW          385    .bss                can.o
    0x40000338   0x00000010   Zero   RW          410    .bss                adc.o
    0x40000348   0x00000540   Zero   RW          377    STACK               lpc2300.o


==============================================================================

Image component sizes


      Code (inc. data)   RO Data    RW Data    ZI Data      Debug   Object Name

       264         40          0          0         16       2059   adc.o
       912         80         68         24         64       5448   can.o
       412         12          0         13        212       9676   cdcuser.o
      1000        350         12         55         64       7340   com.o
       280         10          0          1          0       2827   io.o
       404         56          0          0       1344        316   lpc2300.o
       188         48          0          0          0       5003   main.o
        28          0          0          4          0       2556   retarget.o
        76         10          0          0          0        694   serial.o
       116         40          0          0          0        228   swi.o
       148         18          0          0         20       3099   timer.o
      1664         92          0         40         64       9321   usbcore.o
         0          0        168          0          0        669   usbdesc.o
      1136        110          0          0          0       6259   usbhw.o
       100          4         64          2          0       8407   usbuser.o
       856         20          8          0          0       4818   vema.o

    ----------------------------------------------------------------------
      7680        910        352        144       1784      68720   Object Totals
        96         20         32          0          0          0   (incl. Generated)
         0          0          0          5          0          0   (incl. Padding)

    ----------------------------------------------------------------------

      Code (inc. data)   RO Data    RW Data    ZI Data      Debug   Library Member Name

         0          0          0          0          0          0   entry.o
         8          4          0          0          0          0   entry2.o
         4          0          0          0          0          0   entry5.o
        12          4          0          0          0          0   entry7.o
        52          0          0          0          0          0   handlers.o
        42          8          0          0          0        136   init.o
        28          0          0          0          0         72   memcmp.o
        36          0          0          0          0         60   memcpya.o
        44          0          0          0          0        108   memseta.o
       374         14          0          0          0        240   printf1.o
        46          0          0          0          0         72   uidiv.o
        18          0          0          0          0         60   uread4.o
        18          0          0          0          0         60   uwrite4.o

    ----------------------------------------------------------------------
       684         30          0          0          0        808   Library Totals
         2          0          0          0          0          0   (incl. Padding)

    ----------------------------------------------------------------------

      Code (inc. data)   RO Data    RW Data    ZI Data      Debug   Library Name

       682         30          0          0          0        808   mc_t.l

    ----------------------------------------------------------------------
       684         30          0          0          0        808   Library Totals

    ----------------------------------------------------------------------

==============================================================================


      Code (inc. data)   RO Data    RW Data    ZI Data      Debug   

      8364        940        352        144       1784      67488   Grand Totals
      8364        940        352        144       1784      67488   ELF Image Totals
      8364        940        352        144          0          0   ROM Totals

==============================================================================

    Total RO  Size (Code + RO Data)                 8716 (   8.51kB)
    Total RW  Size (RW Data + ZI Data)              1928 (   1.88kB)
    Total ROM Size (Code + RO Data + RW Data)       8860 (   8.65kB)

==============================================================================

