ARM Linker, RVCT4.0 [Build 524] for uVision [Standard]

==============================================================================

Section Cross References

    lpc2300.o(STACK) refers (Special) to heapauxi.o(.text) for __use_two_region_memory
    lpc2300.o(HEAP) refers (Special) to heapauxi.o(.text) for __use_two_region_memory
    lpc2300.o(RESET) refers (Special) to heapauxi.o(.text) for __use_two_region_memory
    lpc2300.o(RESET) refers to lpc2300.o(STACK) for Stack_Top
    lpc2300.o(RESET) refers to __main.o(!!!main) for __main
    lpc2300.o(.text) refers (Special) to heapauxi.o(.text) for __use_two_region_memory
    lpc2300.o(.text) refers to lpc2300.o(HEAP) for Heap_Mem
    lpc2300.o(.text) refers to lpc2300.o(STACK) for Stack_Mem
    usbhw.o(.text) refers to uwrite4.o(.text) for __aeabi_uwrite4
    usbhw.o(.text) refers to uread4.o(.text) for __aeabi_uread4
    usbhw.o(.text) refers to usbhw.o(.text) for USB_ISR
    usbhw.o(.text) refers to usbhw.o(.text) for WrCmd
    usbhw.o(.text) refers to usbuser.o(.text) for USB_Reset_Event
    usbhw.o(.text) refers to usbuser.o(.constdata) for USB_P_EP
    usbhw.o(.text) refers to usbhw.o(.text) for WrCmdDat
    usbhw.o(.text) refers to usbcore.o(.data) for USB_DeviceStatus
    usbhw.o(.text) refers to usbhw.o(.text) for WrCmd
    usbcore.o(.text) refers to usbhw.o(.text) for USB_ReadEP
    usbcore.o(.text) refers to usbcore.o(i.__ARM_common_switch8) for __ARM_common_switch8
    usbcore.o(.text) refers to mscuser.o(.text) for MSC_Reset
    usbcore.o(.text) refers to usbcore.o(i.USB_GetStatus) for USB_GetStatus
    usbcore.o(.text) refers to usbcore.o(i.USB_SetClrFeature) for USB_SetClrFeature
    usbcore.o(.text) refers to usbcore.o(i.USB_GetDescriptor) for USB_GetDescriptor
    usbcore.o(.text) refers to usbcore.o(i.USB_SetConfiguration) for USB_SetConfiguration
    usbcore.o(.text) refers to usbuser.o(.text) for USB_Configure_Event
    usbcore.o(.text) refers to usbcore.o(i.USB_SetInterface) for USB_SetInterface
    usbcore.o(.text) refers to usbcore.o(.data) for .data
    usbcore.o(.text) refers to usbcore.o(.bss) for .bss
    usbuser.o(.text) refers to usbcore.o(.text) for USB_ResetCore
    usbuser.o(.text) refers to mscuser.o(.text) for MSC_BulkIn
    usbuser.o(.text) refers to usbcore.o(.data) for USB_Configuration
    usbuser.o(.constdata) refers to usbcore.o(.text) for USB_EndPoint0
    usbuser.o(.constdata) refers to usbuser.o(.text) for USB_EndPoint2
    mscuser.o(.text) refers to usbhw.o(.text) for USB_WriteEP
    mscuser.o(.text) refers to uread4.o(.text) for __aeabi_uread4
    mscuser.o(.text) refers to uwrite4.o(.text) for __aeabi_uwrite4
    mscuser.o(.text) refers to sbl_iap.o(.text) for erase_user_flash
    mscuser.o(.text) refers to timer.o(.text) for timer_afterWrite_start
    mscuser.o(.text) refers to mscuser.o(.data) for .data
    mscuser.o(.text) refers to usbcore.o(.bss) for EP0Buf
    mscuser.o(.text) refers to sbl_iap.o(.constdata) for sector_start_map
    mscuser.o(.text) refers to diskimg.o(.constdata) for BootSect
    mscuser.o(.text) refers to mscuser.o(.bss) for .bss
    mscuser.o(.text) refers to sbl_iap.o(.ARM.__at_0x1FC) for crp
    mscuser.o(.text) refers to memory.o(.data) for startedWriting
    memory.o(.text) refers to serial.o(.text) for sendline
    memory.o(.text) refers to usbhw.o(.text) for USB_Connect
    memory.o(.text) refers to timer.o(.text) for mainTimer_start
    memory.o(.text) refers to mscuser.o(.data) for user_flash_erased
    memory.o(.text) refers to mscuser.o(.bss) for Fat_RootDir
    memory.o(.text) refers to sbl_iap.o(.constdata) for sector_end_map
    memory.o(.text) refers to diskimg.o(.constdata) for RootDirEntry
    memory.o(.text) refers to sbl_iap.o(.ARM.__at_0x1FC) for crp
    memory.o(.text) refers to diskimg.o(.constdata) for CRPEntry
    memory.o(.text) refers to memory.o(.data) for .data
    sbl_iap.o(.text) refers to sbl_iap.o(i.__ARM_common_call_via_r2) for __ARM_common_call_via_r2
    sbl_iap.o(.text) refers to timer.o(.text) for timer_wait_start
    sbl_iap.o(.text) refers to sbl_iap.o(i.__ARM_common_call_via_r0) for __ARM_common_call_via_r0
    sbl_iap.o(.text) refers to sbl_iap.o(.bss) for .bss
    sbl_iap.o(.text) refers to sbl_iap.o(.constdata) for .constdata
    sbl_iap.o(.text) refers to sbl_iap.o(.data) for .data
    main.o(.text) refers to timer.o(.text) for timer_init
    main.o(.text) refers to serial.o(.text) for init_serial
    main.o(.text) refers to sbl_iap.o(.text) for user_code_present
    main.o(.text) refers to memory.o(.text) for enter_usb_isp
    main.o(.text) refers to sbl_iap.o(.ARM.__at_0x1FC) for crp
    main.o(.text) refers to main.o(.data) for .data
    main.o(.data) refers to main.o(.conststring) for .conststring
    serial.o(.text) refers to timer.o(.text) for timer_wait_start
    timer.o(.text) refers to timer.o(.bss) for .bss
    timer.o(.text) refers to timer.o(.bss) for .bss
    timer.o(.text) refers to timer.o(.bss) for .bss
    __main.o(!!!main) refers to rtentry.o(.ARM.Collect$$rtentry$$00000000) for __rt_entry
    rtentry.o(.ARM.Collect$$rtentry$$00000000) refers (Special) to rtentry2.o(.ARM.Collect$$rtentry$$0000000A) for __rt_entry_li
    rtentry.o(.ARM.Collect$$rtentry$$00000000) refers (Special) to rtentry2.o(.ARM.Collect$$rtentry$$0000000D) for __rt_entry_main
    rtentry.o(.ARM.Collect$$rtentry$$00000000) refers (Special) to rtentry2.o(.ARM.Collect$$rtentry$$0000000C) for __rt_entry_postli_1
    rtentry.o(.ARM.Collect$$rtentry$$00000000) refers (Special) to rtentry2.o(.ARM.Collect$$rtentry$$00000009) for __rt_entry_postsh_1
    rtentry.o(.ARM.Collect$$rtentry$$00000000) refers (Special) to rtentry2.o(.ARM.Collect$$rtentry$$00000002) for __rt_entry_presh_1
    rtentry.o(.ARM.Collect$$rtentry$$00000000) refers (Special) to rtentry4.o(.ARM.Collect$$rtentry$$00000004) for __rt_entry_sh
    rtentry.o(.ARM.exidx) refers (Special) to rtentry2.o(.ARM.Collect$$rtentry$$0000000A) for __rt_entry_li
    rtentry.o(.ARM.exidx) refers (Special) to rtentry2.o(.ARM.Collect$$rtentry$$0000000D) for __rt_entry_main
    rtentry.o(.ARM.exidx) refers (Special) to rtentry2.o(.ARM.Collect$$rtentry$$0000000C) for __rt_entry_postli_1
    rtentry.o(.ARM.exidx) refers (Special) to rtentry2.o(.ARM.Collect$$rtentry$$00000009) for __rt_entry_postsh_1
    rtentry.o(.ARM.exidx) refers (Special) to rtentry2.o(.ARM.Collect$$rtentry$$00000002) for __rt_entry_presh_1
    rtentry.o(.ARM.exidx) refers (Special) to rtentry4.o(.ARM.Collect$$rtentry$$00000004) for __rt_entry_sh
    rtentry.o(.ARM.exidx) refers to rtentry.o(.ARM.Collect$$rtentry$$00000000) for .ARM.Collect$$rtentry$$00000000
    rtentry2.o(.ARM.Collect$$rtentry$$00000008) refers to boardinit2.o(.text) for _platform_post_stackheap_init
    rtentry2.o(.ARM.Collect$$rtentry$$0000000A) refers to libinit.o(.ARM.Collect$$libinit$$00000000) for __rt_lib_init
    rtentry2.o(.ARM.Collect$$rtentry$$0000000B) refers to boardinit3.o(.text) for _platform_post_lib_init
    rtentry2.o(.ARM.Collect$$rtentry$$0000000D) refers to exit.o(.text) for exit
    rtentry2.o(.ARM.Collect$$rtentry$$0000000D) refers to main.o(.text) for main
    rtentry2.o(.ARM.exidx) refers to rtentry2.o(.ARM.Collect$$rtentry$$00000001) for .ARM.Collect$$rtentry$$00000001
    rtentry2.o(.ARM.exidx) refers to rtentry2.o(.ARM.Collect$$rtentry$$00000002) for .ARM.Collect$$rtentry$$00000002
    rtentry2.o(.ARM.exidx) refers to rtentry2.o(.ARM.Collect$$rtentry$$00000008) for .ARM.Collect$$rtentry$$00000008
    rtentry2.o(.ARM.exidx) refers to rtentry2.o(.ARM.Collect$$rtentry$$00000009) for .ARM.Collect$$rtentry$$00000009
    rtentry2.o(.ARM.exidx) refers to rtentry2.o(.ARM.Collect$$rtentry$$0000000A) for .ARM.Collect$$rtentry$$0000000A
    rtentry2.o(.ARM.exidx) refers to rtentry2.o(.ARM.Collect$$rtentry$$0000000B) for .ARM.Collect$$rtentry$$0000000B
    rtentry2.o(.ARM.exidx) refers to rtentry2.o(.ARM.Collect$$rtentry$$0000000C) for .ARM.Collect$$rtentry$$0000000C
    rtentry2.o(.ARM.exidx) refers to rtentry2.o(.ARM.Collect$$rtentry$$0000000D) for .ARM.Collect$$rtentry$$0000000D
    rtentry4.o(.ARM.Collect$$rtentry$$00000004) refers to sys_stackheap_outer.o(.text) for __user_setup_stackheap
    rtentry4.o(.ARM.exidx) refers to rtentry4.o(.ARM.Collect$$rtentry$$00000004) for .ARM.Collect$$rtentry$$00000004
    sys_stackheap_outer.o(.text) refers to libspace.o(.text) for __user_perproc_libspace
    sys_stackheap_outer.o(.text) refers to lpc2300.o(.text) for __user_initial_stackheap
    exit.o(.text) refers to rtexit.o(.ARM.Collect$$rtexit$$00000000) for __rt_exit
    libinit.o(.ARM.Collect$$libinit$$00000000) refers (Special) to libinit2.o(.ARM.Collect$$libinit$$0000002A) for __rt_lib_init_alloca_1
    libinit.o(.ARM.Collect$$libinit$$00000000) refers (Special) to libinit2.o(.ARM.Collect$$libinit$$00000028) for __rt_lib_init_argv_1
    libinit.o(.ARM.Collect$$libinit$$00000000) refers (Special) to libinit2.o(.ARM.Collect$$libinit$$00000017) for __rt_lib_init_atexit_1
    libinit.o(.ARM.Collect$$libinit$$00000000) refers (Special) to libinit2.o(.ARM.Collect$$libinit$$0000001D) for __rt_lib_init_clock_1
    libinit.o(.ARM.Collect$$libinit$$00000000) refers (Special) to libinit2.o(.ARM.Collect$$libinit$$0000002E) for __rt_lib_init_cpp_1
    libinit.o(.ARM.Collect$$libinit$$00000000) refers (Special) to libinit2.o(.ARM.Collect$$libinit$$0000002C) for __rt_lib_init_exceptions_1
    libinit.o(.ARM.Collect$$libinit$$00000000) refers (Special) to libinit2.o(.ARM.Collect$$libinit$$0000001B) for __rt_lib_init_fp_trap_1
    libinit.o(.ARM.Collect$$libinit$$00000000) refers (Special) to libinit2.o(.ARM.Collect$$libinit$$0000001F) for __rt_lib_init_getenv_1
    libinit.o(.ARM.Collect$$libinit$$00000000) refers (Special) to libinit2.o(.ARM.Collect$$libinit$$00000006) for __rt_lib_init_heap_1
    libinit.o(.ARM.Collect$$libinit$$00000000) refers (Special) to libinit2.o(.ARM.Collect$$libinit$$0000000D) for __rt_lib_init_lc_collate_1
    libinit.o(.ARM.Collect$$libinit$$00000000) refers (Special) to libinit2.o(.ARM.Collect$$libinit$$0000000F) for __rt_lib_init_lc_ctype_1
    libinit.o(.ARM.Collect$$libinit$$00000000) refers (Special) to libinit2.o(.ARM.Collect$$libinit$$00000011) for __rt_lib_init_lc_monetary_1
    libinit.o(.ARM.Collect$$libinit$$00000000) refers (Special) to libinit2.o(.ARM.Collect$$libinit$$00000013) for __rt_lib_init_lc_numeric_1
    libinit.o(.ARM.Collect$$libinit$$00000000) refers (Special) to libinit2.o(.ARM.Collect$$libinit$$00000015) for __rt_lib_init_lc_time_1
    libinit.o(.ARM.Collect$$libinit$$00000000) refers (Special) to libinit2.o(.ARM.Collect$$libinit$$0000000A) for __rt_lib_init_rand_1
    libinit.o(.ARM.Collect$$libinit$$00000000) refers (Special) to libinit2.o(.ARM.Collect$$libinit$$0000002F) for __rt_lib_init_return
    libinit.o(.ARM.Collect$$libinit$$00000000) refers (Special) to libinit2.o(.ARM.Collect$$libinit$$00000019) for __rt_lib_init_signal_1
    libinit.o(.ARM.Collect$$libinit$$00000000) refers (Special) to libinit2.o(.ARM.Collect$$libinit$$00000021) for __rt_lib_init_stdio_1
    libinit.o(.ARM.Collect$$libinit$$00000000) refers (Special) to libinit2.o(.ARM.Collect$$libinit$$00000008) for __rt_lib_init_user_alloc_1
    libinit.o(.ARM.Collect$$libinit$$00000000) refers to fpinit.o(x$fpl$fpinit) for _fp_init
    libspace.o(.text) refers to libspace.o(.bss) for __libspace_start
    rtexit.o(.ARM.Collect$$rtexit$$00000000) refers (Special) to rtexit2.o(.ARM.Collect$$rtexit$$00000004) for __rt_exit_exit
    rtexit.o(.ARM.Collect$$rtexit$$00000000) refers (Special) to rtexit2.o(.ARM.Collect$$rtexit$$00000003) for __rt_exit_ls
    rtexit.o(.ARM.Collect$$rtexit$$00000000) refers (Special) to rtexit2.o(.ARM.Collect$$rtexit$$00000002) for __rt_exit_prels_1
    rtexit.o(.ARM.exidx) refers (Special) to rtexit2.o(.ARM.Collect$$rtexit$$00000004) for __rt_exit_exit
    rtexit.o(.ARM.exidx) refers (Special) to rtexit2.o(.ARM.Collect$$rtexit$$00000003) for __rt_exit_ls
    rtexit.o(.ARM.exidx) refers (Special) to rtexit2.o(.ARM.Collect$$rtexit$$00000002) for __rt_exit_prels_1
    rtexit.o(.ARM.exidx) refers to rtexit.o(.ARM.Collect$$rtexit$$00000000) for .ARM.Collect$$rtexit$$00000000
    libinit2.o(.ARM.Collect$$libinit$$0000000C) refers to libinit2.o(.ARM.Collect$$libinit$$0000000B) for .ARM.Collect$$libinit$$0000000B
    libinit2.o(.ARM.Collect$$libinit$$0000000E) refers to libinit2.o(.ARM.Collect$$libinit$$0000000B) for .ARM.Collect$$libinit$$0000000B
    libinit2.o(.ARM.Collect$$libinit$$00000010) refers to libinit2.o(.ARM.Collect$$libinit$$0000000B) for .ARM.Collect$$libinit$$0000000B
    libinit2.o(.ARM.Collect$$libinit$$00000012) refers to libinit2.o(.ARM.Collect$$libinit$$0000000B) for .ARM.Collect$$libinit$$0000000B
    libinit2.o(.ARM.Collect$$libinit$$00000014) refers to libinit2.o(.ARM.Collect$$libinit$$0000000B) for .ARM.Collect$$libinit$$0000000B
    libinit2.o(.ARM.Collect$$libinit$$00000022) refers to argv_veneer.o(.emb_text) for __ARM_argv_veneer
    libinit2.o(.ARM.Collect$$libinit$$00000023) refers to argv_veneer.o(.emb_text) for __ARM_argv_veneer
    rtexit2.o(.ARM.Collect$$rtexit$$00000003) refers to libshutdown.o(.ARM.Collect$$libshutdown$$00000000) for __rt_lib_shutdown
    rtexit2.o(.ARM.Collect$$rtexit$$00000004) refers to sys_exit.o(.text) for _sys_exit
    rtexit2.o(.ARM.exidx) refers to rtexit2.o(.ARM.Collect$$rtexit$$00000001) for .ARM.Collect$$rtexit$$00000001
    rtexit2.o(.ARM.exidx) refers to rtexit2.o(.ARM.Collect$$rtexit$$00000002) for .ARM.Collect$$rtexit$$00000002
    rtexit2.o(.ARM.exidx) refers to rtexit2.o(.ARM.Collect$$rtexit$$00000003) for .ARM.Collect$$rtexit$$00000003
    rtexit2.o(.ARM.exidx) refers to rtexit2.o(.ARM.Collect$$rtexit$$00000004) for .ARM.Collect$$rtexit$$00000004
    argv_veneer.o(.emb_text) refers to no_argv.o(.text) for __ARM_get_argv
    sys_exit.o(.text) refers to use_no_semi.o(.text) for __I$use$semihosting
    _get_argv_nomalloc.o(.text) refers (Special) to hrguard.o(.text) for __heap_region$guard
    _get_argv_nomalloc.o(.text) refers to defsig_rtmem_outer.o(.text) for __rt_SIGRTMEM
    _get_argv_nomalloc.o(.text) refers to sys_command.o(.text) for _sys_command_string
    libshutdown.o(.ARM.Collect$$libshutdown$$00000000) refers (Special) to libshutdown2.o(.ARM.Collect$$libshutdown$$00000006) for __rt_lib_shutdown_fp_trap_1
    libshutdown.o(.ARM.Collect$$libshutdown$$00000000) refers (Special) to libshutdown2.o(.ARM.Collect$$libshutdown$$0000000E) for __rt_lib_shutdown_heap_1
    libshutdown.o(.ARM.Collect$$libshutdown$$00000000) refers (Special) to libshutdown2.o(.ARM.Collect$$libshutdown$$0000000F) for __rt_lib_shutdown_return
    libshutdown.o(.ARM.Collect$$libshutdown$$00000000) refers (Special) to libshutdown2.o(.ARM.Collect$$libshutdown$$00000009) for __rt_lib_shutdown_signal_1
    libshutdown.o(.ARM.Collect$$libshutdown$$00000000) refers (Special) to libshutdown2.o(.ARM.Collect$$libshutdown$$00000003) for __rt_lib_shutdown_stdio_1
    libshutdown.o(.ARM.Collect$$libshutdown$$00000000) refers (Special) to libshutdown2.o(.ARM.Collect$$libshutdown$$0000000B) for __rt_lib_shutdown_user_alloc_1
    sys_command.o(.text) refers (Special) to use_no_semi.o(.text) for __I$use$semihosting
    defsig_rtmem_outer.o(.text) refers to defsig_rtmem_inner.o(.text) for __rt_SIGRTMEM_inner
    defsig_rtmem_outer.o(.text) refers to defsig_exit.o(.text) for __sig_exit
    defsig_rtmem_formal.o(.text) refers to rt_raise.o(.text) for __rt_raise
    rt_raise.o(.text) refers to __raise.o(.text) for __raise
    rt_raise.o(.text) refers to sys_exit.o(.text) for _sys_exit
    defsig_exit.o(.text) refers to sys_exit.o(.text) for _sys_exit
    defsig_rtmem_inner.o(.text) refers to defsig_general.o(.text) for __default_signal_display
    __raise.o(.text) refers to defsig.o(CL$$defsig) for __default_signal_handler
    __raise.o(.text) refers to sbl_iap.o(i.__ARM_common_call_via_r2) for __ARM_common_call_via_r2
    defsig_general.o(.text) refers to sys_wrch.o(.text) for _ttywrch
    sys_wrch.o(.text) refers (Special) to use_no_semi.o(.text) for __I$use$semihosting
    defsig.o(CL$$defsig) refers to defsig_rtmem_inner.o(.text) for __rt_SIGRTMEM_inner
    defsig_abrt_inner.o(.text) refers to defsig_general.o(.text) for __default_signal_display
    defsig_fpe_inner.o(.text) refers to defsig_general.o(.text) for __default_signal_display
    defsig_rtred_inner.o(.text) refers to defsig_general.o(.text) for __default_signal_display
    defsig_stak_inner.o(.text) refers to defsig_general.o(.text) for __default_signal_display
    defsig_pvfn_inner.o(.text) refers to defsig_general.o(.text) for __default_signal_display
    defsig_cppl_inner.o(.text) refers to defsig_general.o(.text) for __default_signal_display
    defsig_segv_inner.o(.text) refers to defsig_general.o(.text) for __default_signal_display
    defsig_other.o(.text) refers to defsig_general.o(.text) for __default_signal_display
    usbcore.o(i.USB_SetClrFeature) refers to usbhw.o(.text) for USB_SetStallEP
    usbcore.o(i.USB_SetClrFeature) refers to usbcore.o(.data) for .data
    usbcore.o(i.USB_SetConfiguration) refers to usbhw.o(.text) for USB_ConfigEP
    usbcore.o(i.USB_SetConfiguration) refers to usbcore.o(.data) for .data
    usbcore.o(i.USB_SetConfiguration) refers to usbdesc.o(.constdata) for USB_ConfigDescriptor
    usbcore.o(i.USB_GetStatus) refers to usbcore.o(.text) for USB_DataInStage
    usbcore.o(i.USB_GetStatus) refers to usbcore.o(.data) for .data
    usbcore.o(i.USB_GetStatus) refers to usbcore.o(.bss) for .bss
    usbcore.o(i.USB_GetDescriptor) refers to usbcore.o(.text) for USB_DataInStage
    usbcore.o(i.USB_GetDescriptor) refers to usbcore.o(.data) for .data
    usbcore.o(i.USB_GetDescriptor) refers to usbdesc.o(.constdata) for USB_StringDescriptor
    usbcore.o(i.USB_GetDescriptor) refers to usbdesc.o(.constdata) for USB_DeviceDescriptor
    usbcore.o(i.USB_GetDescriptor) refers to usbdesc.o(.constdata) for USB_ConfigDescriptor
    usbcore.o(i.USB_SetInterface) refers to usbhw.o(.text) for USB_ConfigEP
    usbcore.o(i.USB_SetInterface) refers to usbcore.o(.data) for .data
    usbcore.o(i.USB_SetInterface) refers to usbdesc.o(.constdata) for USB_ConfigDescriptor


==============================================================================

Image Symbol Table

    Local Symbols

    Symbol Name                              Value     Ov Type        Size  Object(Section)

    RESET                                    0x00000000   Section      364  lpc2300.o(RESET)
    ../../angel/boardlib.s                   0x00000000   Number         0  boardinit1.o ABSOLUTE
    ../../angel/boardlib.s                   0x00000000   Number         0  boardshut.o ABSOLUTE
    ../../angel/boardlib.s                   0x00000000   Number         0  boardinit3.o ABSOLUTE
    ../../angel/boardlib.s                   0x00000000   Number         0  boardinit2.o ABSOLUTE
    ../../angel/handlers.s                   0x00000000   Number         0  __scatter_zi.o ABSOLUTE
    ../../angel/handlers.s                   0x00000000   Number         0  __scatter_copy.o ABSOLUTE
    ../../angel/kernel.s                     0x00000000   Number         0  rtentry.o ABSOLUTE
    ../../angel/kernel.s                     0x00000000   Number         0  rtentry4.o ABSOLUTE
    ../../angel/kernel.s                     0x00000000   Number         0  rtexit.o ABSOLUTE
    ../../angel/kernel.s                     0x00000000   Number         0  rtexit2.o ABSOLUTE
    ../../angel/kernel.s                     0x00000000   Number         0  rtentry2.o ABSOLUTE
    ../../angel/rt.s                         0x00000000   Number         0  rt_raise.o ABSOLUTE
    ../../angel/scatter.s                    0x00000000   Number         0  __scatter.o ABSOLUTE
    ../../angel/startup.s                    0x00000000   Number         0  __main.o ABSOLUTE
    ../../angel/sys.s                        0x00000000   Number         0  sys_stackheap_outer.o ABSOLUTE
    ../../angel/sys.s                        0x00000000   Number         0  sys_exit.o ABSOLUTE
    ../../angel/sys.s                        0x00000000   Number         0  use_no_semi.o ABSOLUTE
    ../../angel/sys.s                        0x00000000   Number         0  libspace.o ABSOLUTE
    ../../angel/sysapp.c                     0x00000000   Number         0  sys_wrch.o ABSOLUTE
    ../../angel/sysapp.c                     0x00000000   Number         0  sys_command.o ABSOLUTE
    ../../armsys.c                           0x00000000   Number         0  argv_veneer.o ABSOLUTE
    ../../armsys.c                           0x00000000   Number         0  argv_veneer.o ABSOLUTE
    ../../armsys.c                           0x00000000   Number         0  _get_argv_nomalloc.o ABSOLUTE
    ../../armsys.c                           0x00000000   Number         0  no_argv.o ABSOLUTE
    ../../fpinit.s                           0x00000000   Number         0  fpinit.o ABSOLUTE
    ../../heapalloc.c                        0x00000000   Number         0  hrguard.o ABSOLUTE
    ../../heapaux.c                          0x00000000   Number         0  heapauxi.o ABSOLUTE
    ../../libinit.s                          0x00000000   Number         0  libinit2.o ABSOLUTE
    ../../libinit.s                          0x00000000   Number         0  libshutdown.o ABSOLUTE
    ../../libinit.s                          0x00000000   Number         0  libshutdown2.o ABSOLUTE
    ../../libinit.s                          0x00000000   Number         0  libinit.o ABSOLUTE
    ../../signal.c                           0x00000000   Number         0  defsig_rtred_inner.o ABSOLUTE
    ../../signal.c                           0x00000000   Number         0  defsig_fpe_inner.o ABSOLUTE
    ../../signal.c                           0x00000000   Number         0  defsig_abrt_inner.o ABSOLUTE
    ../../signal.c                           0x00000000   Number         0  __raise.o ABSOLUTE
    ../../signal.c                           0x00000000   Number         0  defsig_rtmem_inner.o ABSOLUTE
    ../../signal.c                           0x00000000   Number         0  defsig_exit.o ABSOLUTE
    ../../signal.c                           0x00000000   Number         0  defsig_rtmem_formal.o ABSOLUTE
    ../../signal.c                           0x00000000   Number         0  defsig_general.o ABSOLUTE
    ../../signal.c                           0x00000000   Number         0  defsig_rtmem_outer.o ABSOLUTE
    ../../signal.c                           0x00000000   Number         0  defsig_other.o ABSOLUTE
    ../../signal.c                           0x00000000   Number         0  defsig_segv_inner.o ABSOLUTE
    ../../signal.c                           0x00000000   Number         0  defsig_cppl_inner.o ABSOLUTE
    ../../signal.c                           0x00000000   Number         0  defsig_pvfn_inner.o ABSOLUTE
    ../../signal.c                           0x00000000   Number         0  defsig_stak_inner.o ABSOLUTE
    ../../signal.s                           0x00000000   Number         0  defsig.o ABSOLUTE
    ../../stdlib.c                           0x00000000   Number         0  exit.o ABSOLUTE
    ../../unhosted.s                         0x00000000   Number         0  uwrite4.o ABSOLUTE
    ../../unhosted.s                         0x00000000   Number         0  uread4.o ABSOLUTE
    ..\..\..\bootloader_common\src\DiskImg.c 0x00000000   Number         0  diskimg.o ABSOLUTE
    ..\..\..\bootloader_common\src\LPC2300.s 0x00000000   Number         0  lpc2300.o ABSOLUTE
    ..\..\..\bootloader_common\src\Serial.c  0x00000000   Number         0  serial.o ABSOLUTE
    ..\..\..\bootloader_common\src\mscuser.c 0x00000000   Number         0  mscuser.o ABSOLUTE
    ..\..\..\bootloader_common\src\sbl_iap.c 0x00000000   Number         0  sbl_iap.o ABSOLUTE
    ..\..\..\bootloader_common\src\timer.c   0x00000000   Number         0  timer.o ABSOLUTE
    ..\..\..\bootloader_common\src\usbcore.c 0x00000000   Number         0  usbcore.o ABSOLUTE
    ..\..\..\bootloader_common\src\usbdesc.c 0x00000000   Number         0  usbdesc.o ABSOLUTE
    ..\..\..\bootloader_common\src\usbhw.c   0x00000000   Number         0  usbhw.o ABSOLUTE
    ..\..\..\bootloader_common\src\usbuser.c 0x00000000   Number         0  usbuser.o ABSOLUTE
    dc.s                                     0x00000000   Number         0  dc.o ABSOLUTE
    src\main.c                               0x00000000   Number         0  main.o ABSOLUTE
    src\memory.c                             0x00000000   Number         0  memory.o ABSOLUTE
    Undef_Handler                            0x00000040   ARM Code       4  lpc2300.o(RESET)
    SWI_Handler                              0x00000044   ARM Code       4  lpc2300.o(RESET)
    PAbt_Handler                             0x00000048   ARM Code       4  lpc2300.o(RESET)
    DAbt_Handler                             0x0000004c   ARM Code       4  lpc2300.o(RESET)
    IRQ_Handler                              0x00000050   ARM Code       4  lpc2300.o(RESET)
    FIQ_Handler                              0x00000054   ARM Code       4  lpc2300.o(RESET)
    !!!main                                  0x0000016c   Section        8  __main.o(!!!main)
    !!!scatter                               0x00000174   Section       60  __scatter.o(!!!scatter)
    !!handler_copy                           0x000001b0   Section       40  __scatter_copy.o(!!handler_copy)
    .ARM.Collect$$libinit$$00000000          0x000001e0   Section        6  libinit.o(.ARM.Collect$$libinit$$00000000)
    .ARM.Collect$$libinit$$00000006          0x000001e6   Section        0  libinit2.o(.ARM.Collect$$libinit$$00000006)
    .ARM.Collect$$libinit$$00000008          0x000001e6   Section        0  libinit2.o(.ARM.Collect$$libinit$$00000008)
    .ARM.Collect$$libinit$$0000000A          0x000001e6   Section        0  libinit2.o(.ARM.Collect$$libinit$$0000000A)
    .ARM.Collect$$libinit$$0000000D          0x000001e6   Section        0  libinit2.o(.ARM.Collect$$libinit$$0000000D)
    .ARM.Collect$$libinit$$0000000F          0x000001e6   Section        0  libinit2.o(.ARM.Collect$$libinit$$0000000F)
    .ARM.Collect$$libinit$$00000011          0x000001e6   Section        0  libinit2.o(.ARM.Collect$$libinit$$00000011)
    .ARM.Collect$$libinit$$00000013          0x000001e6   Section        0  libinit2.o(.ARM.Collect$$libinit$$00000013)
    .ARM.Collect$$libinit$$00000015          0x000001e6   Section        0  libinit2.o(.ARM.Collect$$libinit$$00000015)
    .ARM.Collect$$libinit$$00000017          0x000001e6   Section        0  libinit2.o(.ARM.Collect$$libinit$$00000017)
    .ARM.Collect$$libinit$$00000019          0x000001e6   Section        0  libinit2.o(.ARM.Collect$$libinit$$00000019)
    .ARM.Collect$$libinit$$0000001B          0x000001e6   Section        0  libinit2.o(.ARM.Collect$$libinit$$0000001B)
    .ARM.Collect$$libinit$$0000001D          0x000001e6   Section        0  libinit2.o(.ARM.Collect$$libinit$$0000001D)
    .ARM.Collect$$libinit$$0000001F          0x000001e6   Section        0  libinit2.o(.ARM.Collect$$libinit$$0000001F)
    .ARM.Collect$$libinit$$00000021          0x000001e6   Section        0  libinit2.o(.ARM.Collect$$libinit$$00000021)
    .ARM.Collect$$libinit$$00000028          0x000001e6   Section        0  libinit2.o(.ARM.Collect$$libinit$$00000028)
    .ARM.Collect$$libinit$$0000002A          0x000001e6   Section        0  libinit2.o(.ARM.Collect$$libinit$$0000002A)
    .ARM.Collect$$libinit$$0000002C          0x000001e6   Section        0  libinit2.o(.ARM.Collect$$libinit$$0000002C)
    .ARM.Collect$$libinit$$0000002E          0x000001e6   Section        0  libinit2.o(.ARM.Collect$$libinit$$0000002E)
    .ARM.Collect$$libinit$$0000002F          0x000001e6   Section       12  libinit2.o(.ARM.Collect$$libinit$$0000002F)
    .ARM.Collect$$libshutdown$$00000003      0x000001f2   Section        0  libshutdown2.o(.ARM.Collect$$libshutdown$$00000003)
    .ARM.Collect$$libshutdown$$00000006      0x000001f2   Section        0  libshutdown2.o(.ARM.Collect$$libshutdown$$00000006)
    .ARM.Collect$$libshutdown$$00000009      0x000001f2   Section        0  libshutdown2.o(.ARM.Collect$$libshutdown$$00000009)
    .ARM.Collect$$libshutdown$$0000000B      0x000001f2   Section        0  libshutdown2.o(.ARM.Collect$$libshutdown$$0000000B)
    .ARM.Collect$$libshutdown$$0000000E      0x000001f2   Section        0  libshutdown2.o(.ARM.Collect$$libshutdown$$0000000E)
    .ARM.Collect$$libshutdown$$0000000F      0x000001f2   Section        6  libshutdown2.o(.ARM.Collect$$libshutdown$$0000000F)
    .ARM.Collect$$rtexit$$00000000           0x000001fc   Section        0  rtexit.o(.ARM.Collect$$rtexit$$00000000)
    .ARM.__at_0x1FC                          0x000001fc   Section        4  sbl_iap.o(.ARM.__at_0x1FC)
    !!handler_zi                             0x00000200   Section       44  __scatter_zi.o(!!handler_zi)
    .ARM.Collect$$libshutdown$$00000000      0x00000234   Section        4  libshutdown.o(.ARM.Collect$$libshutdown$$00000000)
    .ARM.Collect$$rtentry$$00000000          0x00000238   Section        0  rtentry.o(.ARM.Collect$$rtentry$$00000000)
    .ARM.Collect$$rtentry$$00000002          0x00000238   Section        0  rtentry2.o(.ARM.Collect$$rtentry$$00000002)
    .ARM.Collect$$rtentry$$00000004          0x00000238   Section        8  rtentry4.o(.ARM.Collect$$rtentry$$00000004)
    .ARM.Collect$$rtentry$$00000009          0x00000240   Section        0  rtentry2.o(.ARM.Collect$$rtentry$$00000009)
    .ARM.Collect$$rtentry$$0000000A          0x00000240   Section        4  rtentry2.o(.ARM.Collect$$rtentry$$0000000A)
    .ARM.Collect$$rtentry$$0000000C          0x00000244   Section        0  rtentry2.o(.ARM.Collect$$rtentry$$0000000C)
    .ARM.Collect$$rtentry$$0000000D          0x00000244   Section       40  rtentry2.o(.ARM.Collect$$rtentry$$0000000D)
    .ARM.Collect$$rtexit$$00000002           0x0000026c   Section        0  rtexit2.o(.ARM.Collect$$rtexit$$00000002)
    .ARM.Collect$$rtexit$$00000003           0x0000026c   Section        4  rtexit2.o(.ARM.Collect$$rtexit$$00000003)
    .ARM.Collect$$rtexit$$00000004           0x00000270   Section        4  rtexit2.o(.ARM.Collect$$rtexit$$00000004)
    .text                                    0x00000274   Section       32  lpc2300.o(.text)
    .text                                    0x0000029c   Section      740  usbhw.o(.text)
    .text                                    0x00000580   Section      292  usbhw.o(.text)
    .text                                    0x000006a4   Section      492  usbcore.o(.text)
    .text                                    0x00000898   Section       84  usbuser.o(.text)
    .text                                    0x000008ec   Section     1972  mscuser.o(.text)
    .text                                    0x000010a0   Section      472  memory.o(.text)
    .text                                    0x00001278   Section      388  sbl_iap.o(.text)
    .text                                    0x000013fc   Section      184  main.o(.text)
    .text                                    0x000014b4   Section      120  serial.o(.text)
    .text                                    0x0000152c   Section      120  timer.o(.text)
    .text                                    0x000015a8   Section       32  uread4.o(.text)
    .text                                    0x000015cc   Section       32  uwrite4.o(.text)
    .text                                    0x000015ec   Section        6  heapauxi.o(.text)
    .text                                    0x000015f4   Section       96  sys_stackheap_outer.o(.text)
    .text                                    0x00001654   Section       12  exit.o(.text)
    .text                                    0x00001660   Section       12  libspace.o(.text)
    .text                                    0x0000166c   Section       24  sys_exit.o(.text)
    .text                                    0x00001684   Section        4  use_no_semi.o(.text)
    i.USB_GetDescriptor                      0x000016d0   Section      136  usbcore.o(i.USB_GetDescriptor)
    i.USB_GetStatus                          0x00001758   Section      136  usbcore.o(i.USB_GetStatus)
    i.USB_SetClrFeature                      0x000017e0   Section      152  usbcore.o(i.USB_SetClrFeature)
    i.USB_SetConfiguration                   0x00001878   Section      328  usbcore.o(i.USB_SetConfiguration)
    i.USB_SetInterface                       0x000019c0   Section      240  usbcore.o(i.USB_SetInterface)
    i.__ARM_common_call_via_r0               0x00001ab0   Section        2  sbl_iap.o(i.__ARM_common_call_via_r0)
    i.__ARM_common_call_via_r2               0x00001ab2   Section        2  sbl_iap.o(i.__ARM_common_call_via_r2)
    i.__ARM_common_switch8                   0x00001ab8   Section       24  usbcore.o(i.__ARM_common_switch8)
    x$fpl$fpinit                             0x00001ad4   Section        4  fpinit.o(x$fpl$fpinit)
    .constdata                               0x00001ad8   Section       30  diskimg.o(.constdata)
    .constdata                               0x00001af6   Section       64  diskimg.o(.constdata)
    .constdata                               0x00001b36   Section        7  diskimg.o(.constdata)
    .constdata                               0x00001b3d   Section       18  usbdesc.o(.constdata)
    .constdata                               0x00001b4f   Section       33  usbdesc.o(.constdata)
    .constdata                               0x00001b70   Section       86  usbdesc.o(.constdata)
    .constdata                               0x00001bc8   Section       64  usbuser.o(.constdata)
    .constdata                               0x00001c08   Section      256  sbl_iap.o(.constdata)
    .conststring                             0x00001d08   Section       38  main.o(.conststring)
    .data                                    0x40000000   Section       36  usbcore.o(.data)
    .data                                    0x40000024   Section       20  mscuser.o(.data)
    .data                                    0x40000038   Section        8  memory.o(.data)
    .data                                    0x40000040   Section       12  sbl_iap.o(.data)
    .data                                    0x4000004c   Section        8  main.o(.data)
    .bss                                     0x40000054   Section       64  usbcore.o(.bss)
    .bss                                     0x40000094   Section     1708  mscuser.o(.bss)
    .bss                                     0x40000740   Section      296  sbl_iap.o(.bss)
    .bss                                     0x40000868   Section       20  timer.o(.bss)
    .bss                                     0x4000087c   Section       96  libspace.o(.bss)
    HEAP                                     0x400008e0   Section        0  lpc2300.o(HEAP)
    STACK                                    0x400008e0   Section     1288  lpc2300.o(STACK)
    Heap_Mem                                 0x400008e0   Data           0  lpc2300.o(HEAP)
    Stack_Mem                                0x400008e0   Data        1024  lpc2300.o(STACK)
    Stack_Top                                0x40000de8   Data           0  lpc2300.o(STACK)

    Global Symbols

    Symbol Name                              Value     Ov Type        Size  Object(Section)

    BuildAttributes$$THM_ISAv1$ARM_ISAv4$S$PE$A:L22$X:L11$S22$IEEE1$IW$USESV6$~STKCKD$USESV7$~SHL$OSPACE$ROPI$EBA8$UX$STANDARDLIB$REQ8$EABIv2 0x00000000   Number         0  anon$$obj.o ABSOLUTE
    __ARM_use_no_argv                        0x00000000   Number         0  main.o ABSOLUTE
    __ARM_exceptions_init                     - Undefined Weak Reference
    __alloca_initialize                       - Undefined Weak Reference
    __cpp_initialize__aeabi_                  - Undefined Weak Reference
    __cxa_finalize                            - Undefined Weak Reference
    __rt_locale                               - Undefined Weak Reference
    __sigvec_lookup                           - Undefined Weak Reference
    _atexit_init                              - Undefined Weak Reference
    _call_atexit_fns                          - Undefined Weak Reference
    _clock_init                               - Undefined Weak Reference
    _fp_trap_init                             - Undefined Weak Reference
    _fp_trap_shutdown                         - Undefined Weak Reference
    _get_lc_collate                           - Undefined Weak Reference
    _get_lc_ctype                             - Undefined Weak Reference
    _get_lc_monetary                          - Undefined Weak Reference
    _get_lc_numeric                           - Undefined Weak Reference
    _get_lc_time                              - Undefined Weak Reference
    _getenv_init                              - Undefined Weak Reference
    _handle_redirection                       - Undefined Weak Reference
    _init_alloc                               - Undefined Weak Reference
    _init_user_alloc                          - Undefined Weak Reference
    _initio                                   - Undefined Weak Reference
    _rand_init                                - Undefined Weak Reference
    _signal_finish                            - Undefined Weak Reference
    _signal_init                              - Undefined Weak Reference
    _terminate_alloc                          - Undefined Weak Reference
    _terminate_user_alloc                     - Undefined Weak Reference
    _terminateio                              - Undefined Weak Reference
    Reset_Handler                            0x00000058   ARM Code       0  lpc2300.o(RESET)
    __main                                   0x0000016c   ARM Code       8  __main.o(!!!main)
    __scatterload                            0x00000174   ARM Code       0  __scatter.o(!!!scatter)
    __scatterload_rt2                        0x00000174   ARM Code      52  __scatter.o(!!!scatter)
    __scatterload_null                       0x00000188   ARM Code       0  __scatter.o(!!!scatter)
    __scatterload_copy                       0x000001b0   ARM Code      40  __scatter_copy.o(!!handler_copy)
    Inline ARM to Thumb Veneer to __rt_lib_init 0x000001d8   ARM Code       8  libinit.o(.ARM.Collect$$libinit$$00000000)
    __rt_lib_init                            0x000001e1   Thumb Code     0  libinit.o(.ARM.Collect$$libinit$$00000000)
    __rt_lib_init_alloca_1                   0x000001e7   Thumb Code     0  libinit2.o(.ARM.Collect$$libinit$$0000002A)
    __rt_lib_init_argv_1                     0x000001e7   Thumb Code     0  libinit2.o(.ARM.Collect$$libinit$$00000028)
    __rt_lib_init_atexit_1                   0x000001e7   Thumb Code     0  libinit2.o(.ARM.Collect$$libinit$$00000017)
    __rt_lib_init_clock_1                    0x000001e7   Thumb Code     0  libinit2.o(.ARM.Collect$$libinit$$0000001D)
    __rt_lib_init_cpp_1                      0x000001e7   Thumb Code     0  libinit2.o(.ARM.Collect$$libinit$$0000002E)
    __rt_lib_init_exceptions_1               0x000001e7   Thumb Code     0  libinit2.o(.ARM.Collect$$libinit$$0000002C)
    __rt_lib_init_fp_trap_1                  0x000001e7   Thumb Code     0  libinit2.o(.ARM.Collect$$libinit$$0000001B)
    __rt_lib_init_getenv_1                   0x000001e7   Thumb Code     0  libinit2.o(.ARM.Collect$$libinit$$0000001F)
    __rt_lib_init_heap_1                     0x000001e7   Thumb Code     0  libinit2.o(.ARM.Collect$$libinit$$00000006)
    __rt_lib_init_lc_collate_1               0x000001e7   Thumb Code     0  libinit2.o(.ARM.Collect$$libinit$$0000000D)
    __rt_lib_init_lc_ctype_1                 0x000001e7   Thumb Code     0  libinit2.o(.ARM.Collect$$libinit$$0000000F)
    __rt_lib_init_lc_monetary_1              0x000001e7   Thumb Code     0  libinit2.o(.ARM.Collect$$libinit$$00000011)
    __rt_lib_init_lc_numeric_1               0x000001e7   Thumb Code     0  libinit2.o(.ARM.Collect$$libinit$$00000013)
    __rt_lib_init_lc_time_1                  0x000001e7   Thumb Code     0  libinit2.o(.ARM.Collect$$libinit$$00000015)
    __rt_lib_init_rand_1                     0x000001e7   Thumb Code     0  libinit2.o(.ARM.Collect$$libinit$$0000000A)
    __rt_lib_init_return                     0x000001e7   Thumb Code     0  libinit2.o(.ARM.Collect$$libinit$$0000002F)
    __rt_lib_init_signal_1                   0x000001e7   Thumb Code     0  libinit2.o(.ARM.Collect$$libinit$$00000019)
    __rt_lib_init_stdio_1                    0x000001e7   Thumb Code     0  libinit2.o(.ARM.Collect$$libinit$$00000021)
    __rt_lib_init_user_alloc_1               0x000001e7   Thumb Code     0  libinit2.o(.ARM.Collect$$libinit$$00000008)
    __rt_lib_shutdown_fp_trap_1              0x000001f3   Thumb Code     0  libshutdown2.o(.ARM.Collect$$libshutdown$$00000006)
    __rt_lib_shutdown_heap_1                 0x000001f3   Thumb Code     0  libshutdown2.o(.ARM.Collect$$libshutdown$$0000000E)
    __rt_lib_shutdown_return                 0x000001f3   Thumb Code     0  libshutdown2.o(.ARM.Collect$$libshutdown$$0000000F)
    __rt_lib_shutdown_signal_1               0x000001f3   Thumb Code     0  libshutdown2.o(.ARM.Collect$$libshutdown$$00000009)
    __rt_lib_shutdown_stdio_1                0x000001f3   Thumb Code     0  libshutdown2.o(.ARM.Collect$$libshutdown$$00000003)
    __rt_lib_shutdown_user_alloc_1           0x000001f3   Thumb Code     0  libshutdown2.o(.ARM.Collect$$libshutdown$$0000000B)
    Inline Thumb to ARM Veneer to __rt_exit  0x000001f9   Thumb Code     4  rtexit.o(.ARM.Collect$$rtexit$$00000000)
    __rt_exit                                0x000001fc   ARM Code       0  rtexit.o(.ARM.Collect$$rtexit$$00000000)
    crp                                      0x000001fc   Data           4  sbl_iap.o(.ARM.__at_0x1FC)
    __scatterload_zeroinit                   0x00000200   ARM Code      44  __scatter_zi.o(!!handler_zi)
    Inline ARM to Thumb Veneer to __rt_lib_shutdown 0x0000022c   ARM Code       8  libshutdown.o(.ARM.Collect$$libshutdown$$00000000)
    __rt_lib_shutdown                        0x00000235   Thumb Code     0  libshutdown.o(.ARM.Collect$$libshutdown$$00000000)
    __rt_entry                               0x00000238   ARM Code       0  rtentry.o(.ARM.Collect$$rtentry$$00000000)
    __rt_entry_presh_1                       0x00000238   ARM Code       0  rtentry2.o(.ARM.Collect$$rtentry$$00000002)
    __rt_entry_sh                            0x00000238   ARM Code       0  rtentry4.o(.ARM.Collect$$rtentry$$00000004)
    __rt_entry_li                            0x00000240   ARM Code       0  rtentry2.o(.ARM.Collect$$rtentry$$0000000A)
    __rt_entry_postsh_1                      0x00000240   ARM Code       0  rtentry2.o(.ARM.Collect$$rtentry$$00000009)
    __rt_entry_main                          0x00000244   ARM Code       0  rtentry2.o(.ARM.Collect$$rtentry$$0000000D)
    __rt_entry_postli_1                      0x00000244   ARM Code       0  rtentry2.o(.ARM.Collect$$rtentry$$0000000C)
    __rt_exit_ls                             0x0000026c   ARM Code       0  rtexit2.o(.ARM.Collect$$rtexit$$00000003)
    __rt_exit_prels_1                        0x0000026c   ARM Code       0  rtexit2.o(.ARM.Collect$$rtexit$$00000002)
    __rt_exit_exit                           0x00000270   ARM Code       0  rtexit2.o(.ARM.Collect$$rtexit$$00000004)
    __user_initial_stackheap                 0x00000274   ARM Code       0  lpc2300.o(.text)
    Inline ARM to Thumb Veneer to WrCmd      0x00000294   ARM Code       8  usbhw.o(.text)
    EPAdr                                    0x0000029d   Thumb Code    14  usbhw.o(.text)
    WrCmd                                    0x000002ab   Thumb Code    16  usbhw.o(.text)
    WrCmdDat                                 0x000002bb   Thumb Code    26  usbhw.o(.text)
    RdCmdDat                                 0x000002d5   Thumb Code    18  usbhw.o(.text)
    USB_SetAddress                           0x000002e7   Thumb Code    32  usbhw.o(.text)
    USB_Reset                                0x00000307   Thumb Code    42  usbhw.o(.text)
    USB_Resume                               0x00000331   Thumb Code     2  usbhw.o(.text)
    USB_Suspend                              0x00000333   Thumb Code     2  usbhw.o(.text)
    USB_Init                                 0x00000335   Thumb Code   116  usbhw.o(.text)
    USB_Connect                              0x000003a9   Thumb Code    16  usbhw.o(.text)
    USB_WakeUpCfg                            0x000003b9   Thumb Code     2  usbhw.o(.text)
    USB_Configure                            0x000003bb   Thumb Code    44  usbhw.o(.text)
    USB_ConfigEP                             0x000003e7   Thumb Code    56  usbhw.o(.text)
    USB_DirCtrlEP                            0x0000041f   Thumb Code     2  usbhw.o(.text)
    USB_EnableEP                             0x00000421   Thumb Code    20  usbhw.o(.text)
    USB_DisableEP                            0x00000435   Thumb Code    20  usbhw.o(.text)
    USB_ResetEP                              0x00000449   Thumb Code    20  usbhw.o(.text)
    USB_SetStallEP                           0x0000045d   Thumb Code    20  usbhw.o(.text)
    USB_ClrStallEP                           0x00000471   Thumb Code    20  usbhw.o(.text)
    USB_ReadEP                               0x00000485   Thumb Code   100  usbhw.o(.text)
    USB_WriteEP                              0x000004e9   Thumb Code    78  usbhw.o(.text)
    USB_ISR                                  0x00000580   ARM Code     276  usbhw.o(.text)
    USB_ResetCore                            0x000006a5   Thumb Code    20  usbcore.o(.text)
    USB_SetupStage                           0x000006b9   Thumb Code    18  usbcore.o(.text)
    USB_DataInStage                          0x000006cb   Thumb Code    36  usbcore.o(.text)
    USB_DataOutStage                         0x000006ef   Thumb Code    28  usbcore.o(.text)
    USB_StatusInStage                        0x0000070b   Thumb Code    14  usbcore.o(.text)
    USB_StatusOutStage                       0x00000719   Thumb Code    12  usbcore.o(.text)
    USB_EndPoint0                            0x00000725   Thumb Code   352  usbcore.o(.text)
    Inline ARM to Thumb Veneer to USB_Reset_Event 0x00000890   ARM Code       8  usbuser.o(.text)
    USB_Reset_Event                          0x00000899   Thumb Code    18  usbuser.o(.text)
    USB_Suspend_Event                        0x000008ab   Thumb Code     8  usbuser.o(.text)
    USB_Resume_Event                         0x000008b3   Thumb Code     8  usbuser.o(.text)
    USB_Configure_Event                      0x000008bb   Thumb Code    20  usbuser.o(.text)
    USB_EndPoint2                            0x000008cf   Thumb Code    22  usbuser.o(.text)
    MSC_Reset                                0x000008ed   Thumb Code    16  mscuser.o(.text)
    MSC_GetMaxLUN                            0x000008fd   Thumb Code    10  mscuser.o(.text)
    translate_rd                             0x00000907   Thumb Code   136  mscuser.o(.text)
    MSC_MemoryRead                           0x0000098f   Thumb Code   124  mscuser.o(.text)
    MSC_SetCSW                               0x00000a0b   Thumb Code    36  mscuser.o(.text)
    translate_wr                             0x00000a2f   Thumb Code   130  mscuser.o(.text)
    MSC_MemoryWrite                          0x00000ab1   Thumb Code   134  mscuser.o(.text)
    MSC_MemoryVerify                         0x00000b37   Thumb Code   140  mscuser.o(.text)
    MSC_RWSetup                              0x00000bc3   Thumb Code    88  mscuser.o(.text)
    DataInFormat                             0x00000c1b   Thumb Code    56  mscuser.o(.text)
    DataInTransfer                           0x00000c53   Thumb Code    66  mscuser.o(.text)
    MSC_TestUnitReady                        0x00000c95   Thumb Code    48  mscuser.o(.text)
    MSC_RequestSense                         0x00000cc5   Thumb Code   140  mscuser.o(.text)
    MSC_Inquiry                              0x00000d51   Thumb Code   138  mscuser.o(.text)
    MSC_ModeSense6                           0x00000ddb   Thumb Code    36  mscuser.o(.text)
    MSC_ModeSense10                          0x00000dff   Thumb Code    44  mscuser.o(.text)
    MSC_ReadCapacity                         0x00000e2b   Thumb Code    68  mscuser.o(.text)
    MSC_ReadFormatCapacity                   0x00000e6f   Thumb Code    74  mscuser.o(.text)
    MSC_GetCBW                               0x00000eb9   Thumb Code   320  mscuser.o(.text)
    MSC_BulkIn                               0x00000ff9   Thumb Code    58  mscuser.o(.text)
    MSC_BulkOut                              0x00001033   Thumb Code    76  mscuser.o(.text)
    resetDevice                              0x000010a1   Thumb Code    44  memory.o(.text)
    LED_Init                                 0x000010cd   Thumb Code    16  memory.o(.text)
    enter_usb_isp                            0x000010dd   Thumb Code   290  memory.o(.text)
    write_data                               0x00001279   Thumb Code    38  sbl_iap.o(.text)
    prepare_sector                           0x0000129f   Thumb Code    22  sbl_iap.o(.text)
    erase_sector                             0x000012b5   Thumb Code    22  sbl_iap.o(.text)
    find_erase_prepare_sector                0x000012cb   Thumb Code    76  sbl_iap.o(.text)
    write_flash                              0x00001317   Thumb Code   100  sbl_iap.o(.text)
    execute_user_code                        0x0000137b   Thumb Code    32  sbl_iap.o(.text)
    user_code_present                        0x0000139b   Thumb Code    38  sbl_iap.o(.text)
    erase_user_flash                         0x000013c1   Thumb Code    38  sbl_iap.o(.text)
    main                                     0x000013fd   Thumb Code   130  main.o(.text)
    init_serial                              0x000014b5   Thumb Code    60  serial.o(.text)
    sendchar                                 0x000014f1   Thumb Code    12  serial.o(.text)
    sendline                                 0x000014fd   Thumb Code    38  serial.o(.text)
    timer_init                               0x0000152d   Thumb Code    12  timer.o(.text)
    timer_done                               0x00001539   Thumb Code     8  timer.o(.text)
    mainTimer_start                          0x00001541   Thumb Code    10  timer.o(.text)
    mainTimer_elapsed                        0x0000154b   Thumb Code    12  timer.o(.text)
    timer_afterWrite_start                   0x00001557   Thumb Code    10  timer.o(.text)
    timer_afterWrite_elapsed                 0x00001561   Thumb Code    12  timer.o(.text)
    timer_led_start                          0x0000156d   Thumb Code    10  timer.o(.text)
    timer_led_elapsed                        0x00001577   Thumb Code    12  timer.o(.text)
    timer_wait_start                         0x00001583   Thumb Code    10  timer.o(.text)
    timer_wait_elapsed                       0x0000158d   Thumb Code    12  timer.o(.text)
    Inline Thumb to ARM Veneer to __aeabi_uread4 0x000015a5   Thumb Code     4  uread4.o(.text)
    __aeabi_uread4                           0x000015a8   ARM Code       0  uread4.o(.text)
    __rt_uread4                              0x000015a8   ARM Code      32  uread4.o(.text)
    Inline Thumb to ARM Veneer to __aeabi_uwrite4 0x000015c9   Thumb Code     4  uwrite4.o(.text)
    __aeabi_uwrite4                          0x000015cc   ARM Code       0  uwrite4.o(.text)
    __rt_uwrite4                             0x000015cc   ARM Code      32  uwrite4.o(.text)
    __use_two_region_memory                  0x000015ed   Thumb Code     2  heapauxi.o(.text)
    __rt_heap_escrow$2region                 0x000015ef   Thumb Code     2  heapauxi.o(.text)
    __rt_heap_expand$2region                 0x000015f1   Thumb Code     2  heapauxi.o(.text)
    __user_setup_stackheap                   0x000015f4   ARM Code      96  sys_stackheap_outer.o(.text)
    exit                                     0x00001655   Thumb Code    12  exit.o(.text)
    __user_libspace                          0x00001660   ARM Code      12  libspace.o(.text)
    __user_perproc_libspace                  0x00001660   ARM Code       0  libspace.o(.text)
    __user_perthread_libspace                0x00001660   ARM Code       0  libspace.o(.text)
    _sys_exit                                0x0000166c   ARM Code      20  sys_exit.o(.text)
    __I$use$semihosting                      0x00001684   ARM Code       0  use_no_semi.o(.text)
    __use_no_semihosting_swi                 0x00001684   ARM Code       4  use_no_semi.o(.text)
    Long ARM to Thumb Veneer to RdCmdDat     0x00001688   ARM Code      12  anon$$obj.o(Veneer$$Code)
    Long ARM to Thumb Veneer to USB_Reset    0x00001694   ARM Code      12  anon$$obj.o(Veneer$$Code)
    Long ARM to Thumb Veneer to USB_Suspend  0x000016a0   ARM Code      12  anon$$obj.o(Veneer$$Code)
    Long ARM to Thumb Veneer to USB_Suspend_Event 0x000016ac   ARM Code      12  anon$$obj.o(Veneer$$Code)
    Long ARM to Thumb Veneer to USB_Resume   0x000016b8   ARM Code      12  anon$$obj.o(Veneer$$Code)
    Long ARM to Thumb Veneer to USB_Resume_Event 0x000016c4   ARM Code      12  anon$$obj.o(Veneer$$Code)
    USB_GetDescriptor                        0x000016d1   Thumb Code   120  usbcore.o(i.USB_GetDescriptor)
    USB_GetStatus                            0x00001759   Thumb Code   126  usbcore.o(i.USB_GetStatus)
    USB_SetClrFeature                        0x000017e1   Thumb Code   144  usbcore.o(i.USB_SetClrFeature)
    USB_SetConfiguration                     0x00001879   Thumb Code   316  usbcore.o(i.USB_SetConfiguration)
    USB_SetInterface                         0x000019c1   Thumb Code   230  usbcore.o(i.USB_SetInterface)
    __ARM_common_call_via_r0                 0x00001ab1   Thumb Code     2  sbl_iap.o(i.__ARM_common_call_via_r0)
    __ARM_common_call_via_r2                 0x00001ab3   Thumb Code     2  sbl_iap.o(i.__ARM_common_call_via_r2)
    Inline Thumb to ARM Veneer to __ARM_common_switch8 0x00001ab5   Thumb Code     4  usbcore.o(i.__ARM_common_switch8)
    __ARM_common_switch8                     0x00001ab8   ARM Code      24  usbcore.o(i.__ARM_common_switch8)
    Inline Thumb to ARM Veneer to _fp_init   0x00001ad1   Thumb Code     4  fpinit.o(x$fpl$fpinit)
    __fplib_config_pureend_doubles           0x00001ad4   ARM Code       0  fpinit.o(x$fpl$fpinit)
    _fp_init                                 0x00001ad4   ARM Code       4  fpinit.o(x$fpl$fpinit)
    BootSect                                 0x00001ad8   Data          30  diskimg.o(.constdata)
    RootDirEntry                             0x00001af6   Data          64  diskimg.o(.constdata)
    CRPEntry                                 0x00001b36   Data           7  diskimg.o(.constdata)
    USB_DeviceDescriptor                     0x00001b3d   Data          18  usbdesc.o(.constdata)
    USB_ConfigDescriptor                     0x00001b4f   Data          33  usbdesc.o(.constdata)
    USB_StringDescriptor                     0x00001b70   Data          86  usbdesc.o(.constdata)
    USB_P_EP                                 0x00001bc8   Data          64  usbuser.o(.constdata)
    sector_start_map                         0x00001c08   Data         128  sbl_iap.o(.constdata)
    sector_end_map                           0x00001c88   Data         128  sbl_iap.o(.constdata)
    Region$$Table$$Base                      0x00001d30   Number         0  anon$$obj.o(Region$$Table)
    Region$$Table$$Limit                     0x00001d50   Number         0  anon$$obj.o(Region$$Table)
    USB_DeviceAddress                        0x40000000   Data           1  usbcore.o(.data)
    USB_Configuration                        0x40000001   Data           1  usbcore.o(.data)
    USB_NumInterfaces                        0x40000002   Data           1  usbcore.o(.data)
    USB_DeviceStatus                         0x40000004   Data           2  usbcore.o(.data)
    USB_EndPointMask                         0x40000008   Data           4  usbcore.o(.data)
    USB_EndPointHalt                         0x4000000c   Data           4  usbcore.o(.data)
    USB_AltSetting                           0x40000010   Data           4  usbcore.o(.data)
    EP0Data                                  0x40000014   Data           8  usbcore.o(.data)
    SetupPacket                              0x4000001c   Data           8  usbcore.o(.data)
    BulkStage                                0x40000024   Data           1  mscuser.o(.data)
    BulkLen                                  0x40000025   Data           1  mscuser.o(.data)
    MemOK                                    0x40000028   Data           4  mscuser.o(.data)
    Offset                                   0x4000002c   Data           4  mscuser.o(.data)
    Length                                   0x40000030   Data           4  mscuser.o(.data)
    user_flash_erased                        0x40000034   Data           4  mscuser.o(.data)
    startedWriting                           0x40000038   Data           4  memory.o(.data)
    finishedWriting                          0x4000003c   Data           4  memory.o(.data)
    cclk                                     0x40000040   Data           4  sbl_iap.o(.data)
    flash_address                            0x40000044   Data           4  sbl_iap.o(.data)
    byte_ctr                                 0x40000048   Data           4  sbl_iap.o(.data)
    enterBootloaderStr                       0x4000004c   Data           4  main.o(.data)
    startUserAppStr                          0x40000050   Data           4  main.o(.data)
    EP0Buf                                   0x40000054   Data          64  usbcore.o(.bss)
    Fat_RootDir                              0x40000094   Data        1536  mscuser.o(.bss)
    Memory                                   0x40000694   Data          64  mscuser.o(.bss)
    BulkBuf                                  0x400006d4   Data          64  mscuser.o(.bss)
    CBW                                      0x40000714   Data          31  mscuser.o(.bss)
    CSW                                      0x40000733   Data          13  mscuser.o(.bss)
    param_table                              0x40000740   Data          20  sbl_iap.o(.bss)
    result_table                             0x40000754   Data          20  sbl_iap.o(.bss)
    flash_buf                                0x40000768   Data         256  sbl_iap.o(.bss)
    milliTimer_ref                           0x40000868   Data          20  timer.o(.bss)
    __libspace_start                         0x4000087c   Data          96  libspace.o(.bss)
    __temporary_stack_top$libspace           0x400008dc   Data           0  libspace.o(.bss)



==============================================================================

Memory Map of the image

  Image Entry point : 0x0000016c

  Load Region LR_IROM1 (Base: 0x00000000, Size: 0x00001da4, Max: 0x00001fff, ABSOLUTE)

    Execution Region ER_IROM1 (Base: 0x00000000, Size: 0x00001d50, Max: 0x00001fff, ABSOLUTE)

    Base Addr    Size         Type   Attr      Idx    E Section Name        Object

    0x00000000   0x0000016c   Code   RO            3    RESET               lpc2300.o
    0x0000016c   0x00000008   Code   RO          449  * !!!main             __main.o(c_t.l)
    0x00000174   0x0000003c   Code   RO          606    !!!scatter          __scatter.o(c_t.l)
    0x000001b0   0x00000028   Code   RO          608    !!handler_copy      __scatter_copy.o(c_t.l)
    0x000001d8   0x00000008   Ven    RO          481    .ARM.Collect$$libinit$$00000000  libinit.o(c_t.l)
    0x000001e0   0x00000006   Code   RO          481    .ARM.Collect$$libinit$$00000000  libinit.o(c_t.l)
    0x000001e6   0x00000000   Code   RO          489    .ARM.Collect$$libinit$$00000006  libinit2.o(c_t.l)
    0x000001e6   0x00000000   Code   RO          491    .ARM.Collect$$libinit$$00000008  libinit2.o(c_t.l)
    0x000001e6   0x00000000   Code   RO          493    .ARM.Collect$$libinit$$0000000A  libinit2.o(c_t.l)
    0x000001e6   0x00000000   Code   RO          496    .ARM.Collect$$libinit$$0000000D  libinit2.o(c_t.l)
    0x000001e6   0x00000000   Code   RO          498    .ARM.Collect$$libinit$$0000000F  libinit2.o(c_t.l)
    0x000001e6   0x00000000   Code   RO          500    .ARM.Collect$$libinit$$00000011  libinit2.o(c_t.l)
    0x000001e6   0x00000000   Code   RO          502    .ARM.Collect$$libinit$$00000013  libinit2.o(c_t.l)
    0x000001e6   0x00000000   Code   RO          504    .ARM.Collect$$libinit$$00000015  libinit2.o(c_t.l)
    0x000001e6   0x00000000   Code   RO          506    .ARM.Collect$$libinit$$00000017  libinit2.o(c_t.l)
    0x000001e6   0x00000000   Code   RO          508    .ARM.Collect$$libinit$$00000019  libinit2.o(c_t.l)
    0x000001e6   0x00000000   Code   RO          510    .ARM.Collect$$libinit$$0000001B  libinit2.o(c_t.l)
    0x000001e6   0x00000000   Code   RO          512    .ARM.Collect$$libinit$$0000001D  libinit2.o(c_t.l)
    0x000001e6   0x00000000   Code   RO          514    .ARM.Collect$$libinit$$0000001F  libinit2.o(c_t.l)
    0x000001e6   0x00000000   Code   RO          516    .ARM.Collect$$libinit$$00000021  libinit2.o(c_t.l)
    0x000001e6   0x00000000   Code   RO          520    .ARM.Collect$$libinit$$00000028  libinit2.o(c_t.l)
    0x000001e6   0x00000000   Code   RO          522    .ARM.Collect$$libinit$$0000002A  libinit2.o(c_t.l)
    0x000001e6   0x00000000   Code   RO          524    .ARM.Collect$$libinit$$0000002C  libinit2.o(c_t.l)
    0x000001e6   0x00000000   Code   RO          526    .ARM.Collect$$libinit$$0000002E  libinit2.o(c_t.l)
    0x000001e6   0x0000000c   Code   RO          527    .ARM.Collect$$libinit$$0000002F  libinit2.o(c_t.l)
    0x000001f2   0x00000000   Code   RO          561    .ARM.Collect$$libshutdown$$00000003  libshutdown2.o(c_t.l)
    0x000001f2   0x00000000   Code   RO          564    .ARM.Collect$$libshutdown$$00000006  libshutdown2.o(c_t.l)
    0x000001f2   0x00000000   Code   RO          567    .ARM.Collect$$libshutdown$$00000009  libshutdown2.o(c_t.l)
    0x000001f2   0x00000000   Code   RO          569    .ARM.Collect$$libshutdown$$0000000B  libshutdown2.o(c_t.l)
    0x000001f2   0x00000000   Code   RO          572    .ARM.Collect$$libshutdown$$0000000E  libshutdown2.o(c_t.l)
    0x000001f2   0x00000006   Code   RO          573    .ARM.Collect$$libshutdown$$0000000F  libshutdown2.o(c_t.l)
    0x000001f8   0x00000004   Ven    RO          485    .ARM.Collect$$rtexit$$00000000  rtexit.o(c_t.l)
    0x000001fc   0x00000000   Code   RO          485    .ARM.Collect$$rtexit$$00000000  rtexit.o(c_t.l)
    0x000001fc   0x00000004   Data   RO          339    .ARM.__at_0x1FC     sbl_iap.o
    0x00000200   0x0000002c   Code   RO          610    !!handler_zi        __scatter_zi.o(c_t.l)
    0x0000022c   0x00000008   Ven    RO          548    .ARM.Collect$$libshutdown$$00000000  libshutdown.o(c_t.l)
    0x00000234   0x00000004   Code   RO          548    .ARM.Collect$$libshutdown$$00000000  libshutdown.o(c_t.l)
    0x00000238   0x00000000   Code   RO          451    .ARM.Collect$$rtentry$$00000000  rtentry.o(c_t.l)
    0x00000238   0x00000000   Code   RO          454    .ARM.Collect$$rtentry$$00000002  rtentry2.o(c_t.l)
    0x00000238   0x00000008   Code   RO          469    .ARM.Collect$$rtentry$$00000004  rtentry4.o(c_t.l)
    0x00000240   0x00000000   Code   RO          456    .ARM.Collect$$rtentry$$00000009  rtentry2.o(c_t.l)
    0x00000240   0x00000004   Code   RO          457    .ARM.Collect$$rtentry$$0000000A  rtentry2.o(c_t.l)
    0x00000244   0x00000000   Code   RO          459    .ARM.Collect$$rtentry$$0000000C  rtentry2.o(c_t.l)
    0x00000244   0x00000028   Code   RO          460    .ARM.Collect$$rtentry$$0000000D  rtentry2.o(c_t.l)
    0x0000026c   0x00000000   Code   RO          531    .ARM.Collect$$rtexit$$00000002  rtexit2.o(c_t.l)
    0x0000026c   0x00000004   Code   RO          532    .ARM.Collect$$rtexit$$00000003  rtexit2.o(c_t.l)
    0x00000270   0x00000004   Code   RO          533    .ARM.Collect$$rtexit$$00000004  rtexit2.o(c_t.l)
    0x00000274   0x00000020   Code   RO            4    .text               lpc2300.o
    0x00000294   0x00000008   Ven    RO           39    .text               usbhw.o
    0x0000029c   0x000002e4   Code   RO           39    .text               usbhw.o
    0x00000580   0x00000124   Code   RO           40    .text               usbhw.o
    0x000006a4   0x000001ec   Code   RO           93    .text               usbcore.o
    0x00000890   0x00000008   Ven    RO          172    .text               usbuser.o
    0x00000898   0x00000054   Code   RO          172    .text               usbuser.o
    0x000008ec   0x000007b4   Code   RO          277    .text               mscuser.o
    0x000010a0   0x000001d8   Code   RO          294    .text               memory.o
    0x00001278   0x00000184   Code   RO          338    .text               sbl_iap.o
    0x000013fc   0x000000b8   Code   RO          376    .text               main.o
    0x000014b4   0x00000078   Code   RO          392    .text               serial.o
    0x0000152c   0x00000078   Code   RO          411    .text               timer.o
    0x000015a4   0x00000004   Ven    RO          443    .text               uread4.o(c_t.l)
    0x000015a8   0x00000020   Code   RO          443    .text               uread4.o(c_t.l)
    0x000015c8   0x00000004   Ven    RO          445    .text               uwrite4.o(c_t.l)
    0x000015cc   0x00000020   Code   RO          445    .text               uwrite4.o(c_t.l)
    0x000015ec   0x00000006   Code   RO          447    .text               heapauxi.o(c_t.l)
    0x000015f2   0x00000002   PAD
    0x000015f4   0x00000060   Code   RO          471    .text               sys_stackheap_outer.o(c_t.l)
    0x00001654   0x0000000c   Code   RO          473    .text               exit.o(c_t.l)
    0x00001660   0x0000000c   Code   RO          482    .text               libspace.o(c_t.l)
    0x0000166c   0x00000018   Code   RO          540    .text               sys_exit.o(c_t.l)
    0x00001684   0x00000004   Code   RO          551    .text               use_no_semi.o(c_t.l)
    0x00001688   0x0000000c   Ven    RO          621    Veneer$$Code        anon$$obj.o
    0x00001694   0x0000000c   Ven    RO          622    Veneer$$Code        anon$$obj.o
    0x000016a0   0x0000000c   Ven    RO          623    Veneer$$Code        anon$$obj.o
    0x000016ac   0x0000000c   Ven    RO          624    Veneer$$Code        anon$$obj.o
    0x000016b8   0x0000000c   Ven    RO          625    Veneer$$Code        anon$$obj.o
    0x000016c4   0x0000000c   Ven    RO          626    Veneer$$Code        anon$$obj.o
    0x000016d0   0x00000088   Code   RO          123    i.USB_GetDescriptor  usbcore.o
    0x00001758   0x00000088   Code   RO          118    i.USB_GetStatus     usbcore.o
    0x000017e0   0x00000098   Code   RO          106    i.USB_SetClrFeature  usbcore.o
    0x00001878   0x00000148   Code   RO          112    i.USB_SetConfiguration  usbcore.o
    0x000019c0   0x000000f0   Code   RO          128    i.USB_SetInterface  usbcore.o
    0x00001ab0   0x00000002   Code   RO          365    i.__ARM_common_call_via_r0  sbl_iap.o
    0x00001ab2   0x00000002   Code   RO          367    i.__ARM_common_call_via_r2  sbl_iap.o
    0x00001ab4   0x00000004   Ven    RO          133    i.__ARM_common_switch8  usbcore.o
    0x00001ab8   0x00000018   Code   RO          133    i.__ARM_common_switch8  usbcore.o
    0x00001ad0   0x00000004   Ven    RO          528    x$fpl$fpinit        fpinit.o(fz_ts.l)
    0x00001ad4   0x00000004   Code   RO          528    x$fpl$fpinit        fpinit.o(fz_ts.l)
    0x00001ad8   0x0000001e   Data   RO           11    .constdata          diskimg.o
    0x00001af6   0x00000040   Data   RO           12    .constdata          diskimg.o
    0x00001b36   0x00000007   Data   RO           13    .constdata          diskimg.o
    0x00001b3d   0x00000012   Data   RO          158    .constdata          usbdesc.o
    0x00001b4f   0x00000021   Data   RO          159    .constdata          usbdesc.o
    0x00001b70   0x00000056   Data   RO          160    .constdata          usbdesc.o
    0x00001bc6   0x00000002   PAD
    0x00001bc8   0x00000040   Data   RO          187    .constdata          usbuser.o
    0x00001c08   0x00000100   Data   RO          341    .constdata          sbl_iap.o
    0x00001d08   0x00000026   Data   RO          377    .conststring        main.o
    0x00001d2e   0x00000002   PAD
    0x00001d30   0x00000020   Data   RO          604    Region$$Table       anon$$obj.o


    Execution Region RW_IRAM1 (Base: 0x40000000, Size: 0x00000de8, Max: 0x00008000, ABSOLUTE)

    Base Addr    Size         Type   Attr      Idx    E Section Name        Object

    0x40000000   0x00000024   Data   RW           95    .data               usbcore.o
    0x40000024   0x00000014   Data   RW          279    .data               mscuser.o
    0x40000038   0x00000008   Data   RW          298    .data               memory.o
    0x40000040   0x0000000c   Data   RW          342    .data               sbl_iap.o
    0x4000004c   0x00000008   Data   RW          378    .data               main.o
    0x40000054   0x00000040   Zero   RW           94    .bss                usbcore.o
    0x40000094   0x000006ac   Zero   RW          278    .bss                mscuser.o
    0x40000740   0x00000128   Zero   RW          340    .bss                sbl_iap.o
    0x40000868   0x00000014   Zero   RW          414    .bss                timer.o
    0x4000087c   0x00000060   Zero   RW          483    .bss                libspace.o(c_t.l)
    0x400008dc   0x00000004   PAD
    0x400008e0   0x00000000   Zero   RW            2    HEAP                lpc2300.o
    0x400008e0   0x00000508   Zero   RW            1    STACK               lpc2300.o

