ARM Linker, RVCT4.0 [Build 524] for uVision [Standard]

==============================================================================

Section Cross References

    main.o(.text) refers to usbhw.o(.text) for USB_Connect
    main.o(.text) refers to serial.o(.text) for init_serial
    main.o(.text) refers to timer.o(.text) for timer_init
    main.o(.text) refers to io.o(.text) for io_init
    main.o(.text) refers to spi.o(.text) for spi_init
    main.o(.text) refers to eeprom.o(.text) for eeprom_init
    main.o(.text) refers to dynamixel.o(.text) for dynamixel_init
    main.o(.text) refers to com.o(.text) for com_init
    main.o(.text) refers to printf1.o(i.__0printf$1) for __2printf
    main.o(.text) refers to io.o(.data) for io_sw0_triggered
    io.o(.text) refers to io.o(.data) for .data
    io.o(.text) refers to timer.o(.text) for timer_sw0_start
    io.o(.text) refers to printf1.o(i.__0printf$1) for __2printf
    io.o(.text) refers to io.o(.text) for eint1_irq
    eeprom.o(.text) refers to spi.o(.text) for spi_select_eeprom
    retarget.o(.text) refers to serial.o(.text) for sendchar
    rx64.o(.text) refers to memseta.o(.text) for __aeabi_memclr
    rx64.o(.text) refers to io.o(.text) for io_setPowerEnabled
    rx64.o(.text) refers to timer.o(.text) for timer_rx64_start
    rx64.o(.text) refers to dynamixel.o(.text) for dynamixel_txchecksum
    rx64.o(.text) refers to memcpya.o(.text) for __aeabi_memcpy
    rx64.o(.text) refers to rx64.o(.data) for .data
    rx64.o(.text) refers to rx64.o(.bss) for .bss
    rx64.o(.text) refers to rx64.o(.text) for rx64_irq
    rx64.o(.text) refers to dynamixel.o(.constdata) for dynamixel_actionCommand
    rx64.o(.text) refers to rx64.o(.text) for rx64_setRXModeEnabled
    rx64.o(.text) refers to rx64.o(.data) for .data
    rx64.o(.text) refers to rx64.o(.bss) for .bss
    timer.o(.text) refers to timer.o(.bss) for .bss
    rx28.o(.text) refers to memseta.o(.text) for __aeabi_memclr
    rx28.o(.text) refers to io.o(.text) for io_setPowerEnabled
    rx28.o(.text) refers to timer.o(.text) for timer_rx28_start
    rx28.o(.text) refers to dynamixel.o(.text) for dynamixel_txchecksum
    rx28.o(.text) refers to memcpya.o(.text) for __aeabi_memcpy
    rx28.o(.text) refers to rx28.o(.data) for .data
    rx28.o(.text) refers to rx28.o(.bss) for .bss
    rx28.o(.text) refers to rx28.o(.text) for rx28_irq
    rx28.o(.text) refers to dynamixel.o(.constdata) for dynamixel_actionCommand
    rx28.o(.text) refers to rx28.o(.text) for rx28_setRXModeEnabled
    rx28.o(.text) refers to rx28.o(.data) for .data
    rx28.o(.text) refers to rx28.o(.bss) for .bss
    dynamixel.o(.text) refers to rx10.o(.text) for rx10_sendCommand
    dynamixel.o(.text) refers to rx64.o(.text) for rx64_sendCommand
    dynamixel.o(.text) refers to rx28.o(.text) for rx28_sendCommand
    dynamixel.o(.text) refers to printf1.o(i.__0printf$1) for __2printf
    dynamixel.o(.text) refers to timer.o(.text) for dynamixelTimer_start
    dynamixel.o(.text) refers to io.o(.text) for io_led_on
    dynamixel.o(.text) refers to dynamixel.o(.bss) for .bss
    dynamixel.o(.text) refers to rx64.o(.data) for rx64_statusReceived
    dynamixel.o(.text) refers to rx64.o(.bss) for rx64_rbuf
    dynamixel.o(.text) refers to rx28.o(.data) for rx28_statusReceived
    dynamixel.o(.text) refers to rx28.o(.bss) for rx28_rbuf
    dynamixel.o(.text) refers to rx10.o(.data) for rx10_statusReceived
    dynamixel.o(.text) refers to rx10.o(.bss) for rx10_rbuf
    dynamixel.o(.text) refers to dynamixel.o(.constdata) for .constdata
    dynamixel.o(.text) refers to dynamixel.o(.data) for .data
    dynamixel.o(.text) refers to memseta.o(.text) for __aeabi_memclr
    dynamixel.o(.text) refers to com.o(.data) for com_new_SetAllPositions_message
    dynamixel.o(.text) refers to com.o(.bss) for com_current_SetAllPositions_message
    dynamixel.o(.text) refers to io.o(.data) for io_sw1_triggered
    com.o(.text) refers to memcpya.o(.text) for __aeabi_memcpy
    com.o(.text) refers to cdcuser.o(.text) for CDC_Init
    com.o(.text) refers to usbhw.o(.text) for USB_Init
    com.o(.text) refers to dynamixel.o(.text) for dynamixel_getPositions
    com.o(.text) refers to printf1.o(i.__0printf$1) for __2printf
    com.o(.text) refers to com.o(i.__ARM_common_switch8) for __ARM_common_switch8
    com.o(.text) refers to rx10.o(.text) for rx10_sendCommand
    com.o(.text) refers to timer.o(.text) for comTimer_start
    com.o(.text) refers to rx64.o(.text) for rx64_sendCommand
    com.o(.text) refers to rx28.o(.text) for rx28_sendCommand
    com.o(.text) refers to io.o(.text) for io_setPowerEnabled
    com.o(.text) refers to main.o(.text) for resetDevice
    com.o(.text) refers to com.o(.constdata) for .constdata
    com.o(.text) refers to com.o(.data) for .data
    com.o(.text) refers to dynamixel.o(.data) for dynamixel_autoUpdateEnabled
    com.o(.text) refers to dynamixel.o(.bss) for dynamixel_servos
    com.o(.text) refers to com.o(.bss) for .bss
    com.o(.text) refers to rx10.o(.data) for rx10_statusReceived
    com.o(.text) refers to rx64.o(.data) for rx64_statusReceived
    com.o(.text) refers to rx64.o(.bss) for rx64_rbuf
    com.o(.text) refers to rx28.o(.data) for rx28_statusReceived
    com.o(.text) refers to rx28.o(.bss) for rx28_rbuf
    com.o(.text) refers to rx10.o(.bss) for rx10_rbuf
    rx10.o(.text) refers to memseta.o(.text) for __aeabi_memclr
    rx10.o(.text) refers to io.o(.text) for io_setPowerEnabled
    rx10.o(.text) refers to timer.o(.text) for timer_rx10_start
    rx10.o(.text) refers to dynamixel.o(.text) for dynamixel_txchecksum
    rx10.o(.text) refers to memcpya.o(.text) for __aeabi_memcpy
    rx10.o(.text) refers to rx10.o(.data) for .data
    rx10.o(.text) refers to rx10.o(.bss) for .bss
    rx10.o(.text) refers to rx10.o(.text) for rx10_irq
    rx10.o(.text) refers to dynamixel.o(.constdata) for dynamixel_actionCommand
    rx10.o(.text) refers to rx10.o(.text) for rx10_setRXModeEnabled
    rx10.o(.text) refers to rx10.o(.data) for .data
    rx10.o(.text) refers to rx10.o(.bss) for .bss
    usbuser.o(.text) refers to usbcore.o(.text) for USB_ResetCore
    usbuser.o(.text) refers to cdcuser.o(.text) for CDC_StartOfFrame
    usbuser.o(.text) refers to usbuser.o(.data) for .data
    usbuser.o(.constdata) refers to usbcore.o(.text) for USB_EndPoint0
    usbuser.o(.constdata) refers to usbuser.o(.text) for USB_EndPoint1
    cdcuser.o(.text) refers to uwrite4.o(.text) for __aeabi_uwrite4
    cdcuser.o(.text) refers to uread4.o(.text) for __aeabi_uread4
    cdcuser.o(.text) refers to usbhw.o(.text) for USB_ReadEP
    cdcuser.o(.text) refers to cdcuser.o(.bss) for .bss
    cdcuser.o(.text) refers to cdcuser.o(.data) for .data
    cdcuser.o(.text) refers to usbcore.o(.bss) for EP0Buf
    usbcore.o(.text) refers to usbhw.o(.text) for USB_ReadEP
    usbcore.o(.text) refers to com.o(i.__ARM_common_switch8) for __ARM_common_switch8
    usbcore.o(.text) refers to cdcuser.o(.text) for CDC_GetCommFeature
    usbcore.o(.text) refers to usbcore.o(i.USB_ReqGetStatus) for USB_ReqGetStatus
    usbcore.o(.text) refers to usbcore.o(i.USB_ReqSetClrFeature) for USB_ReqSetClrFeature
    usbcore.o(.text) refers to usbcore.o(i.USB_ReqGetDescriptor) for USB_ReqGetDescriptor
    usbcore.o(.text) refers to usbcore.o(i.USB_ReqSetConfiguration) for USB_ReqSetConfiguration
    usbcore.o(.text) refers to usbuser.o(.text) for USB_Configure_Event
    usbcore.o(.text) refers to usbcore.o(i.USB_ReqSetInterface) for USB_ReqSetInterface
    usbcore.o(.text) refers to usbcore.o(.data) for .data
    usbcore.o(.text) refers to usbcore.o(.bss) for .bss
    usbhw.o(.text) refers to uwrite4.o(.text) for __aeabi_uwrite4
    usbhw.o(.text) refers to uread4.o(.text) for __aeabi_uread4
    usbhw.o(.text) refers to usbhw.o(.text) for USB_ISR
    usbhw.o(.text) refers to usbcore.o(.data) for USB_DeviceStatus
    usbhw.o(.text) refers to usbhw.o(.text) for WrCmd
    usbhw.o(.text) refers to usbuser.o(.text) for USB_Reset_Event
    usbhw.o(.text) refers to usbuser.o(.constdata) for USB_P_EP
    swi.o(SWI_Area) refers to usbhw.o(.text) for __SWI_8
    lpc2300.o(RESET) refers to swi.o(SWI_Area) for SWI_Handler
    lpc2300.o(RESET) refers to lpc2300.o(STACK) for Stack_Top
    lpc2300.o(RESET) refers to entry.o(.ARM.Collect$$$$00000000) for __main
    entry.o(.ARM.Collect$$$$00000000) refers (Special) to entry7.o(.ARM.Collect$$$$00000007) for _main_init
    entry.o(.ARM.Collect$$$$00000000) refers (Special) to entry5.o(.ARM.Collect$$$$00000004) for _main_scatterload
    entry.o(.ARM.Collect$$$$00000000) refers (Special) to entry2.o(.ARM.Collect$$$$00000001) for _main_stk
    printfb.o(i.__0fprintf$bare) refers to printfb.o(i._printf_core) for _printf_core
    printfb.o(i.__0fprintf$bare) refers to retarget.o(.text) for fputc
    printfb.o(i.__0printf$bare) refers to printfb.o(i._printf_core) for _printf_core
    printfb.o(i.__0printf$bare) refers to retarget.o(.text) for fputc
    printfb.o(i.__0printf$bare) refers to retarget.o(.data) for __stdout
    printfb.o(i.__0snprintf$bare) refers to printfb.o(i._printf_core) for _printf_core
    printfb.o(i.__0snprintf$bare) refers to printfb.o(i._snputc) for _snputc
    printfb.o(i.__0sprintf$bare) refers to printfb.o(i._printf_core) for _printf_core
    printfb.o(i.__0sprintf$bare) refers to printfb.o(i._sputc) for _sputc
    printfb.o(i.__0vfprintf$bare) refers to printfb.o(i._printf_core) for _printf_core
    printfb.o(i.__0vfprintf$bare) refers to retarget.o(.text) for fputc
    printfb.o(i.__0vprintf$bare) refers to printfb.o(i._printf_core) for _printf_core
    printfb.o(i.__0vprintf$bare) refers to retarget.o(.text) for fputc
    printfb.o(i.__0vprintf$bare) refers to retarget.o(.data) for __stdout
    printfb.o(i.__0vsnprintf$bare) refers to printfb.o(i._printf_core) for _printf_core
    printfb.o(i.__0vsnprintf$bare) refers to printfb.o(i._snputc) for _snputc
    printfb.o(i.__0vsprintf$bare) refers to printfb.o(i._printf_core) for _printf_core
    printfb.o(i.__0vsprintf$bare) refers to printfb.o(i._sputc) for _sputc
    printfb.o(i._printf_core) refers to printfb.o(i.__ARM_common_call_via_r6) for __ARM_common_call_via_r6
    printf0.o(i.__0fprintf$0) refers to printf0.o(i._printf_core) for _printf_core
    printf0.o(i.__0fprintf$0) refers to retarget.o(.text) for fputc
    printf0.o(i.__0printf$0) refers to printf0.o(i._printf_core) for _printf_core
    printf0.o(i.__0printf$0) refers to retarget.o(.text) for fputc
    printf0.o(i.__0printf$0) refers to retarget.o(.data) for __stdout
    printf0.o(i.__0snprintf$0) refers to printf0.o(i._printf_core) for _printf_core
    printf0.o(i.__0snprintf$0) refers to printf0.o(i._snputc) for _snputc
    printf0.o(i.__0sprintf$0) refers to printf0.o(i._printf_core) for _printf_core
    printf0.o(i.__0sprintf$0) refers to printf0.o(i._sputc) for _sputc
    printf0.o(i.__0vfprintf$0) refers to printf0.o(i._printf_core) for _printf_core
    printf0.o(i.__0vfprintf$0) refers to retarget.o(.text) for fputc
    printf0.o(i.__0vprintf$0) refers to printf0.o(i._printf_core) for _printf_core
    printf0.o(i.__0vprintf$0) refers to retarget.o(.text) for fputc
    printf0.o(i.__0vprintf$0) refers to retarget.o(.data) for __stdout
    printf0.o(i.__0vsnprintf$0) refers to printf0.o(i._printf_core) for _printf_core
    printf0.o(i.__0vsnprintf$0) refers to printf0.o(i._snputc) for _snputc
    printf0.o(i.__0vsprintf$0) refers to printf0.o(i._printf_core) for _printf_core
    printf0.o(i.__0vsprintf$0) refers to printf0.o(i._sputc) for _sputc
    printf0.o(i._printf_core) refers to printfb.o(i.__ARM_common_call_via_r6) for __ARM_common_call_via_r6
    printf1.o(i.__0fprintf$1) refers to printf1.o(i._printf_core) for _printf_core
    printf1.o(i.__0fprintf$1) refers to retarget.o(.text) for fputc
    printf1.o(i.__0printf$1) refers to printf1.o(i._printf_core) for _printf_core
    printf1.o(i.__0printf$1) refers to retarget.o(.data) for __stdout
    printf1.o(i.__0printf$1) refers to retarget.o(.text) for fputc
    printf1.o(i.__0snprintf$1) refers to printf1.o(i._printf_core) for _printf_core
    printf1.o(i.__0snprintf$1) refers to printf1.o(i._snputc) for _snputc
    printf1.o(i.__0sprintf$1) refers to printf1.o(i._printf_core) for _printf_core
    printf1.o(i.__0sprintf$1) refers to printf1.o(i._sputc) for _sputc
    printf1.o(i.__0vfprintf$1) refers to printf1.o(i._printf_core) for _printf_core
    printf1.o(i.__0vfprintf$1) refers to retarget.o(.text) for fputc
    printf1.o(i.__0vprintf$1) refers to printf1.o(i._printf_core) for _printf_core
    printf1.o(i.__0vprintf$1) refers to retarget.o(.data) for __stdout
    printf1.o(i.__0vprintf$1) refers to retarget.o(.text) for fputc
    printf1.o(i.__0vsnprintf$1) refers to printf1.o(i._printf_core) for _printf_core
    printf1.o(i.__0vsnprintf$1) refers to printf1.o(i._snputc) for _snputc
    printf1.o(i.__0vsprintf$1) refers to printf1.o(i._printf_core) for _printf_core
    printf1.o(i.__0vsprintf$1) refers to printf1.o(i._sputc) for _sputc
    printf1.o(i._printf_core) refers to uidiv.o(.text) for __aeabi_uidivmod
    printf1.o(i._printf_core) refers to printf1.o(i.__ARM_common_call_via_r2) for __ARM_common_call_via_r2
    printf2.o(i.__0fprintf$2) refers to printf2.o(i._printf_core) for _printf_core
    printf2.o(i.__0fprintf$2) refers to retarget.o(.text) for fputc
    printf2.o(i.__0printf$2) refers to printf2.o(i._printf_core) for _printf_core
    printf2.o(i.__0printf$2) refers to retarget.o(.data) for __stdout
    printf2.o(i.__0printf$2) refers to retarget.o(.text) for fputc
    printf2.o(i.__0snprintf$2) refers to printf2.o(i._printf_core) for _printf_core
    printf2.o(i.__0snprintf$2) refers to printf2.o(i._snputc) for _snputc
    printf2.o(i.__0sprintf$2) refers to printf2.o(i._printf_core) for _printf_core
    printf2.o(i.__0sprintf$2) refers to printf2.o(i._sputc) for _sputc
    printf2.o(i.__0vfprintf$2) refers to printf2.o(i._printf_core) for _printf_core
    printf2.o(i.__0vfprintf$2) refers to retarget.o(.text) for fputc
    printf2.o(i.__0vprintf$2) refers to printf2.o(i._printf_core) for _printf_core
    printf2.o(i.__0vprintf$2) refers to retarget.o(.data) for __stdout
    printf2.o(i.__0vprintf$2) refers to retarget.o(.text) for fputc
    printf2.o(i.__0vsnprintf$2) refers to printf2.o(i._printf_core) for _printf_core
    printf2.o(i.__0vsnprintf$2) refers to printf2.o(i._snputc) for _snputc
    printf2.o(i.__0vsprintf$2) refers to printf2.o(i._printf_core) for _printf_core
    printf2.o(i.__0vsprintf$2) refers to printf2.o(i._sputc) for _sputc
    printf2.o(i._printf_core) refers to printf1.o(i.__ARM_common_call_via_r2) for __ARM_common_call_via_r2
    printf3.o(i.__0fprintf$3) refers to printf3.o(i._printf_core) for _printf_core
    printf3.o(i.__0fprintf$3) refers to retarget.o(.text) for fputc
    printf3.o(i.__0printf$3) refers to printf3.o(i._printf_core) for _printf_core
    printf3.o(i.__0printf$3) refers to retarget.o(.data) for __stdout
    printf3.o(i.__0printf$3) refers to retarget.o(.text) for fputc
    printf3.o(i.__0snprintf$3) refers to printf3.o(i._printf_core) for _printf_core
    printf3.o(i.__0snprintf$3) refers to printf3.o(i._snputc) for _snputc
    printf3.o(i.__0sprintf$3) refers to printf3.o(i._printf_core) for _printf_core
    printf3.o(i.__0sprintf$3) refers to printf3.o(i._sputc) for _sputc
    printf3.o(i.__0vfprintf$3) refers to printf3.o(i._printf_core) for _printf_core
    printf3.o(i.__0vfprintf$3) refers to retarget.o(.text) for fputc
    printf3.o(i.__0vprintf$3) refers to printf3.o(i._printf_core) for _printf_core
    printf3.o(i.__0vprintf$3) refers to retarget.o(.data) for __stdout
    printf3.o(i.__0vprintf$3) refers to retarget.o(.text) for fputc
    printf3.o(i.__0vsnprintf$3) refers to printf3.o(i._printf_core) for _printf_core
    printf3.o(i.__0vsnprintf$3) refers to printf3.o(i._snputc) for _snputc
    printf3.o(i.__0vsprintf$3) refers to printf3.o(i._printf_core) for _printf_core
    printf3.o(i.__0vsprintf$3) refers to printf3.o(i._sputc) for _sputc
    printf3.o(i._printf_core) refers to printf1.o(i.__ARM_common_call_via_r2) for __ARM_common_call_via_r2
    printf3.o(i._printf_core) refers to uidiv.o(.text) for __aeabi_uidivmod
    printf4.o(i.__0fprintf$4) refers to printf4.o(i._printf_core) for _printf_core
    printf4.o(i.__0fprintf$4) refers to retarget.o(.text) for fputc
    printf4.o(i.__0printf$4) refers to printf4.o(i._printf_core) for _printf_core
    printf4.o(i.__0printf$4) refers to retarget.o(.data) for __stdout
    printf4.o(i.__0printf$4) refers to retarget.o(.text) for fputc
    printf4.o(i.__0snprintf$4) refers to printf4.o(i._printf_core) for _printf_core
    printf4.o(i.__0snprintf$4) refers to printf4.o(i._snputc) for _snputc
    printf4.o(i.__0sprintf$4) refers to printf4.o(i._printf_core) for _printf_core
    printf4.o(i.__0sprintf$4) refers to printf4.o(i._sputc) for _sputc
    printf4.o(i.__0vfprintf$4) refers to printf4.o(i._printf_core) for _printf_core
    printf4.o(i.__0vfprintf$4) refers to retarget.o(.text) for fputc
    printf4.o(i.__0vprintf$4) refers to printf4.o(i._printf_core) for _printf_core
    printf4.o(i.__0vprintf$4) refers to retarget.o(.data) for __stdout
    printf4.o(i.__0vprintf$4) refers to retarget.o(.text) for fputc
    printf4.o(i.__0vsnprintf$4) refers to printf4.o(i._printf_core) for _printf_core
    printf4.o(i.__0vsnprintf$4) refers to printf4.o(i._snputc) for _snputc
    printf4.o(i.__0vsprintf$4) refers to printf4.o(i._printf_core) for _printf_core
    printf4.o(i.__0vsprintf$4) refers to printf4.o(i._sputc) for _sputc
    printf4.o(i._printf_core) refers to printf1.o(i.__ARM_common_call_via_r2) for __ARM_common_call_via_r2
    printf4.o(i._printf_core) refers to uldiv.o(.text) for __aeabi_uldivmod
    printf5.o(i.__0fprintf$5) refers to printf5.o(i._printf_core) for _printf_core
    printf5.o(i.__0fprintf$5) refers to retarget.o(.text) for fputc
    printf5.o(i.__0printf$5) refers to printf5.o(i._printf_core) for _printf_core
    printf5.o(i.__0printf$5) refers to retarget.o(.data) for __stdout
    printf5.o(i.__0printf$5) refers to retarget.o(.text) for fputc
    printf5.o(i.__0snprintf$5) refers to printf5.o(i._printf_core) for _printf_core
    printf5.o(i.__0snprintf$5) refers to printf5.o(i._snputc) for _snputc
    printf5.o(i.__0sprintf$5) refers to printf5.o(i._printf_core) for _printf_core
    printf5.o(i.__0sprintf$5) refers to printf5.o(i._sputc) for _sputc
    printf5.o(i.__0vfprintf$5) refers to printf5.o(i._printf_core) for _printf_core
    printf5.o(i.__0vfprintf$5) refers to retarget.o(.text) for fputc
    printf5.o(i.__0vprintf$5) refers to printf5.o(i._printf_core) for _printf_core
    printf5.o(i.__0vprintf$5) refers to retarget.o(.data) for __stdout
    printf5.o(i.__0vprintf$5) refers to retarget.o(.text) for fputc
    printf5.o(i.__0vsnprintf$5) refers to printf5.o(i._printf_core) for _printf_core
    printf5.o(i.__0vsnprintf$5) refers to printf5.o(i._snputc) for _snputc
    printf5.o(i.__0vsprintf$5) refers to printf5.o(i._printf_core) for _printf_core
    printf5.o(i.__0vsprintf$5) refers to printf5.o(i._sputc) for _sputc
    printf5.o(i._printf_core) refers to printf1.o(i.__ARM_common_call_via_r2) for __ARM_common_call_via_r2
    printf5.o(i._printf_core) refers to uldiv.o(.text) for __aeabi_uldivmod
    printf6.o(i.__0fprintf$6) refers to printf6.o(i._printf_core) for _printf_core
    printf6.o(i.__0fprintf$6) refers to retarget.o(.text) for fputc
    printf6.o(i.__0printf$6) refers to printf6.o(i._printf_core) for _printf_core
    printf6.o(i.__0printf$6) refers to retarget.o(.data) for __stdout
    printf6.o(i.__0printf$6) refers to retarget.o(.text) for fputc
    printf6.o(i.__0snprintf$6) refers to printf6.o(i._printf_core) for _printf_core
    printf6.o(i.__0snprintf$6) refers to printf6.o(i._snputc) for _snputc
    printf6.o(i.__0sprintf$6) refers to printf6.o(i._printf_core) for _printf_core
    printf6.o(i.__0sprintf$6) refers to printf6.o(i._sputc) for _sputc
    printf6.o(i.__0vfprintf$6) refers to printf6.o(i._printf_core) for _printf_core
    printf6.o(i.__0vfprintf$6) refers to retarget.o(.text) for fputc
    printf6.o(i.__0vprintf$6) refers to printf6.o(i._printf_core) for _printf_core
    printf6.o(i.__0vprintf$6) refers to retarget.o(.data) for __stdout
    printf6.o(i.__0vprintf$6) refers to retarget.o(.text) for fputc
    printf6.o(i.__0vsnprintf$6) refers to printf6.o(i._printf_core) for _printf_core
    printf6.o(i.__0vsnprintf$6) refers to printf6.o(i._snputc) for _snputc
    printf6.o(i.__0vsprintf$6) refers to printf6.o(i._printf_core) for _printf_core
    printf6.o(i.__0vsprintf$6) refers to printf6.o(i._sputc) for _sputc
    printf6.o(i._printf_core) refers to printf6.o(i._printf_pre_padding) for _printf_pre_padding
    printf6.o(i._printf_core) refers to printf1.o(i.__ARM_common_call_via_r2) for __ARM_common_call_via_r2
    printf6.o(i._printf_core) refers to printf6.o(i._printf_post_padding) for _printf_post_padding
    printf6.o(i._printf_core) refers to uidiv.o(.text) for __aeabi_uidivmod
    printf6.o(i._printf_post_padding) refers to printfb.o(i.__ARM_common_call_via_r6) for __ARM_common_call_via_r6
    printf6.o(i._printf_pre_padding) refers to printfb.o(i.__ARM_common_call_via_r6) for __ARM_common_call_via_r6
    printf7.o(i.__0fprintf$7) refers to printf7.o(i._printf_core) for _printf_core
    printf7.o(i.__0fprintf$7) refers to retarget.o(.text) for fputc
    printf7.o(i.__0printf$7) refers to printf7.o(i._printf_core) for _printf_core
    printf7.o(i.__0printf$7) refers to retarget.o(.data) for __stdout
    printf7.o(i.__0printf$7) refers to retarget.o(.text) for fputc
    printf7.o(i.__0snprintf$7) refers to printf7.o(i._printf_core) for _printf_core
    printf7.o(i.__0snprintf$7) refers to printf7.o(i._snputc) for _snputc
    printf7.o(i.__0sprintf$7) refers to printf7.o(i._printf_core) for _printf_core
    printf7.o(i.__0sprintf$7) refers to printf7.o(i._sputc) for _sputc
    printf7.o(i.__0vfprintf$7) refers to printf7.o(i._printf_core) for _printf_core
    printf7.o(i.__0vfprintf$7) refers to retarget.o(.text) for fputc
    printf7.o(i.__0vprintf$7) refers to printf7.o(i._printf_core) for _printf_core
    printf7.o(i.__0vprintf$7) refers to retarget.o(.data) for __stdout
    printf7.o(i.__0vprintf$7) refers to retarget.o(.text) for fputc
    printf7.o(i.__0vsnprintf$7) refers to printf7.o(i._printf_core) for _printf_core
    printf7.o(i.__0vsnprintf$7) refers to printf7.o(i._snputc) for _snputc
    printf7.o(i.__0vsprintf$7) refers to printf7.o(i._printf_core) for _printf_core
    printf7.o(i.__0vsprintf$7) refers to printf7.o(i._sputc) for _sputc
    printf7.o(i._printf_core) refers to printf7.o(i._printf_pre_padding) for _printf_pre_padding
    printf7.o(i._printf_core) refers to printf1.o(i.__ARM_common_call_via_r2) for __ARM_common_call_via_r2
    printf7.o(i._printf_core) refers to printf7.o(i._printf_post_padding) for _printf_post_padding
    printf7.o(i._printf_core) refers to uldiv.o(.text) for __aeabi_uldivmod
    printf7.o(i._printf_post_padding) refers to printfb.o(i.__ARM_common_call_via_r6) for __ARM_common_call_via_r6
    printf7.o(i._printf_pre_padding) refers to printfb.o(i.__ARM_common_call_via_r6) for __ARM_common_call_via_r6
    printf8.o(i.__0fprintf$8) refers to printf8.o(i._printf_core) for _printf_core
    printf8.o(i.__0fprintf$8) refers to retarget.o(.text) for fputc
    printf8.o(i.__0printf$8) refers to printf8.o(i._printf_core) for _printf_core
    printf8.o(i.__0printf$8) refers to retarget.o(.data) for __stdout
    printf8.o(i.__0printf$8) refers to retarget.o(.text) for fputc
    printf8.o(i.__0snprintf$8) refers to printf8.o(i._printf_core) for _printf_core
    printf8.o(i.__0snprintf$8) refers to printf8.o(i._snputc) for _snputc
    printf8.o(i.__0sprintf$8) refers to printf8.o(i._printf_core) for _printf_core
    printf8.o(i.__0sprintf$8) refers to printf8.o(i._sputc) for _sputc
    printf8.o(i.__0vfprintf$8) refers to printf8.o(i._printf_core) for _printf_core
    printf8.o(i.__0vfprintf$8) refers to retarget.o(.text) for fputc
    printf8.o(i.__0vprintf$8) refers to printf8.o(i._printf_core) for _printf_core
    printf8.o(i.__0vprintf$8) refers to retarget.o(.data) for __stdout
    printf8.o(i.__0vprintf$8) refers to retarget.o(.text) for fputc
    printf8.o(i.__0vsnprintf$8) refers to printf8.o(i._printf_core) for _printf_core
    printf8.o(i.__0vsnprintf$8) refers to printf8.o(i._snputc) for _snputc
    printf8.o(i.__0vsprintf$8) refers to printf8.o(i._printf_core) for _printf_core
    printf8.o(i.__0vsprintf$8) refers to printf8.o(i._sputc) for _sputc
    printf8.o(i._printf_core) refers to printf8.o(i._printf_pre_padding) for _printf_pre_padding
    printf8.o(i._printf_core) refers to printf1.o(i.__ARM_common_call_via_r2) for __ARM_common_call_via_r2
    printf8.o(i._printf_core) refers to printf8.o(i._printf_post_padding) for _printf_post_padding
    printf8.o(i._printf_core) refers to uldiv.o(.text) for __aeabi_uldivmod
    printf8.o(i._printf_post_padding) refers to printfb.o(i.__ARM_common_call_via_r6) for __ARM_common_call_via_r6
    printf8.o(i._printf_pre_padding) refers to printfb.o(i.__ARM_common_call_via_r6) for __ARM_common_call_via_r6
    printfa.o(i.__0fprintf) refers (Special) to iusefp.o(.text) for __I$use$fp
    printfa.o(i.__0fprintf) refers to printfa.o(i._printf_core) for _printf_core
    printfa.o(i.__0fprintf) refers to retarget.o(.text) for fputc
    printfa.o(i.__0printf) refers (Special) to iusefp.o(.text) for __I$use$fp
    printfa.o(i.__0printf) refers to printfa.o(i._printf_core) for _printf_core
    printfa.o(i.__0printf) refers to retarget.o(.data) for __stdout
    printfa.o(i.__0printf) refers to retarget.o(.text) for fputc
    printfa.o(i.__0snprintf) refers (Special) to iusefp.o(.text) for __I$use$fp
    printfa.o(i.__0snprintf) refers to printfa.o(i._printf_core) for _printf_core
    printfa.o(i.__0snprintf) refers to printfa.o(i._snputc) for _snputc
    printfa.o(i.__0sprintf) refers (Special) to iusefp.o(.text) for __I$use$fp
    printfa.o(i.__0sprintf) refers to printfa.o(i._printf_core) for _printf_core
    printfa.o(i.__0sprintf) refers to printfa.o(i._sputc) for _sputc
    printfa.o(i.__0vfprintf) refers (Special) to iusefp.o(.text) for __I$use$fp
    printfa.o(i.__0vfprintf) refers to printfa.o(i._printf_core) for _printf_core
    printfa.o(i.__0vfprintf) refers to retarget.o(.text) for fputc
    printfa.o(i.__0vprintf) refers (Special) to iusefp.o(.text) for __I$use$fp
    printfa.o(i.__0vprintf) refers to printfa.o(i._printf_core) for _printf_core
    printfa.o(i.__0vprintf) refers to retarget.o(.data) for __stdout
    printfa.o(i.__0vprintf) refers to retarget.o(.text) for fputc
    printfa.o(i.__0vsnprintf) refers (Special) to iusefp.o(.text) for __I$use$fp
    printfa.o(i.__0vsnprintf) refers to printfa.o(i._printf_core) for _printf_core
    printfa.o(i.__0vsnprintf) refers to printfa.o(i._snputc) for _snputc
    printfa.o(i.__0vsprintf) refers (Special) to iusefp.o(.text) for __I$use$fp
    printfa.o(i.__0vsprintf) refers to printfa.o(i._printf_core) for _printf_core
    printfa.o(i.__0vsprintf) refers to printfa.o(i._sputc) for _sputc
    printfa.o(i._fp_digits) refers (Special) to iusefp.o(.text) for __I$use$fp
    printfa.o(i._fp_digits) refers to dmul.o(.text) for __aeabi_dmul
    printfa.o(i._fp_digits) refers to ddiv.o(.text) for __aeabi_ddiv
    printfa.o(i._fp_digits) refers to cdrcmple.o(.text) for __aeabi_cdrcmple
    printfa.o(i._fp_digits) refers to dadd.o(.text) for __aeabi_dadd
    printfa.o(i._fp_digits) refers to dfixul.o(.text) for __aeabi_d2ulz
    printfa.o(i._fp_digits) refers to uldiv.o(.text) for __aeabi_uldivmod
    printfa.o(i._printf_core) refers (Special) to iusefp.o(.text) for __I$use$fp
    printfa.o(i._printf_core) refers to printfa.o(i._printf_pre_padding) for _printf_pre_padding
    printfa.o(i._printf_core) refers to printf1.o(i.__ARM_common_call_via_r2) for __ARM_common_call_via_r2
    printfa.o(i._printf_core) refers to printfa.o(i._printf_post_padding) for _printf_post_padding
    printfa.o(i._printf_core) refers to uldiv.o(.text) for __aeabi_uldivmod
    printfa.o(i._printf_core) refers to printfa.o(i._fp_digits) for _fp_digits
    printfa.o(i._printf_core) refers to uidiv.o(.text) for __aeabi_uidivmod
    printfa.o(i._printf_post_padding) refers (Special) to iusefp.o(.text) for __I$use$fp
    printfa.o(i._printf_post_padding) refers to printfb.o(i.__ARM_common_call_via_r6) for __ARM_common_call_via_r6
    printfa.o(i._printf_pre_padding) refers (Special) to iusefp.o(.text) for __I$use$fp
    printfa.o(i._printf_pre_padding) refers to printfb.o(i.__ARM_common_call_via_r6) for __ARM_common_call_via_r6
    printfa.o(i._snputc) refers (Special) to iusefp.o(.text) for __I$use$fp
    printfa.o(i._sputc) refers (Special) to iusefp.o(.text) for __I$use$fp
    entry2.o(.ARM.Collect$$$$00000001) refers to entry2.o(.ARM.Collect$$$$00002712) for __lit__00000000
    entry2.o(.ARM.Collect$$$$00002712) refers to lpc2300.o(STACK) for __initial_sp
    entry5.o(.ARM.Collect$$$$00000004) refers to init.o(.text) for __scatterload
    entry7.o(.ARM.Collect$$$$00000007) refers to main.o(.text) for main
    uldiv.o(.text) refers to llushr.o(.text) for __aeabi_llsr
    uldiv.o(.text) refers to llshl.o(.text) for __aeabi_llsl
    dadd.o(.text) refers to llushr.o(.text) for __aeabi_llsr
    dadd.o(.text) refers to llshl.o(.text) for __aeabi_llsl
    dadd.o(.text) refers to depilogue.o(.text) for _double_epilogue
    dmul.o(.text) refers to depilogue.o(.text) for _double_epilogue
    ddiv.o(.text) refers to depilogue.o(.text) for _double_epilogue
    dfixul.o(.text) refers to llushr.o(.text) for __aeabi_llsr
    dfixul.o(.text) refers to llshl.o(.text) for __aeabi_llsl
    init.o(.text) refers to init.o(i.__ARM_common_call_via_r3) for __ARM_common_call_via_r3
    init.o(.text) refers to entry5.o(.ARM.Collect$$$$00000004) for __main_after_scatterload
    usbcore.o(i.USB_ReqSetClrFeature) refers to usbhw.o(.text) for USB_SetStallEP
    usbcore.o(i.USB_ReqSetClrFeature) refers to usbcore.o(.data) for .data
    usbcore.o(i.USB_ReqSetConfiguration) refers to usbhw.o(.text) for USB_ConfigEP
    usbcore.o(i.USB_ReqSetConfiguration) refers to usbcore.o(.data) for .data
    usbcore.o(i.USB_ReqSetConfiguration) refers to usbdesc.o(.constdata) for USB_ConfigDescriptor
    usbcore.o(i.USB_ReqSetInterface) refers to usbhw.o(.text) for USB_ConfigEP
    usbcore.o(i.USB_ReqSetInterface) refers to usbcore.o(.data) for .data
    usbcore.o(i.USB_ReqSetInterface) refers to usbdesc.o(.constdata) for USB_ConfigDescriptor
    usbcore.o(i.USB_ReqGetStatus) refers to usbcore.o(.data) for .data
    usbcore.o(i.USB_ReqGetStatus) refers to usbcore.o(.bss) for .bss
    usbcore.o(i.USB_ReqGetDescriptor) refers to usbcore.o(.data) for .data
    usbcore.o(i.USB_ReqGetDescriptor) refers to usbdesc.o(.constdata) for USB_StringDescriptor
    usbcore.o(i.USB_ReqGetDescriptor) refers to usbdesc.o(.constdata) for USB_DeviceDescriptor
    usbcore.o(i.USB_ReqGetDescriptor) refers to usbdesc.o(.constdata) for USB_ConfigDescriptor


==============================================================================

Removing Unused input sections from the image.

    Removing eeprom.o(.data), (1 bytes).
    Removing timer.o(.bss), (36 bytes).
    Removing cdcuser.o(.bss), (64 bytes).
    Removing lpc2300.o(HEAP), (0 bytes).
    Removing dadd.o(.text), (454 bytes).
    Removing dmul.o(.text), (240 bytes).
    Removing ddiv.o(.text), (252 bytes).
    Removing dfixul.o(.text), (68 bytes).
    Removing cdrcmple.o(.text), (80 bytes).
    Removing depilogue.o(.text), (208 bytes).

10 unused section(s) (total 1403 bytes) removed from the image.

==============================================================================

Adding Veneers to the image

    Adding AT veneer (8 bytes, Inline) for call to 'rx64_setRXModeEnabled' from rx64.o(.text).
    Adding AT veneer (8 bytes, Inline) for call to 'rx28_setRXModeEnabled' from rx28.o(.text).
    Adding AT veneer (8 bytes, Inline) for call to 'rx10_setRXModeEnabled' from rx10.o(.text).
    Adding AT veneer (8 bytes, Inline) for call to 'USB_Reset_Event' from usbhw.o(.text).
    Adding AT veneer (8 bytes, Inline) for call to 'WrCmd' from usbhw.o(.text).
    Adding AT veneer (8 bytes, Inline) for call to '__scatterload' from entry5.o(.ARM.Collect$$$$00000004).
    Adding AT veneer (12 bytes, Long) for call to 'RdCmdDat' from usbhw.o(.text).
    Adding AT veneer (12 bytes, Long) for call to 'USB_Reset' from usbhw.o(.text).
    Adding AT veneer (12 bytes, Long) for call to 'USB_Suspend' from usbhw.o(.text).
    Adding AT veneer (12 bytes, Long) for call to 'USB_Resume' from usbhw.o(.text).
    Adding AT veneer (12 bytes, Long) for call to 'USB_SOF_Event' from usbhw.o(.text).
    Adding TA veneer (8 bytes, Short) for call to '__main_after_scatterload' from init.o(.text).
    Adding TA veneer (4 bytes, Inline) for call to '__ARM_common_switch8' from com.o(.text).

13 Veneer(s) (total 120 bytes) added to the image.

==============================================================================

Image Symbol Table

    Local Symbols

    Symbol Name                              Value     Ov Type        Size  Object(Section)

    ../../microlib/division.c                0x00000000   Number         0  uidiv.o ABSOLUTE
    ../../microlib/division.c                0x00000000   Number         0  uldiv.o ABSOLUTE
    ../../microlib/fpadd.c                   0x00000000   Number         0  dadd.o ABSOLUTE
    ../../microlib/fpdiv.c                   0x00000000   Number         0  ddiv.o ABSOLUTE
    ../../microlib/fpepilogue.c              0x00000000   Number         0  depilogue.o ABSOLUTE
    ../../microlib/fpfix.c                   0x00000000   Number         0  dfixul.o ABSOLUTE
    ../../microlib/fpmul.c                   0x00000000   Number         0  dmul.o ABSOLUTE
    ../../microlib/init/entry.s              0x00000000   Number         0  entry5.o ABSOLUTE
    ../../microlib/init/entry.s              0x00000000   Number         0  entry7.o ABSOLUTE
    ../../microlib/init/entry.s              0x00000000   Number         0  entry2.o ABSOLUTE
    ../../microlib/init/entry.s              0x00000000   Number         0  entry.o ABSOLUTE
    ../../microlib/longlong.c                0x00000000   Number         0  llushr.o ABSOLUTE
    ../../microlib/longlong.c                0x00000000   Number         0  llshl.o ABSOLUTE
    ../../microlib/printf/printf.c           0x00000000   Number         0  printf6.o ABSOLUTE
    ../../microlib/printf/printf.c           0x00000000   Number         0  printf5.o ABSOLUTE
    ../../microlib/printf/printf.c           0x00000000   Number         0  printf4.o ABSOLUTE
    ../../microlib/printf/printf.c           0x00000000   Number         0  printf3.o ABSOLUTE
    ../../microlib/printf/printf.c           0x00000000   Number         0  printf1.o ABSOLUTE
    ../../microlib/printf/printf.c           0x00000000   Number         0  printf2.o ABSOLUTE
    ../../microlib/printf/printf.c           0x00000000   Number         0  printf8.o ABSOLUTE
    ../../microlib/printf/printf.c           0x00000000   Number         0  printf7.o ABSOLUTE
    ../../microlib/printf/printf.c           0x00000000   Number         0  printfb.o ABSOLUTE
    ../../microlib/printf/printf.c           0x00000000   Number         0  printfa.o ABSOLUTE
    ../../microlib/printf/printf.c           0x00000000   Number         0  printf0.o ABSOLUTE
    ../../microlib/printf/stubs.s            0x00000000   Number         0  stubs.o ABSOLUTE
    ../../microlib/string/memcpy.c           0x00000000   Number         0  memcpyb.o ABSOLUTE
    ../../microlib/string/memcpy.c           0x00000000   Number         0  memcpya.o ABSOLUTE
    ../../microlib/string/memset.c           0x00000000   Number         0  memseta.o ABSOLUTE
    ../../microlib/stubs.s                   0x00000000   Number         0  useno.o ABSOLUTE
    ../../microlib/stubs.s                   0x00000000   Number         0  iusefp.o ABSOLUTE
    ../../microlib/unhosted.c                0x00000000   Number         0  uwrite4.o ABSOLUTE
    ../../microlib/unhosted.c                0x00000000   Number         0  uread4.o ABSOLUTE
    cdrcmple.s                               0x00000000   Number         0  cdrcmple.o ABSOLUTE
    dc.s                                     0x00000000   Number         0  dc.o ABSOLUTE
    handlers.s                               0x00000000   Number         0  handlers.o ABSOLUTE
    init.s                                   0x00000000   Number         0  init.o ABSOLUTE
    src\LPC2300.s                            0x00000000   Number         0  lpc2300.o ABSOLUTE
    src\Retarget.c                           0x00000000   Number         0  retarget.o ABSOLUTE
    src\SWI.s                                0x00000000   Number         0  swi.o ABSOLUTE
    src\Serial.c                             0x00000000   Number         0  serial.o ABSOLUTE
    src\cdcuser.c                            0x00000000   Number         0  cdcuser.o ABSOLUTE
    src\com.c                                0x00000000   Number         0  com.o ABSOLUTE
    src\dynamixel.c                          0x00000000   Number         0  dynamixel.o ABSOLUTE
    src\eeprom.c                             0x00000000   Number         0  eeprom.o ABSOLUTE
    src\io.c                                 0x00000000   Number         0  io.o ABSOLUTE
    src\main.c                               0x00000000   Number         0  main.o ABSOLUTE
    src\rx10.c                               0x00000000   Number         0  rx10.o ABSOLUTE
    src\rx28.c                               0x00000000   Number         0  rx28.o ABSOLUTE
    src\rx64.c                               0x00000000   Number         0  rx64.o ABSOLUTE
    src\spi.c                                0x00000000   Number         0  spi.o ABSOLUTE
    src\timer.c                              0x00000000   Number         0  timer.o ABSOLUTE
    src\usbcore.c                            0x00000000   Number         0  usbcore.o ABSOLUTE
    src\usbdesc.c                            0x00000000   Number         0  usbdesc.o ABSOLUTE
    src\usbhw.c                              0x00000000   Number         0  usbhw.o ABSOLUTE
    src\usbuser.c                            0x00000000   Number         0  usbuser.o ABSOLUTE
    RESET                                    0x00002000   Section      404  lpc2300.o(RESET)
    Undef_Handler                            0x00002040   ARM Code       4  lpc2300.o(RESET)
    PAbt_Handler                             0x00002044   ARM Code       4  lpc2300.o(RESET)
    DAbt_Handler                             0x00002048   ARM Code       4  lpc2300.o(RESET)
    IRQ_Handler                              0x0000204c   ARM Code       4  lpc2300.o(RESET)
    FIQ_Handler                              0x00002050   ARM Code       4  lpc2300.o(RESET)
    .ARM.Collect$$$$00000000                 0x00002194   Section        0  entry.o(.ARM.Collect$$$$00000000)
    .ARM.Collect$$$$00000001                 0x00002194   Section        4  entry2.o(.ARM.Collect$$$$00000001)
    .ARM.Collect$$$$00000004                 0x00002198   Section        4  entry5.o(.ARM.Collect$$$$00000004)
    .ARM.Collect$$$$00000007                 0x0000219c   Section       12  entry7.o(.ARM.Collect$$$$00000007)
    .ARM.Collect$$$$00002712                 0x000021a8   Section        4  entry2.o(.ARM.Collect$$$$00002712)
    __lit__00000000                          0x000021a8   Data           4  entry2.o(.ARM.Collect$$$$00002712)
    .text                                    0x000021ac   Section      340  main.o(.text)
    .text                                    0x00002300   Section      252  spi.o(.text)
    .text                                    0x000023fc   Section      120  io.o(.text)
    .text                                    0x00002474   Section      576  io.o(.text)
    .text                                    0x000026b4   Section      408  eeprom.o(.text)
    .text                                    0x0000284c   Section       76  serial.o(.text)
    .text                                    0x00002898   Section       28  retarget.o(.text)
    .text                                    0x000028bc   Section      400  rx64.o(.text)
    .text                                    0x00002a4c   Section      284  rx64.o(.text)
    .text                                    0x00002b68   Section      236  timer.o(.text)
    .text                                    0x00002c5c   Section      396  rx28.o(.text)
    .text                                    0x00002de8   Section      284  rx28.o(.text)
    .text                                    0x00002f04   Section     1964  dynamixel.o(.text)
    .text                                    0x000036b0   Section     1360  com.o(.text)
    rec_robotinoarm_lpcToPC_checksum         0x00003a85   Thumb Code   380  com.o(.text)
    .text                                    0x00003c08   Section      384  rx10.o(.text)
    .text                                    0x00003d88   Section      276  rx10.o(.text)
    .text                                    0x00003ea4   Section      100  usbuser.o(.text)
    .text                                    0x00003f08   Section      412  cdcuser.o(.text)
    .text                                    0x000040a4   Section      612  usbcore.o(.text)
    .text                                    0x00004310   Section      820  usbhw.o(.text)
    .text                                    0x00004644   Section      316  usbhw.o(.text)
    .text                                    0x00004780   Section       36  memcpya.o(.text)
    .text                                    0x000047a4   Section       44  memseta.o(.text)
    .text                                    0x000047d0   Section       18  uread4.o(.text)
    .text                                    0x000047e2   Section       18  uwrite4.o(.text)
    .text                                    0x000047f4   Section       46  uidiv.o(.text)
    .text                                    0x0000482c   Section       32  init.o(.text)
    SWI_Area                                 0x0000484c   Section      116  swi.o(SWI_Area)
    SWI_Dead                                 0x00004894   ARM Code       4  swi.o(SWI_Area)
    i.USB_ReqGetDescriptor                   0x00004904   Section      152  usbcore.o(i.USB_ReqGetDescriptor)
    i.USB_ReqGetStatus                       0x0000499c   Section      128  usbcore.o(i.USB_ReqGetStatus)
    i.USB_ReqSetClrFeature                   0x00004a1c   Section      160  usbcore.o(i.USB_ReqSetClrFeature)
    i.USB_ReqSetConfiguration                0x00004abc   Section      344  usbcore.o(i.USB_ReqSetConfiguration)
    i.USB_ReqSetInterface                    0x00004c14   Section      268  usbcore.o(i.USB_ReqSetInterface)
    i.__0printf$1                            0x00004d20   Section       32  printf1.o(i.__0printf$1)
    i.__ARM_common_call_via_r2               0x00004d40   Section        2  printf1.o(i.__ARM_common_call_via_r2)
    i.__ARM_common_call_via_r3               0x00004d42   Section        2  init.o(i.__ARM_common_call_via_r3)
    i.__ARM_common_switch8                   0x00004d48   Section       24  com.o(i.__ARM_common_switch8)
    i.__scatterload_copy                     0x00004d60   Section       24  handlers.o(i.__scatterload_copy)
    i.__scatterload_null                     0x00004d78   Section        4  handlers.o(i.__scatterload_null)
    i.__scatterload_zeroinit                 0x00004d7c   Section       24  handlers.o(i.__scatterload_zeroinit)
    i._printf_core                           0x00004d94   Section      340  printf1.o(i._printf_core)
    _printf_core                             0x00004d95   Thumb Code   334  printf1.o(i._printf_core)
    .constdata                               0x00004ee8   Section        6  dynamixel.o(.constdata)
    .constdata                               0x00004ef0   Section       16  com.o(.constdata)
    .constdata                               0x00004f00   Section       64  usbuser.o(.constdata)
    .constdata                               0x00004f40   Section       18  usbdesc.o(.constdata)
    .constdata                               0x00004f52   Section       68  usbdesc.o(.constdata)
    .constdata                               0x00004f96   Section       84  usbdesc.o(.constdata)
    .data                                    0x40000100   Section        2  io.o(.data)
    .data                                    0x40000104   Section        4  retarget.o(.data)
    .data                                    0x40000108   Section        7  rx64.o(.data)
    .data                                    0x4000010f   Section        7  rx28.o(.data)
    .data                                    0x40000116   Section        2  dynamixel.o(.data)
    .data                                    0x40000118   Section      180  com.o(.data)
    .data                                    0x400001cc   Section        7  rx10.o(.data)
    .data                                    0x400001d4   Section        2  usbuser.o(.data)
    serialState                              0x400001d4   Data           2  usbuser.o(.data)
    .data                                    0x400001d6   Section       13  cdcuser.o(.data)
    .data                                    0x400001e4   Section       40  usbcore.o(.data)
    .bss                                     0x4000020c   Section       32  rx64.o(.bss)
    .bss                                     0x4000022c   Section       36  timer.o(.bss)
    .bss                                     0x40000250   Section       32  rx28.o(.bss)
    .bss                                     0x40000270   Section      135  dynamixel.o(.bss)
    .bss                                     0x400002f7   Section       81  com.o(.bss)
    serBuf                                   0x4000031e   Data          42  com.o(.bss)
    .bss                                     0x40000348   Section       32  rx10.o(.bss)
    .bss                                     0x40000368   Section      212  cdcuser.o(.bss)
    .bss                                     0x4000043c   Section       64  usbcore.o(.bss)
    STACK                                    0x40000480   Section     1344  lpc2300.o(STACK)
    Stack_Top                                0x400009c0   Data           0  lpc2300.o(STACK)

    Global Symbols

    Symbol Name                              Value     Ov Type        Size  Object(Section)

    BuildAttributes$$THM_ISAv1$ARM_ISAv4$S$PE$A:L22$X:L11$S22$IEEE1$IW$USESV6$~STKCKD$USESV7$~SHL$OSPACE$ROPI$EBA8$MICROLIB$REQ8$PRES8$EABIv2 0x00000000   Number         0  anon$$obj.o ABSOLUTE
    __ARM_use_no_argv                        0x00000000   Number         0  main.o ABSOLUTE
    __use_no_errno                           0x00000000   Number         0  useno.o ABSOLUTE
    __use_no_exception_handling              0x00000000   Number         0  useno.o ABSOLUTE
    __use_no_fp                              0x00000000   Number         0  useno.o ABSOLUTE
    __use_no_heap                            0x00000000   Number         0  useno.o ABSOLUTE
    __use_no_heap_region                     0x00000000   Number         0  useno.o ABSOLUTE
    __use_no_semihosting                     0x00000000   Number         0  useno.o ABSOLUTE
    __use_no_semihosting_swi                 0x00000000   Number         0  useno.o ABSOLUTE
    __use_no_signal_handling                 0x00000000   Number         0  useno.o ABSOLUTE
    _printf_a                                0x00000000   Number         0  stubs.o ABSOLUTE
    _printf_c                                0x00000000   Number         0  stubs.o ABSOLUTE
    _printf_charcount                        0x00000000   Number         0  stubs.o ABSOLUTE
    _printf_d                                0x00000000   Number         0  stubs.o ABSOLUTE
    _printf_e                                0x00000000   Number         0  stubs.o ABSOLUTE
    _printf_f                                0x00000000   Number         0  stubs.o ABSOLUTE
    _printf_flags                            0x00000000   Number         0  stubs.o ABSOLUTE
    _printf_fp_dec                           0x00000000   Number         0  stubs.o ABSOLUTE
    _printf_fp_hex                           0x00000000   Number         0  stubs.o ABSOLUTE
    _printf_g                                0x00000000   Number         0  stubs.o ABSOLUTE
    _printf_i                                0x00000000   Number         0  stubs.o ABSOLUTE
    _printf_int_dec                          0x00000000   Number         0  stubs.o ABSOLUTE
    _printf_l                                0x00000000   Number         0  stubs.o ABSOLUTE
    _printf_lc                               0x00000000   Number         0  stubs.o ABSOLUTE
    _printf_ll                               0x00000000   Number         0  stubs.o ABSOLUTE
    _printf_lld                              0x00000000   Number         0  stubs.o ABSOLUTE
    _printf_lli                              0x00000000   Number         0  stubs.o ABSOLUTE
    _printf_llo                              0x00000000   Number         0  stubs.o ABSOLUTE
    _printf_llu                              0x00000000   Number         0  stubs.o ABSOLUTE
    _printf_llx                              0x00000000   Number         0  stubs.o ABSOLUTE
    _printf_longlong_dec                     0x00000000   Number         0  stubs.o ABSOLUTE
    _printf_longlong_hex                     0x00000000   Number         0  stubs.o ABSOLUTE
    _printf_longlong_oct                     0x00000000   Number         0  stubs.o ABSOLUTE
    _printf_ls                               0x00000000   Number         0  stubs.o ABSOLUTE
    _printf_mbtowc                           0x00000000   Number         0  stubs.o ABSOLUTE
    _printf_n                                0x00000000   Number         0  stubs.o ABSOLUTE
    _printf_o                                0x00000000   Number         0  stubs.o ABSOLUTE
    _printf_p                                0x00000000   Number         0  stubs.o ABSOLUTE
    _printf_percent                          0x00000000   Number         0  stubs.o ABSOLUTE
    _printf_pre_padding                      0x00000000   Number         0  stubs.o ABSOLUTE
    _printf_return_value                     0x00000000   Number         0  stubs.o ABSOLUTE
    _printf_s                                0x00000000   Number         0  stubs.o ABSOLUTE
    _printf_sizespec                         0x00000000   Number         0  stubs.o ABSOLUTE
    _printf_str                              0x00000000   Number         0  stubs.o ABSOLUTE
    _printf_truncate_signed                  0x00000000   Number         0  stubs.o ABSOLUTE
    _printf_truncate_unsigned                0x00000000   Number         0  stubs.o ABSOLUTE
    _printf_u                                0x00000000   Number         0  stubs.o ABSOLUTE
    _printf_wc                               0x00000000   Number         0  stubs.o ABSOLUTE
    _printf_wctomb                           0x00000000   Number         0  stubs.o ABSOLUTE
    _printf_widthprec                        0x00000000   Number         0  stubs.o ABSOLUTE
    _printf_x                                0x00000000   Number         0  stubs.o ABSOLUTE
    __decompress                              - Undefined Weak Reference
    Reset_Handler                            0x00002054   ARM Code       0  lpc2300.o(RESET)
    __main                                   0x00002194   ARM Code       0  entry.o(.ARM.Collect$$$$00000000)
    _main_stk                                0x00002194   ARM Code       0  entry2.o(.ARM.Collect$$$$00000001)
    _main_scatterload                        0x00002198   ARM Code       0  entry5.o(.ARM.Collect$$$$00000004)
    __main_after_scatterload                 0x0000219c   ARM Code       0  entry5.o(.ARM.Collect$$$$00000004)
    _main_init                               0x0000219c   ARM Code       0  entry7.o(.ARM.Collect$$$$00000007)
    resetDevice                              0x000021ad   Thumb Code    60  main.o(.text)
    main                                     0x000021e9   Thumb Code   156  main.o(.text)
    spi_init                                 0x00002301   Thumb Code    78  spi.o(.text)
    spi_send8_blocking                       0x0000234f   Thumb Code    26  spi.o(.text)
    spi_send16_blocking                      0x00002369   Thumb Code    26  spi.o(.text)
    spi_send32_blocking                      0x00002383   Thumb Code    30  spi.o(.text)
    spi_select_adc0                          0x000023a1   Thumb Code    12  spi.o(.text)
    spi_deselect_adc0                        0x000023ad   Thumb Code    12  spi.o(.text)
    spi_select_adc1                          0x000023b9   Thumb Code    12  spi.o(.text)
    spi_deselect_adc1                        0x000023c5   Thumb Code    12  spi.o(.text)
    spi_select_eeprom                        0x000023d1   Thumb Code    14  spi.o(.text)
    spi_deselect_eeprom                      0x000023df   Thumb Code    14  spi.o(.text)
    eint1_irq                                0x000023fc   ARM Code      56  io.o(.text)
    eint2_irq                                0x00002434   ARM Code      56  io.o(.text)
    io_init                                  0x00002475   Thumb Code   188  io.o(.text)
    io_sw_state                              0x00002531   Thumb Code    24  io.o(.text)
    io_led_off                               0x00002549   Thumb Code    14  io.o(.text)
    io_update                                0x00002559   Thumb Code    26  io.o(.text)
    io_led_on                                0x00002575   Thumb Code    14  io.o(.text)
    io_led_set                               0x00002585   Thumb Code     8  io.o(.text)
    io_led_timed_on                          0x0000258d   Thumb Code    30  io.o(.text)
    io_led_toggle                            0x000025ad   Thumb Code    16  io.o(.text)
    io_setPowerEnabled                       0x000025bd   Thumb Code   114  io.o(.text)
    eeprom_init                              0x000026b5   Thumb Code     2  eeprom.o(.text)
    eeprom_readStatusRegister                0x000026b7   Thumb Code    32  eeprom.o(.text)
    eeprom_writeEnable                       0x000026d7   Thumb Code    18  eeprom.o(.text)
    eeprom_writeDisable                      0x000026e9   Thumb Code    18  eeprom.o(.text)
    eeprom_write8                            0x000026fb   Thumb Code    42  eeprom.o(.text)
    eeprom_read8                             0x00002725   Thumb Code    36  eeprom.o(.text)
    eeprom_write16                           0x00002749   Thumb Code    38  eeprom.o(.text)
    eeprom_read16                            0x0000276f   Thumb Code    36  eeprom.o(.text)
    eeprom_write32                           0x00002793   Thumb Code    38  eeprom.o(.text)
    eeprom_read32                            0x000027b9   Thumb Code    36  eeprom.o(.text)
    eeprom_read_statusRegsiter               0x000027dd   Thumb Code    28  eeprom.o(.text)
    eeprom_write_statusRegister              0x000027f9   Thumb Code    30  eeprom.o(.text)
    eeprom_write_ip_address                  0x00002817   Thumb Code    18  eeprom.o(.text)
    eeprom_read_ip_address                   0x00002829   Thumb Code    36  eeprom.o(.text)
    init_serial                              0x0000284d   Thumb Code    42  serial.o(.text)
    sendchar                                 0x00002877   Thumb Code    12  serial.o(.text)
    getkey                                   0x00002883   Thumb Code    12  serial.o(.text)
    fputc                                    0x00002899   Thumb Code    12  retarget.o(.text)
    ferror                                   0x000028a5   Thumb Code     6  retarget.o(.text)
    _ttywrch                                 0x000028ab   Thumb Code     8  retarget.o(.text)
    _sys_exit                                0x000028b3   Thumb Code     2  retarget.o(.text)
    Inline ARM to Thumb Veneer to rx64_setRXModeEnabled 0x000028b4   ARM Code       8  rx64.o(.text)
    rx64_setRXModeEnabled                    0x000028bd   Thumb Code    24  rx64.o(.text)
    rx64_init                                0x000028d5   Thumb Code   128  rx64.o(.text)
    rx64_setTXModeEnabled                    0x00002955   Thumb Code    22  rx64.o(.text)
    rx64_sendCommand_uint                    0x0000296b   Thumb Code   114  rx64.o(.text)
    rx64_sendCommand                         0x000029dd   Thumb Code    66  rx64.o(.text)
    rx64_sendActionCommand                   0x00002a1f   Thumb Code     4  rx64.o(.text)
    rx64_irq                                 0x00002a4c   ARM Code     264  rx64.o(.text)
    timer_init                               0x00002b69   Thumb Code    20  timer.o(.text)
    mainTimer_start                          0x00002b7d   Thumb Code    10  timer.o(.text)
    mainTimer_elapsed                        0x00002b87   Thumb Code    12  timer.o(.text)
    comTimer_start                           0x00002b93   Thumb Code    10  timer.o(.text)
    comTimer_elapsed                         0x00002b9d   Thumb Code    12  timer.o(.text)
    telnetTimer_start                        0x00002ba9   Thumb Code    10  timer.o(.text)
    telnetTimer_elapsed                      0x00002bb3   Thumb Code    12  timer.o(.text)
    timer_rx64_start                         0x00002bbf   Thumb Code    10  timer.o(.text)
    timer_rx64_elapsed                       0x00002bc9   Thumb Code    12  timer.o(.text)
    timer_rx28_start                         0x00002bd5   Thumb Code    10  timer.o(.text)
    timer_rx28_elapsed                       0x00002bdf   Thumb Code    12  timer.o(.text)
    timer_rx10_start                         0x00002beb   Thumb Code    10  timer.o(.text)
    timer_rx10_elapsed                       0x00002bf5   Thumb Code    12  timer.o(.text)
    dynamixelTimer_start                     0x00002c01   Thumb Code    10  timer.o(.text)
    dynamixelTimer_elapsed                   0x00002c0b   Thumb Code    12  timer.o(.text)
    timer_sw0_start                          0x00002c17   Thumb Code    10  timer.o(.text)
    timer_sw0_elapsed                        0x00002c21   Thumb Code    12  timer.o(.text)
    timer_sw1_start                          0x00002c2d   Thumb Code    10  timer.o(.text)
    timer_sw1_elapsed                        0x00002c37   Thumb Code    12  timer.o(.text)
    Inline ARM to Thumb Veneer to rx28_setRXModeEnabled 0x00002c54   ARM Code       8  rx28.o(.text)
    rx28_setRXModeEnabled                    0x00002c5d   Thumb Code    24  rx28.o(.text)
    rx28_init                                0x00002c75   Thumb Code   126  rx28.o(.text)
    rx28_setTXModeEnabled                    0x00002cf3   Thumb Code    22  rx28.o(.text)
    rx28_sendCommand_uint                    0x00002d09   Thumb Code   114  rx28.o(.text)
    rx28_sendCommand                         0x00002d7b   Thumb Code    66  rx28.o(.text)
    rx28_sendActionCommand                   0x00002dbd   Thumb Code     4  rx28.o(.text)
    rx28_irq                                 0x00002de8   ARM Code     264  rx28.o(.text)
    dynamixel_txchecksum                     0x00002f05   Thumb Code    40  dynamixel.o(.text)
    dynamixel_sendCommand                    0x00002f2d   Thumb Code    50  dynamixel.o(.text)
    dynamixel_setPositions                   0x00002f5f   Thumb Code   296  dynamixel.o(.text)
    dynamixel_toggleTorque                   0x00003087   Thumb Code   254  dynamixel.o(.text)
    dynamixel_init                           0x00003185   Thumb Code    20  dynamixel.o(.text)
    dynamixel_statusReceived                 0x00003199   Thumb Code    40  dynamixel.o(.text)
    dynamixel_getAxesLimits                  0x000031c1   Thumb Code   276  dynamixel.o(.text)
    dynamixel_scanServos                     0x000032d5   Thumb Code   334  dynamixel.o(.text)
    dynamixel_getPositions                   0x00003423   Thumb Code   280  dynamixel.o(.text)
    dynamixel_update                         0x0000353b   Thumb Code   206  dynamixel.o(.text)
    dynamixel_resetChannel                   0x00003609   Thumb Code    48  dynamixel.o(.text)
    com_init                                 0x000036b1   Thumb Code    50  com.o(.text)
    com_sendKeepAlive                        0x000036e3   Thumb Code    18  com.o(.text)
    com_sendError                            0x000036f5   Thumb Code    30  com.o(.text)
    com_sendStatusReceiveTimeout             0x00003713   Thumb Code    30  com.o(.text)
    com_sendEnableMotors                     0x00003731   Thumb Code    30  com.o(.text)
    com_sendStorePosition                    0x0000374f   Thumb Code    82  com.o(.text)
    com_sendServos                           0x000037a1   Thumb Code    60  com.o(.text)
    com_sendStatus                           0x000037dd   Thumb Code    42  com.o(.text)
    com_sendInfo                             0x00003807   Thumb Code    14  com.o(.text)
    com_sendAllAxesLimits                    0x00003815   Thumb Code    78  com.o(.text)
    com_sendAllPositions                     0x00003863   Thumb Code    82  com.o(.text)
    VCOM_Usb2Servo                           0x000038b5   Thumb Code   440  com.o(.text)
    VCOM_Servo2Usb                           0x00003a6d   Thumb Code    12  com.o(.text)
    com_update                               0x00003a79   Thumb Code    12  com.o(.text)
    Inline ARM to Thumb Veneer to rx10_setRXModeEnabled 0x00003c00   ARM Code       8  rx10.o(.text)
    rx10_setRXModeEnabled                    0x00003c09   Thumb Code    22  rx10.o(.text)
    rx10_init                                0x00003c1f   Thumb Code   120  rx10.o(.text)
    rx10_setTXModeEnabled                    0x00003c97   Thumb Code    20  rx10.o(.text)
    rx10_sendCommand_uint                    0x00003cab   Thumb Code   114  rx10.o(.text)
    rx10_sendCommand                         0x00003d1d   Thumb Code    66  rx10.o(.text)
    rx10_sendActionCommand                   0x00003d5f   Thumb Code     4  rx10.o(.text)
    rx10_irq                                 0x00003d88   ARM Code     260  rx10.o(.text)
    Inline ARM to Thumb Veneer to USB_Reset_Event 0x00003e9c   ARM Code       8  usbuser.o(.text)
    USB_Reset_Event                          0x00003ea5   Thumb Code    12  usbuser.o(.text)
    USB_SOF_Event                            0x00003eb1   Thumb Code     8  usbuser.o(.text)
    USB_Configure_Event                      0x00003eb9   Thumb Code     2  usbuser.o(.text)
    USB_EndPoint1                            0x00003ebb   Thumb Code    26  usbuser.o(.text)
    USB_EndPoint2                            0x00003ed5   Thumb Code    22  usbuser.o(.text)
    USB_EndPoint3                            0x00003eeb   Thumb Code     2  usbuser.o(.text)
    USB_EndPoint4                            0x00003eed   Thumb Code     2  usbuser.o(.text)
    USB_EndPoint5                            0x00003eef   Thumb Code     2  usbuser.o(.text)
    USB_EndPoint6                            0x00003ef1   Thumb Code     2  usbuser.o(.text)
    USB_EndPoint7                            0x00003ef3   Thumb Code     2  usbuser.o(.text)
    USB_EndPoint8                            0x00003ef5   Thumb Code     2  usbuser.o(.text)
    USB_EndPoint9                            0x00003ef7   Thumb Code     2  usbuser.o(.text)
    USB_EndPoint10                           0x00003ef9   Thumb Code     2  usbuser.o(.text)
    USB_EndPoint11                           0x00003efb   Thumb Code     2  usbuser.o(.text)
    USB_EndPoint12                           0x00003efd   Thumb Code     2  usbuser.o(.text)
    USB_EndPoint13                           0x00003eff   Thumb Code     2  usbuser.o(.text)
    USB_EndPoint14                           0x00003f01   Thumb Code     2  usbuser.o(.text)
    USB_EndPoint15                           0x00003f03   Thumb Code     2  usbuser.o(.text)
    CDC_RdOutBuf                             0x00003f09   Thumb Code    40  cdcuser.o(.text)
    CDC_WrOutBuf                             0x00003f31   Thumb Code    42  cdcuser.o(.text)
    CDC_OutBufAvailChar                      0x00003f5b   Thumb Code    18  cdcuser.o(.text)
    CDC_GetSerialState                       0x00003f6d   Thumb Code     8  cdcuser.o(.text)
    CDC_Init                                 0x00003f75   Thumb Code    26  cdcuser.o(.text)
    CDC_SendEncapsulatedCommand              0x00003f8f   Thumb Code     4  cdcuser.o(.text)
    CDC_GetEncapsulatedResponse              0x00003f93   Thumb Code     4  cdcuser.o(.text)
    CDC_SetCommFeature                       0x00003f97   Thumb Code     4  cdcuser.o(.text)
    CDC_GetCommFeature                       0x00003f9b   Thumb Code     4  cdcuser.o(.text)
    CDC_ClearCommFeature                     0x00003f9f   Thumb Code     4  cdcuser.o(.text)
    CDC_SetLineCoding                        0x00003fa3   Thumb Code    56  cdcuser.o(.text)
    CDC_GetLineCoding                        0x00003fdb   Thumb Code    46  cdcuser.o(.text)
    CDC_SetControlLineState                  0x00004009   Thumb Code     4  cdcuser.o(.text)
    CDC_SendBreak                            0x0000400d   Thumb Code     4  cdcuser.o(.text)
    CDC_BulkIn                               0x00004011   Thumb Code     8  cdcuser.o(.text)
    CDC_BulkOut                              0x00004019   Thumb Code    54  cdcuser.o(.text)
    CDC_StartOfFrame                         0x0000404f   Thumb Code    24  cdcuser.o(.text)
    CDC_NotificationIn                       0x00004067   Thumb Code    50  cdcuser.o(.text)
    USB_ResetCore                            0x000040a5   Thumb Code    22  usbcore.o(.text)
    USB_SetupStage                           0x000040bb   Thumb Code    18  usbcore.o(.text)
    USB_DataInStage                          0x000040cd   Thumb Code    34  usbcore.o(.text)
    USB_DataOutStage                         0x000040ef   Thumb Code    28  usbcore.o(.text)
    USB_StatusInStage                        0x0000410b   Thumb Code    12  usbcore.o(.text)
    USB_StatusOutStage                       0x00004117   Thumb Code    12  usbcore.o(.text)
    USB_EndPoint0                            0x00004123   Thumb Code   474  usbcore.o(.text)
    Inline ARM to Thumb Veneer to WrCmd      0x00004308   ARM Code       8  usbhw.o(.text)
    EPAdr                                    0x00004311   Thumb Code    14  usbhw.o(.text)
    WrCmd                                    0x0000431f   Thumb Code    16  usbhw.o(.text)
    WrCmdDat                                 0x0000432f   Thumb Code    26  usbhw.o(.text)
    WrCmdEP                                  0x00004349   Thumb Code    46  usbhw.o(.text)
    RdCmdDat                                 0x00004377   Thumb Code    18  usbhw.o(.text)
    USB_SetAddress                           0x00004389   Thumb Code    32  usbhw.o(.text)
    USB_Reset                                0x000043a9   Thumb Code    42  usbhw.o(.text)
    USB_Resume                               0x000043d3   Thumb Code     2  usbhw.o(.text)
    USB_Suspend                              0x000043d5   Thumb Code     2  usbhw.o(.text)
    USB_Init                                 0x000043d7   Thumb Code   116  usbhw.o(.text)
    USB_Connect                              0x0000444b   Thumb Code    16  usbhw.o(.text)
    USB_WakeUp                               0x0000445b   Thumb Code    16  usbhw.o(.text)
    USB_WakeUpCfg                            0x0000446b   Thumb Code     2  usbhw.o(.text)
    USB_Configure                            0x0000446d   Thumb Code    44  usbhw.o(.text)
    USB_ConfigEP                             0x00004499   Thumb Code    52  usbhw.o(.text)
    USB_DirCtrlEP                            0x000044cd   Thumb Code     2  usbhw.o(.text)
    USB_EnableEP                             0x000044cf   Thumb Code    20  usbhw.o(.text)
    USB_DisableEP                            0x000044e3   Thumb Code    20  usbhw.o(.text)
    USB_ResetEP                              0x000044f7   Thumb Code    20  usbhw.o(.text)
    USB_SetStallEP                           0x0000450b   Thumb Code    20  usbhw.o(.text)
    USB_ClrStallEP                           0x0000451f   Thumb Code    20  usbhw.o(.text)
    USB_ClearEPBuf                           0x00004533   Thumb Code     4  usbhw.o(.text)
    USB_ReadEP                               0x00004537   Thumb Code    84  usbhw.o(.text)
    __SWI_8                                  0x0000458b   Thumb Code    62  usbhw.o(.text)
    USB_GetFrame                             0x000045c9   Thumb Code    30  usbhw.o(.text)
    USB_ISR                                  0x00004644   ARM Code     300  usbhw.o(.text)
    __aeabi_memcpy                           0x00004781   Thumb Code    36  memcpya.o(.text)
    __aeabi_memcpy4                          0x00004781   Thumb Code     0  memcpya.o(.text)
    __aeabi_memcpy8                          0x00004781   Thumb Code     0  memcpya.o(.text)
    __aeabi_memset                           0x000047a5   Thumb Code    16  memseta.o(.text)
    __aeabi_memset4                          0x000047a5   Thumb Code     0  memseta.o(.text)
    __aeabi_memset8                          0x000047a5   Thumb Code     0  memseta.o(.text)
    __aeabi_memclr                           0x000047b5   Thumb Code     4  memseta.o(.text)
    __aeabi_memclr4                          0x000047b5   Thumb Code     0  memseta.o(.text)
    __aeabi_memclr8                          0x000047b5   Thumb Code     0  memseta.o(.text)
    _memset$wrapper                          0x000047b9   Thumb Code    24  memseta.o(.text)
    __aeabi_uread4                           0x000047d1   Thumb Code    18  uread4.o(.text)
    __rt_uread4                              0x000047d1   Thumb Code     0  uread4.o(.text)
    _uread4                                  0x000047d1   Thumb Code     0  uread4.o(.text)
    __aeabi_uwrite4                          0x000047e3   Thumb Code    18  uwrite4.o(.text)
    __rt_uwrite4                             0x000047e3   Thumb Code     0  uwrite4.o(.text)
    _uwrite4                                 0x000047e3   Thumb Code     0  uwrite4.o(.text)
    __aeabi_uidiv                            0x000047f5   Thumb Code     0  uidiv.o(.text)
    __aeabi_uidivmod                         0x000047f5   Thumb Code    46  uidiv.o(.text)
    Inline ARM to Thumb Veneer to __scatterload 0x00004824   ARM Code       8  init.o(.text)
    __scatterload                            0x0000482d   Thumb Code    24  init.o(.text)
    __scatterload_rt2                        0x0000482d   Thumb Code     0  init.o(.text)
    SWI_Handler                              0x0000484c   ARM Code       0  swi.o(SWI_Area)
    Long ARM to Thumb Veneer to RdCmdDat     0x000048c0   ARM Code      12  anon$$obj.o(Veneer$$Code)
    Long ARM to Thumb Veneer to USB_Reset    0x000048cc   ARM Code      12  anon$$obj.o(Veneer$$Code)
    Long ARM to Thumb Veneer to USB_Suspend  0x000048d8   ARM Code      12  anon$$obj.o(Veneer$$Code)
    Long ARM to Thumb Veneer to USB_Resume   0x000048e4   ARM Code      12  anon$$obj.o(Veneer$$Code)
    Long ARM to Thumb Veneer to USB_SOF_Event 0x000048f0   ARM Code      12  anon$$obj.o(Veneer$$Code)
    Short Thumb to ARM Veneer to __main_after_scatterload 0x000048fd   Thumb Code     8  anon$$obj.o(Veneer$$Code)
    USB_ReqGetDescriptor                     0x00004905   Thumb Code   136  usbcore.o(i.USB_ReqGetDescriptor)
    USB_ReqGetStatus                         0x0000499d   Thumb Code   120  usbcore.o(i.USB_ReqGetStatus)
    USB_ReqSetClrFeature                     0x00004a1d   Thumb Code   150  usbcore.o(i.USB_ReqSetClrFeature)
    USB_ReqSetConfiguration                  0x00004abd   Thumb Code   330  usbcore.o(i.USB_ReqSetConfiguration)
    USB_ReqSetInterface                      0x00004c15   Thumb Code   260  usbcore.o(i.USB_ReqSetInterface)
    __0printf$1                              0x00004d21   Thumb Code    24  printf1.o(i.__0printf$1)
    __1printf$1                              0x00004d21   Thumb Code     0  printf1.o(i.__0printf$1)
    __2printf                                0x00004d21   Thumb Code     0  printf1.o(i.__0printf$1)
    __ARM_common_call_via_r2                 0x00004d41   Thumb Code     2  printf1.o(i.__ARM_common_call_via_r2)
    __ARM_common_call_via_r3                 0x00004d43   Thumb Code     2  init.o(i.__ARM_common_call_via_r3)
    Inline Thumb to ARM Veneer to __ARM_common_switch8 0x00004d45   Thumb Code     4  com.o(i.__ARM_common_switch8)
    __ARM_common_switch8                     0x00004d48   ARM Code      24  com.o(i.__ARM_common_switch8)
    __scatterload_copy                       0x00004d60   ARM Code      24  handlers.o(i.__scatterload_copy)
    __scatterload_null                       0x00004d78   ARM Code       4  handlers.o(i.__scatterload_null)
    __scatterload_zeroinit                   0x00004d7c   ARM Code      24  handlers.o(i.__scatterload_zeroinit)
    dynamixel_actionCommand                  0x00004ee8   Data           6  dynamixel.o(.constdata)
    com_keepAliveMessage                     0x00004ef0   Data           3  com.o(.constdata)
    USB_P_EP                                 0x00004f00   Data          64  usbuser.o(.constdata)
    USB_DeviceDescriptor                     0x00004f40   Data          18  usbdesc.o(.constdata)
    USB_ConfigDescriptor                     0x00004f52   Data          68  usbdesc.o(.constdata)
    USB_StringDescriptor                     0x00004f96   Data          84  usbdesc.o(.constdata)
    Region$$Table$$Base                      0x00004fec   Number         0  anon$$obj.o(Region$$Table)
    Region$$Table$$Limit                     0x0000500c   Number         0  anon$$obj.o(Region$$Table)
    io_sw0_triggered                         0x40000100   Data           1  io.o(.data)
    io_sw1_triggered                         0x40000101   Data           1  io.o(.data)
    __stdout                                 0x40000104   Data           4  retarget.o(.data)
    rx64_error                               0x40000108   Data           1  rx64.o(.data)
    rx64_rindex                              0x40000109   Data           1  rx64.o(.data)
    rx64_statusReceived                      0x4000010a   Data           1  rx64.o(.data)
    rx64_rMessageLength                      0x4000010b   Data           1  rx64.o(.data)
    rx64_rchar                               0x4000010c   Data           1  rx64.o(.data)
    rx64_tindex                              0x4000010d   Data           1  rx64.o(.data)
    rx64_tMessageLength                      0x4000010e   Data           1  rx64.o(.data)
    rx28_error                               0x4000010f   Data           1  rx28.o(.data)
    rx28_rindex                              0x40000110   Data           1  rx28.o(.data)
    rx28_statusReceived                      0x40000111   Data           1  rx28.o(.data)
    rx28_rMessageLength                      0x40000112   Data           1  rx28.o(.data)
    rx28_rchar                               0x40000113   Data           1  rx28.o(.data)
    rx28_tindex                              0x40000114   Data           1  rx28.o(.data)
    rx28_tMessageLength                      0x40000115   Data           1  rx28.o(.data)
    dynamixel_autoUpdateEnabled              0x40000116   Data           1  dynamixel.o(.data)
    dynamixel_torqueEnabled                  0x40000117   Data           1  dynamixel.o(.data)
    com_new_SetAllPositions_message          0x40000118   Data           1  com.o(.data)
    com_errorMessage                         0x40000119   Data           4  com.o(.data)
    com_statusReceiveTimeoutMessage          0x4000011d   Data           4  com.o(.data)
    com_enableMotorsMessage                  0x40000121   Data           4  com.o(.data)
    com_storePositionMessage                 0x40000125   Data          21  com.o(.data)
    com_detectedServosMessage                0x4000013a   Data          12  com.o(.data)
    com_statusBuffer                         0x40000146   Data          32  com.o(.data)
    com_AllServoPositions_message            0x40000166   Data          48  com.o(.data)
    com_AllAxesLimits_message                0x40000196   Data          39  com.o(.data)
    com_Info_message                         0x400001bd   Data          15  com.o(.data)
    rx10_error                               0x400001cc   Data           1  rx10.o(.data)
    rx10_rindex                              0x400001cd   Data           1  rx10.o(.data)
    rx10_statusReceived                      0x400001ce   Data           1  rx10.o(.data)
    rx10_rMessageLength                      0x400001cf   Data           1  rx10.o(.data)
    rx10_rchar                               0x400001d0   Data           1  rx10.o(.data)
    rx10_tindex                              0x400001d1   Data           1  rx10.o(.data)
    rx10_tMessageLength                      0x400001d2   Data           1  rx10.o(.data)
    CDC_SerialState                          0x400001d6   Data           2  cdcuser.o(.data)
    CDC_DepInEmpty                           0x400001d8   Data           2  cdcuser.o(.data)
    CDC_DepOutPending                        0x400001da   Data           2  cdcuser.o(.data)
    CDC_LineCoding                           0x400001dc   Data           7  cdcuser.o(.data)
    USB_DeviceAddress                        0x400001e4   Data           1  usbcore.o(.data)
    USB_Configuration                        0x400001e5   Data           1  usbcore.o(.data)
    USB_NumInterfaces                        0x400001e6   Data           1  usbcore.o(.data)
    USB_DeviceStatus                         0x400001e8   Data           2  usbcore.o(.data)
    USB_EndPointMask                         0x400001ec   Data           4  usbcore.o(.data)
    USB_EndPointHalt                         0x400001f0   Data           4  usbcore.o(.data)
    USB_EndPointStall                        0x400001f4   Data           4  usbcore.o(.data)
    USB_AltSetting                           0x400001f8   Data           4  usbcore.o(.data)
    EP0Data                                  0x400001fc   Data           8  usbcore.o(.data)
    SetupPacket                              0x40000204   Data           8  usbcore.o(.data)
    rx64_rbuf                                0x4000020c   Data          16  rx64.o(.bss)
    rx64_tbuf                                0x4000021c   Data          16  rx64.o(.bss)
    milliTimer_ref                           0x4000022c   Data          36  timer.o(.bss)
    rx28_rbuf                                0x40000250   Data          16  rx28.o(.bss)
    rx28_tbuf                                0x40000260   Data          16  rx28.o(.bss)
    dynamixel_servos                         0x40000270   Data         135  dynamixel.o(.bss)
    com_current_SetAllPositions_message      0x400002f7   Data          39  com.o(.bss)
    rx10_rbuf                                0x40000348   Data          16  rx10.o(.bss)
    rx10_tbuf                                0x40000358   Data          16  rx10.o(.bss)
    BulkBufOut                               0x40000368   Data          64  cdcuser.o(.bss)
    NotificationBuf                          0x400003a8   Data          10  cdcuser.o(.bss)
    CDC_OutBuf                               0x400003b4   Data         136  cdcuser.o(.bss)
    EP0Buf                                   0x4000043c   Data          64  usbcore.o(.bss)
    __initial_sp                             0x40000880   Data         320  lpc2300.o(STACK)



==============================================================================

Memory Map of the image

  Image Entry point : 0x00002194

  Load Region LR_IROM1 (Base: 0x00002000, Size: 0x00003118, Max: 0x0007e000, ABSOLUTE)

    Execution Region ER_IROM1 (Base: 0x00002000, Size: 0x0000300c, Max: 0x0007e000, ABSOLUTE)

    Base Addr    Size         Type   Attr      Idx    E Section Name        Object

    0x00002000   0x00000194   Code   RO          515    RESET               lpc2300.o
    0x00002194   0x00000000   Code   RO          518  * .ARM.Collect$$$$00000000  entry.o(mc_t.l)
    0x00002194   0x00000004   Code   RO          796    .ARM.Collect$$$$00000001  entry2.o(mc_t.l)
    0x00002198   0x00000004   Code   RO          798    .ARM.Collect$$$$00000004  entry5.o(mc_t.l)
    0x0000219c   0x0000000c   Code   RO          799    .ARM.Collect$$$$00000007  entry7.o(mc_t.l)
    0x000021a8   0x00000004   Code   RO          797    .ARM.Collect$$$$00002712  entry2.o(mc_t.l)
    0x000021ac   0x00000154   Code   RO            1    .text               main.o
    0x00002300   0x000000fc   Code   RO           53    .text               spi.o
    0x000023fc   0x00000078   Code   RO           70    .text               io.o
    0x00002474   0x00000240   Code   RO           71    .text               io.o
    0x000026b4   0x00000198   Code   RO           98    .text               eeprom.o
    0x0000284c   0x0000004c   Code   RO          120    .text               serial.o
    0x00002898   0x0000001c   Code   RO          135    .text               retarget.o
    0x000028b4   0x00000008   Ven    RO          157    .text               rx64.o
    0x000028bc   0x00000190   Code   RO          157    .text               rx64.o
    0x00002a4c   0x0000011c   Code   RO          158    .text               rx64.o
    0x00002b68   0x000000ec   Code   RO          190    .text               timer.o
    0x00002c54   0x00000008   Ven    RO          209    .text               rx28.o
    0x00002c5c   0x0000018c   Code   RO          209    .text               rx28.o
    0x00002de8   0x0000011c   Code   RO          210    .text               rx28.o
    0x00002f04   0x000007ac   Code   RO          235    .text               dynamixel.o
    0x000036b0   0x00000550   Code   RO          271    .text               com.o
    0x00003c00   0x00000008   Ven    RO          320    .text               rx10.o
    0x00003c08   0x00000180   Code   RO          320    .text               rx10.o
    0x00003d88   0x00000114   Code   RO          321    .text               rx10.o
    0x00003e9c   0x00000008   Ven    RO          346    .text               usbuser.o
    0x00003ea4   0x00000064   Code   RO          346    .text               usbuser.o
    0x00003f08   0x0000019c   Code   RO          378    .text               cdcuser.o
    0x000040a4   0x00000264   Code   RO          402    .text               usbcore.o
    0x00004308   0x00000008   Ven    RO          487    .text               usbhw.o
    0x00004310   0x00000334   Code   RO          487    .text               usbhw.o
    0x00004644   0x0000013c   Code   RO          488    .text               usbhw.o
    0x00004780   0x00000024   Code   RO          521    .text               memcpya.o(mc_t.l)
    0x000047a4   0x0000002c   Code   RO          523    .text               memseta.o(mc_t.l)
    0x000047d0   0x00000012   Code   RO          792    .text               uread4.o(mc_t.l)
    0x000047e2   0x00000012   Code   RO          794    .text               uwrite4.o(mc_t.l)
    0x000047f4   0x0000002e   Code   RO          800    .text               uidiv.o(mc_t.l)
    0x00004822   0x00000002   PAD
    0x00004824   0x00000008   Ven    RO          815    .text               init.o(mc_t.l)
    0x0000482c   0x00000020   Code   RO          815    .text               init.o(mc_t.l)
    0x0000484c   0x00000074   Code   RO          509    SWI_Area            swi.o
    0x000048c0   0x0000000c   Ven    RO          840    Veneer$$Code        anon$$obj.o
    0x000048cc   0x0000000c   Ven    RO          841    Veneer$$Code        anon$$obj.o
    0x000048d8   0x0000000c   Ven    RO          842    Veneer$$Code        anon$$obj.o
    0x000048e4   0x0000000c   Ven    RO          843    Veneer$$Code        anon$$obj.o
    0x000048f0   0x0000000c   Ven    RO          844    Veneer$$Code        anon$$obj.o
    0x000048fc   0x00000008   Ven    RO          845    Veneer$$Code        anon$$obj.o
    0x00004904   0x00000098   Code   RO          438    i.USB_ReqGetDescriptor  usbcore.o
    0x0000499c   0x00000080   Code   RO          433    i.USB_ReqGetStatus  usbcore.o
    0x00004a1c   0x000000a0   Code   RO          415    i.USB_ReqSetClrFeature  usbcore.o
    0x00004abc   0x00000158   Code   RO          421    i.USB_ReqSetConfiguration  usbcore.o
    0x00004c14   0x0000010c   Code   RO          427    i.USB_ReqSetInterface  usbcore.o
    0x00004d20   0x00000020   Code   RO          574    i.__0printf$1       printf1.o(mc_t.l)
    0x00004d40   0x00000002   Code   RO          595    i.__ARM_common_call_via_r2  printf1.o(mc_t.l)
    0x00004d42   0x00000002   Code   RO          817    i.__ARM_common_call_via_r3  init.o(mc_t.l)
    0x00004d44   0x00000004   Ven    RO          285    i.__ARM_common_switch8  com.o
    0x00004d48   0x00000018   Code   RO          285    i.__ARM_common_switch8  com.o
    0x00004d60   0x00000018   Code   RO          827    i.__scatterload_copy  handlers.o(mc_t.l)
    0x00004d78   0x00000004   Code   RO          828    i.__scatterload_null  handlers.o(mc_t.l)
    0x00004d7c   0x00000018   Code   RO          829    i.__scatterload_zeroinit  handlers.o(mc_t.l)
    0x00004d94   0x00000154   Code   RO          581    i._printf_core      printf1.o(mc_t.l)
    0x00004ee8   0x00000006   Data   RO          237    .constdata          dynamixel.o
    0x00004eee   0x00000002   PAD
    0x00004ef0   0x00000010   Data   RO          273    .constdata          com.o
    0x00004f00   0x00000040   Data   RO          347    .constdata          usbuser.o
    0x00004f40   0x00000012   Data   RO          473    .constdata          usbdesc.o
    0x00004f52   0x00000044   Data   RO          474    .constdata          usbdesc.o
    0x00004f96   0x00000054   Data   RO          475    .constdata          usbdesc.o
    0x00004fea   0x00000002   PAD
    0x00004fec   0x00000020   Data   RO          825    Region$$Table       anon$$obj.o


    Execution Region RW_IRAM1 (Base: 0x40000100, Size: 0x000008c0, Max: 0x0000ff00, ABSOLUTE)

    Base Addr    Size         Type   Attr      Idx    E Section Name        Object

    0x40000100   0x00000002   Data   RW           72    .data               io.o
    0x40000102   0x00000002   PAD
    0x40000104   0x00000004   Data   RW          136    .data               retarget.o
    0x40000108   0x00000007   Data   RW          160    .data               rx64.o
    0x4000010f   0x00000007   Data   RW          212    .data               rx28.o
    0x40000116   0x00000002   Data   RW          238    .data               dynamixel.o
    0x40000118   0x000000b4   Data   RW          274    .data               com.o
    0x400001cc   0x00000007   Data   RW          323    .data               rx10.o
    0x400001d3   0x00000001   PAD
    0x400001d4   0x00000002   Data   RW          348    .data               usbuser.o
    0x400001d6   0x0000000d   Data   RW          381    .data               cdcuser.o
    0x400001e3   0x00000001   PAD
    0x400001e4   0x00000028   Data   RW          404    .data               usbcore.o
    0x4000020c   0x00000020   Zero   RW          159    .bss                rx64.o
    0x4000022c   0x00000024   Zero   RW          191    .bss                timer.o
    0x40000250   0x00000020   Zero   RW          211    .bss                rx28.o
    0x40000270   0x00000087   Zero   RW          236    .bss                dynamixel.o
    0x400002f7   0x00000051   Zero   RW          272    .bss                com.o
    0x40000348   0x00000020   Zero   RW          322    .bss                rx10.o
    0x40000368   0x000000d4   Zero   RW          380    .bss                cdcuser.o
    0x4000043c   0x00000040   Zero   RW          403    .bss                usbcore.o
    0x4000047c   0x00000004   PAD
    0x40000480   0x00000540   Zero   RW          513    STACK               lpc2300.o


==============================================================================

Image component sizes


      Code (inc. data)   RO Data    RW Data    ZI Data      Debug   Object Name

       412         12          0         13        212       9688   cdcuser.o
      1384        354         16        180         81       7418   com.o
      1964        236          6          2        135       7069   dynamixel.o
       408          0          0          0          0       6740   eeprom.o
       696        142          0          2          0       3653   io.o
       404         56          0          0       1344        320   lpc2300.o
       340        124          0          0          0       5079   main.o
        28          0          0          4          0       2560   retarget.o
       660         54          0          7         32       3615   rx10.o
       680         60          0          7         32       3623   rx28.o
       684         62          0          7         32       3631   rx64.o
        76         10          0          0          0        698   serial.o
       252         16          0          0          0       2222   spi.o
       116         40          0          0          0        232   swi.o
       236         18          0          0         36       4181   timer.o
      1664         92          0         40         64       9373   usbcore.o
         0          0        170          0          0        673   usbdesc.o
      1136        110          0          0          0       6271   usbhw.o
       100          4         64          2          0       8423   usbuser.o

    ----------------------------------------------------------------------
     11352       1410        292        268       1972      85469   Object Totals
       112         20         32          0          0          0   (incl. Generated)
         0          0          4          4          4          1   (incl. Padding)

    ----------------------------------------------------------------------

      Code (inc. data)   RO Data    RW Data    ZI Data      Debug   Library Member Name

         0          0          0          0          0          0   entry.o
         8          4          0          0          0          0   entry2.o
         4          0          0          0          0          0   entry5.o
        12          4          0          0          0          0   entry7.o
        52          0          0          0          0          0   handlers.o
        42          8          0          0          0        136   init.o
        36          0          0          0          0         60   memcpya.o
        44          0          0          0          0        108   memseta.o
       374         14          0          0          0        240   printf1.o
        46          0          0          0          0         72   uidiv.o
        18          0          0          0          0         60   uread4.o
        18          0          0          0          0         60   uwrite4.o

    ----------------------------------------------------------------------
       656         30          0          0          0        736   Library Totals
         2          0          0          0          0          0   (incl. Padding)

    ----------------------------------------------------------------------

      Code (inc. data)   RO Data    RW Data    ZI Data      Debug   Library Name

       654         30          0          0          0        736   mc_t.l

    ----------------------------------------------------------------------
       656         30          0          0          0        736   Library Totals

    ----------------------------------------------------------------------

==============================================================================


      Code (inc. data)   RO Data    RW Data    ZI Data      Debug   

     12008       1440        292        268       1972      84024   Grand Totals
     12008       1440        292        268       1972      84024   ELF Image Totals
     12008       1440        292        268          0          0   ROM Totals

==============================================================================

    Total RO  Size (Code + RO Data)                12300 (  12.01kB)
    Total RW  Size (RW Data + ZI Data)              2240 (   2.19kB)
    Total ROM Size (Code + RO Data + RW Data)      12568 (  12.27kB)

==============================================================================

